Archive member included to satisfy reference by file (symbol)

/Applications/ArmGNUToolchain/15.2.rel1/arm-none-eabi/bin/../lib/gcc/arm-none-eabi/15.2.1/thumb/v6-m/nofp/libgcc.a(_dvmd_tls.o)
                              CMakeFiles/enigma.dir/pico-sdk/src/rp2_common/pico_divider/divider_hardware.S.o (__aeabi_idiv0)
/Applications/ArmGNUToolchain/15.2.rel1/arm-none-eabi/bin/../lib/gcc/arm-none-eabi/15.2.1/../../../../arm-none-eabi/lib/thumb/v6-m/nofp/libg.a(libc_a-ctype_.o)
                              CMakeFiles/enigma.dir/Enigma2.0/src/functions.c.o (_ctype_)
/Applications/ArmGNUToolchain/15.2.rel1/arm-none-eabi/bin/../lib/gcc/arm-none-eabi/15.2.1/../../../../arm-none-eabi/lib/thumb/v6-m/nofp/libg.a(libc_a-calloc.o)
                              CMakeFiles/enigma.dir/pico-sdk/src/rp2_common/pico_malloc/malloc.c.o (calloc)
/Applications/ArmGNUToolchain/15.2.rel1/arm-none-eabi/bin/../lib/gcc/arm-none-eabi/15.2.1/../../../../arm-none-eabi/lib/thumb/v6-m/nofp/libg.a(libc_a-callocr.o)
                              /Applications/ArmGNUToolchain/15.2.rel1/arm-none-eabi/bin/../lib/gcc/arm-none-eabi/15.2.1/../../../../arm-none-eabi/lib/thumb/v6-m/nofp/libg.a(libc_a-calloc.o) (_calloc_r)
/Applications/ArmGNUToolchain/15.2.rel1/arm-none-eabi/bin/../lib/gcc/arm-none-eabi/15.2.1/../../../../arm-none-eabi/lib/thumb/v6-m/nofp/libg.a(libc_a-malloc.o)
                              CMakeFiles/enigma.dir/pico-sdk/src/rp2_common/pico_malloc/malloc.c.o (malloc)
/Applications/ArmGNUToolchain/15.2.rel1/arm-none-eabi/bin/../lib/gcc/arm-none-eabi/15.2.1/../../../../arm-none-eabi/lib/thumb/v6-m/nofp/libg.a(libc_a-mallocr.o)
                              /Applications/ArmGNUToolchain/15.2.rel1/arm-none-eabi/bin/../lib/gcc/arm-none-eabi/15.2.1/../../../../arm-none-eabi/lib/thumb/v6-m/nofp/libg.a(libc_a-callocr.o) (_malloc_r)
/Applications/ArmGNUToolchain/15.2.rel1/arm-none-eabi/bin/../lib/gcc/arm-none-eabi/15.2.1/../../../../arm-none-eabi/lib/thumb/v6-m/nofp/libg.a(libc_a-mlock.o)
                              /Applications/ArmGNUToolchain/15.2.rel1/arm-none-eabi/bin/../lib/gcc/arm-none-eabi/15.2.1/../../../../arm-none-eabi/lib/thumb/v6-m/nofp/libg.a(libc_a-mallocr.o) (__malloc_lock)
/Applications/ArmGNUToolchain/15.2.rel1/arm-none-eabi/bin/../lib/gcc/arm-none-eabi/15.2.1/../../../../arm-none-eabi/lib/thumb/v6-m/nofp/libg.a(libc_a-realloc.o)
                              CMakeFiles/enigma.dir/pico-sdk/src/rp2_common/pico_malloc/malloc.c.o (realloc)
/Applications/ArmGNUToolchain/15.2.rel1/arm-none-eabi/bin/../lib/gcc/arm-none-eabi/15.2.1/../../../../arm-none-eabi/lib/thumb/v6-m/nofp/libg.a(libc_a-reallocr.o)
                              /Applications/ArmGNUToolchain/15.2.rel1/arm-none-eabi/bin/../lib/gcc/arm-none-eabi/15.2.1/../../../../arm-none-eabi/lib/thumb/v6-m/nofp/libg.a(libc_a-realloc.o) (_realloc_r)
/Applications/ArmGNUToolchain/15.2.rel1/arm-none-eabi/bin/../lib/gcc/arm-none-eabi/15.2.1/../../../../arm-none-eabi/lib/thumb/v6-m/nofp/libg.a(libc_a-scanf.o)
                              CMakeFiles/enigma.dir/Enigma2.0/src/plugboard.c.o (scanf)
/Applications/ArmGNUToolchain/15.2.rel1/arm-none-eabi/bin/../lib/gcc/arm-none-eabi/15.2.1/../../../../arm-none-eabi/lib/thumb/v6-m/nofp/libg.a(libc_a-fflush.o)
                              CMakeFiles/enigma.dir/Enigma2.0/src/main.c.o (fflush)
/Applications/ArmGNUToolchain/15.2.rel1/arm-none-eabi/bin/../lib/gcc/arm-none-eabi/15.2.1/../../../../arm-none-eabi/lib/thumb/v6-m/nofp/libg.a(libc_a-setvbuf.o)
                              CMakeFiles/enigma.dir/Enigma2.0/src/main.c.o (setvbuf)
/Applications/ArmGNUToolchain/15.2.rel1/arm-none-eabi/bin/../lib/gcc/arm-none-eabi/15.2.1/../../../../arm-none-eabi/lib/thumb/v6-m/nofp/libg.a(libc_a-sscanf.o)
                              CMakeFiles/enigma.dir/Enigma2.0/src/main.c.o (sscanf)
/Applications/ArmGNUToolchain/15.2.rel1/arm-none-eabi/bin/../lib/gcc/arm-none-eabi/15.2.1/../../../../arm-none-eabi/lib/thumb/v6-m/nofp/libg.a(libc_a-stdio.o)
                              /Applications/ArmGNUToolchain/15.2.rel1/arm-none-eabi/bin/../lib/gcc/arm-none-eabi/15.2.1/../../../../arm-none-eabi/lib/thumb/v6-m/nofp/libg.a(libc_a-sscanf.o) (__seofread)
/Applications/ArmGNUToolchain/15.2.rel1/arm-none-eabi/bin/../lib/gcc/arm-none-eabi/15.2.1/../../../../arm-none-eabi/lib/thumb/v6-m/nofp/libg.a(libc_a-fgets.o)
                              CMakeFiles/enigma.dir/Enigma2.0/src/main.c.o (fgets)
/Applications/ArmGNUToolchain/15.2.rel1/arm-none-eabi/bin/../lib/gcc/arm-none-eabi/15.2.1/../../../../arm-none-eabi/lib/thumb/v6-m/nofp/libg.a(libc_a-findfp.o)
                              /Applications/ArmGNUToolchain/15.2.rel1/arm-none-eabi/bin/../lib/gcc/arm-none-eabi/15.2.1/../../../../arm-none-eabi/lib/thumb/v6-m/nofp/libg.a(libc_a-fflush.o) (__sglue)
/Applications/ArmGNUToolchain/15.2.rel1/arm-none-eabi/bin/../lib/gcc/arm-none-eabi/15.2.1/../../../../arm-none-eabi/lib/thumb/v6-m/nofp/libg.a(libc_a-memcmp.o)
[...]
Memory Configuration

Name             Origin             Length             Attributes
FLASH            0x10000000         0x00200000         xr
RAM              0x20000000         0x00040000         xrw
SCRATCH_X        0x20040000         0x00001000         xrw
SCRATCH_Y        0x20041000         0x00001000         xrw
*default*        0x00000000         0xffffffff

Linker script and memory map

LOAD /Applications/ArmGNUToolchain/15.2.rel1/arm-none-eabi/bin/../lib/gcc/arm-none-eabi/15.2.1/thumb/v6-m/nofp/crti.o
LOAD /Applications/ArmGNUToolchain/15.2.rel1/arm-none-eabi/bin/../lib/gcc/arm-none-eabi/15.2.1/thumb/v6-m/nofp/crtbegin.o
LOAD /Applications/ArmGNUToolchain/15.2.rel1/arm-none-eabi/bin/../lib/gcc/arm-none-eabi/15.2.1/../../../../arm-none-eabi/lib/thumb/v6-m/nofp/crt0.o

.flash_begin    0x10000000        0x0
                0x10000000                        __flash_binary_start = .

.boot2          0x10000000      0x100
                0x10000000                        __boot2_start__ = .
 *(.boot2)
 .boot2         0x10000000      0x100 pico-sdk/src/rp2040/boot_stage2/CMakeFiles/bs2_default_library.dir/bs2_default_padded_checksummed.S.o
                0x10000100                        __boot2_end__ = .
                0x00000001                        ASSERT (((__boot2_end__ - __boot2_start__) == 0x100), ERROR: Pico second stage bootloader must be 256 bytes in size)

.text           0x10000100     0xf834
                0x10000100                        __logical_binary_start = .
 *(.vectors)
 .vectors       0x10000100       0xd4 CMakeFiles/enigma.dir/pico-sdk/src/rp2_common/pico_crt0/crt0.S.o
                0x10000100                __VECTOR_TABLE
                0x10000100                __vectors
                0x100001c0                isr_irq13
                0x100001c0                isr_irq27
                0x100001c0                isr_irq31
                0x100001c0                isr_irq5
                0x100001c0                isr_irq11
                0x100001c0                isr_irq23
                0x100001c0                isr_irq18
                0x100001c0                isr_irq9
                0x100001c0                __unhandled_user_irq
                0x100001c0                isr_irq25
                0x100001c0                isr_irq4
                0x100001c0                isr_irq16
                0x100001c0                isr_irq29
                0x100001c0                isr_irq26
                0x100001c0                isr_irq3
                0x100001c0                isr_irq12
                0x100001c0                isr_irq30
                0x100001c0                isr_irq28
                0x100001c0                isr_irq19
                0x100001c0                isr_irq0
                0x100001c0                isr_irq6
                0x100001c0                isr_irq22
                0x100001c0                isr_irq17
                0x100001c0                isr_irq14
                0x100001c0                __vectors_end
                0x100001c0                __default_isrs_start
                0x100001c0                isr_irq2
                0x100001c0                isr_irq10
                0x100001c0                isr_irq8
                0x100001c0                isr_irq24
                0x100001c0                isr_irq1
                0x100001c0                isr_irq7
                0x100001c0                isr_irq21
                0x100001c0                isr_irq20
                0x100001c0                isr_irq15
                0x100001c6                unhandled_user_irq_num_in_r0
                0x100001c8                isr_invalid
                0x100001ca                isr_nmi
                0x100001cc                isr_hardfault
                0x100001ce                isr_svcall
                0x100001d0                isr_pendsv
                0x100001d2                isr_systick
                0x100001d4                __default_isrs_end
 *(.binary_info_header)
 .binary_info_header
                0x100001d4       0x14 CMakeFiles/enigma.dir/pico-sdk/src/rp2_common/pico_crt0/crt0.S.o
                0x100001e8                        __binary_info_header_end = .
 *(.embedded_block)
                0x100001e8                        __embedded_block_end = .
 *(.reset)
 .reset         0x100001e8       0x9c CMakeFiles/enigma.dir/pico-sdk/src/rp2_common/pico_crt0/crt0.S.o
                0x100001e8                _entry_point
 *(.init)
 .init          0x10000284        0x4 /Applications/ArmGNUToolchain/15.2.rel1/arm-none-eabi/bin/../lib/gcc/arm-none-eabi/15.2.1/thumb/v6-m/nofp/crti.o
                0x10000284                _init
 *(EXCLUDE_FILE(*libm.a: *libc.a:*lib_a-mem*.o *libgcc.a:) .text*)
 .text.register_tm_clones
                0x10000288       0x28 /Applications/ArmGNUToolchain/15.2.rel1/arm-none-eabi/bin/../lib/gcc/arm-none-eabi/15.2.1/thumb/v6-m/nofp/crtbegin.o
 .text.frame_dummy
                0x100002b0       0x24 /Applications/ArmGNUToolchain/15.2.rel1/arm-none-eabi/bin/../lib/gcc/arm-none-eabi/15.2.1/thumb/v6-m/nofp/crtbegin.o
 .text.startup.main
                0x100002d4      0x350 CMakeFiles/enigma.dir/Enigma2.0/src/main.c.o
                0x100002d4                main
 .text.clean_input
                0x10000624       0x40 CMakeFiles/enigma.dir/Enigma2.0/src/functions.c.o
                0x10000624                clean_input
 .text.process_message
                0x10000664       0x58 CMakeFiles/enigma.dir/Enigma2.0/src/functions.c.o
                0x10000664                process_message
 .text.get_menu_choice
                0x100006bc       0x60 CMakeFiles/enigma.dir/Enigma2.0/src/functions.c.o
                0x100006bc                get_menu_choice
 .text.confirm  0x1000071c        0xc CMakeFiles/enigma.dir/Enigma2.0/src/functions.c.o
                0x1000071c                confirm
 .text.reset_rotors
                0x10000728       0x14 CMakeFiles/enigma.dir/Enigma2.0/src/functions.c.o
                0x10000728                reset_rotors
 .text.setup_leds
                0x1000073c       0x10 CMakeFiles/enigma.dir/Enigma2.0/src/functions.c.o
                0x1000073c                setup_leds
 .text.set_rotor_order
                0x1000074c       0x20 CMakeFiles/enigma.dir/Enigma2.0/src/functions.c.o
                0x1000074c                set_rotor_order
 .text.set_ring_settings
                0x1000076c       0x20 CMakeFiles/enigma.dir/Enigma2.0/src/functions.c.o
                0x1000076c                set_ring_settings
 .text.load_config
                0x1000078c       0x10 CMakeFiles/enigma.dir/Enigma2.0/src/functions.c.o
                0x1000078c                load_config
 .text.save_config
                0x1000079c       0x10 CMakeFiles/enigma.dir/Enigma2.0/src/functions.c.o
                0x1000079c                save_config
 .text.reset_plugboard
                0x100007ac       0x14 CMakeFiles/enigma.dir/Enigma2.0/src/plugboard.c.o
                0x100007ac                reset_plugboard
 .text.set_plugboard
                0x100007c0       0xac CMakeFiles/enigma.dir/Enigma2.0/src/plugboard.c.o
                0x100007c0                set_plugboard
 .text.plugboard_get_mapping
                0x1000086c       0x10 CMakeFiles/enigma.dir/Enigma2.0/src/plugboard.c.o
                0x1000086c                plugboard_get_mapping
 .text.greet_user
                0x1000087c       0x10 CMakeFiles/enigma.dir/Enigma2.0/src/ui_functions.c.o
                0x1000087c                greet_user
 .text.print_banners
                0x1000088c       0x40 CMakeFiles/enigma.dir/Enigma2.0/src/ui_functions.c.o
                0x1000088c                print_banners
 .text.print_menu
                0x100008cc       0x60 CMakeFiles/enigma.dir/Enigma2.0/src/ui_functions.c.o
                0x100008cc                print_menu
 .text.rotors_init
                0x1000092c       0x34 CMakeFiles/enigma.dir/Enigma2.0/src/rotors.c.o
                0x1000092c                rotors_init
 .text.rotors_set_order
                0x10000960       0x14 CMakeFiles/enigma.dir/Enigma2.0/src/rotors.c.o
                0x10000960                rotors_set_order
 .text.rotors_set_ring_settings
                0x10000974       0x14 CMakeFiles/enigma.dir/Enigma2.0/src/rotors.c.o
                0x10000974                rotors_set_ring_settings
 .text.rotors_step
                0x10000988       0x5c CMakeFiles/enigma.dir/Enigma2.0/src/rotors.c.o
                0x10000988                rotors_step
 .text.rotor_forward
                0x100009e4       0x58 CMakeFiles/enigma.dir/Enigma2.0/src/rotors.c.o
                0x100009e4                rotor_forward
 .text.rotor_backward
                0x10000a3c       0x6c CMakeFiles/enigma.dir/Enigma2.0/src/rotors.c.o
                0x10000a3c                rotor_backward
 .text.reflector_reflect
                0x10000aa8        0xc CMakeFiles/enigma.dir/Enigma2.0/src/rotors.c.o
                0x10000aa8                reflector_reflect
 .text.rp2040_chip_version
                0x10000ab4        0xc CMakeFiles/enigma.dir/pico-sdk/src/rp2040/pico_platform/platform.c.o
                0x10000ab4                rp2040_chip_version
 .text.panic    0x10000ac0       0x30 CMakeFiles/enigma.dir/pico-sdk/src/rp2_common/pico_platform_panic/panic.c.o
                0x10000ac0                panic
 .text.hw_claim_or_assert
                0x10000af0       0x50 CMakeFiles/enigma.dir/pico-sdk/src/common/hardware_claim/claim.c.o
                0x10000af0                hw_claim_or_assert
 .text.hw_claim_unused_from_range
                0x10000b40       0x88 CMakeFiles/enigma.dir/pico-sdk/src/common/hardware_claim/claim.c.o
                0x10000b40                hw_claim_unused_from_range
 .text.next_striped_spin_lock_num
                0x10000bc8       0x18 CMakeFiles/enigma.dir/pico-sdk/src/rp2_common/hardware_sync/sync.c.o
                0x10000bc8                next_striped_spin_lock_num
 .text.spin_lock_claim_unused
                0x10000be0       0x20 CMakeFiles/enigma.dir/pico-sdk/src/rp2_common/hardware_sync/sync.c.o
                0x10000be0                spin_lock_claim_unused
 .text.spin_locks_reset
                0x10000c00       0x1c CMakeFiles/enigma.dir/pico-sdk/src/rp2_common/hardware_sync_spin_lock/sync_spin_lock.c.o
                0x10000c00                spin_locks_reset
 .text.runtime_init_per_core_irq_priorities
                0x10000c1c       0x48 CMakeFiles/enigma.dir/pico-sdk/src/rp2_common/hardware_irq/irq.c.o
                0x10000c1c                runtime_init_per_core_irq_priorities
 .text.irq_set_enabled
                0x10000c64       0x24 CMakeFiles/enigma.dir/pico-sdk/src/rp2_common/hardware_irq/irq.c.o
                0x10000c64                irq_set_enabled
 .text.irq_is_enabled
                0x10000c88       0x18 CMakeFiles/enigma.dir/pico-sdk/src/rp2_common/hardware_irq/irq.c.o
                0x10000c88                irq_is_enabled
 .text.irq_set_pending
                0x10000ca0       0x10 CMakeFiles/enigma.dir/pico-sdk/src/rp2_common/hardware_irq/irq.c.o
                0x10000ca0                irq_set_pending
 .text.irq_has_shared_handler
                0x10000cb0       0x20 CMakeFiles/enigma.dir/pico-sdk/src/rp2_common/hardware_irq/irq.c.o
                0x10000cb0                irq_has_shared_handler
 .text.irq_set_exclusive_handler
                0x10000cd0       0x54 CMakeFiles/enigma.dir/pico-sdk/src/rp2_common/hardware_irq/irq.c.o
                0x10000cd0                irq_set_exclusive_handler
 .text.irq_add_shared_handler
                0x10000d24      0x1cc CMakeFiles/enigma.dir/pico-sdk/src/rp2_common/hardware_irq/irq.c.o
                0x10000d24                irq_add_shared_handler
 .text.irq_add_tail_to_free_list
                0x10000ef0       0xb4 CMakeFiles/enigma.dir/pico-sdk/src/rp2_common/hardware_irq/irq.c.o
                0x10000ef0                irq_add_tail_to_free_list
 .text.user_irq_claim_unused
                0x10000fa4       0x28 CMakeFiles/enigma.dir/pico-sdk/src/rp2_common/hardware_irq/irq.c.o
                0x10000fa4                user_irq_claim_unused
 .text.lock_init
                0x10000fcc       0x10 CMakeFiles/enigma.dir/pico-sdk/src/common/pico_sync/lock_core.c.o
                0x10000fcc                lock_init
 .text.runtime_init_mutex
                0x10000fdc       0x50 CMakeFiles/enigma.dir/pico-sdk/src/common/pico_sync/mutex.c.o
                0x10000fdc                runtime_init_mutex
 .text.mutex_init
                0x1000102c       0x1c CMakeFiles/enigma.dir/pico-sdk/src/common/pico_sync/mutex.c.o
                0x1000102c                mutex_init
 .text.critical_section_init
                0x10001048       0x1c CMakeFiles/enigma.dir/pico-sdk/src/common/pico_sync/critical_section.c.o
                0x10001048                critical_section_init
 .text.critical_section_init_with_lock_num
                0x10001064       0x14 CMakeFiles/enigma.dir/pico-sdk/src/common/pico_sync/critical_section.c.o
                0x10001064                critical_section_init_with_lock_num
 .text.sleep_until_callback
                0x10001078       0x30 CMakeFiles/enigma.dir/pico-sdk/src/common/pico_time/time.c.o
 .text.alarm_pool_irq_handler
                0x100010a8      0x2f4 CMakeFiles/enigma.dir/pico-sdk/src/common/pico_time/time.c.o
 .text.runtime_init_default_alarm_pool
                0x1000139c       0xd8 CMakeFiles/enigma.dir/pico-sdk/src/common/pico_time/time.c.o
                0x1000139c                runtime_init_default_alarm_pool
 .text.alarm_pool_get_default
                0x10001474        0x8 CMakeFiles/enigma.dir/pico-sdk/src/common/pico_time/time.c.o
                0x10001474                alarm_pool_get_default
 .text.alarm_pool_add_alarm_at
                0x1000147c       0xcc CMakeFiles/enigma.dir/pico-sdk/src/common/pico_time/time.c.o
                0x1000147c                alarm_pool_add_alarm_at
 .text.alarm_pool_add_alarm_at_force_in_context
                0x10001548       0xbc CMakeFiles/enigma.dir/pico-sdk/src/common/pico_time/time.c.o
                0x10001548                alarm_pool_add_alarm_at_force_in_context
 .text.alarm_pool_cancel_alarm
                0x10001604       0x74 CMakeFiles/enigma.dir/pico-sdk/src/common/pico_time/time.c.o
                0x10001604                alarm_pool_cancel_alarm
 .text.alarm_pool_core_num
                0x10001678        0x4 CMakeFiles/enigma.dir/pico-sdk/src/common/pico_time/time.c.o
                0x10001678                alarm_pool_core_num
 .text.sleep_ms
                0x1000167c       0xfc CMakeFiles/enigma.dir/pico-sdk/src/common/pico_time/time.c.o
                0x1000167c                sleep_ms
 .text.best_effort_wfe_or_timeout
                0x10001778      0x100 CMakeFiles/enigma.dir/pico-sdk/src/common/pico_time/time.c.o
                0x10001778                best_effort_wfe_or_timeout
 .text.timer_hardware_alarm_claim
                0x10001878       0x14 CMakeFiles/enigma.dir/pico-sdk/src/rp2_common/hardware_timer/timer.c.o
                0x10001878                timer_hardware_alarm_claim
 .text.timer_time_us_64
                0x1000188c       0x10 CMakeFiles/enigma.dir/pico-sdk/src/rp2_common/hardware_timer/timer.c.o
                0x1000188c                timer_time_us_64
 .text.time_us_64
                0x1000189c       0x14 CMakeFiles/enigma.dir/pico-sdk/src/rp2_common/hardware_timer/timer.c.o
                0x1000189c                time_us_64
 .text.busy_wait_us
                0x100018b0       0x6c CMakeFiles/enigma.dir/pico-sdk/src/rp2_common/hardware_timer/timer.c.o
                0x100018b0                busy_wait_us
 .text.busy_wait_until
                0x1000191c       0x20 CMakeFiles/enigma.dir/pico-sdk/src/rp2_common/hardware_timer/timer.c.o
                0x1000191c                busy_wait_until
 .text.clock_configure_int_divider
                0x1000193c       0xec CMakeFiles/enigma.dir/pico-sdk/src/rp2_common/hardware_clocks/clocks.c.o
                0x1000193c                clock_configure_int_divider
 .text.clock_configure_undivided
                0x10001a28       0xe0 CMakeFiles/enigma.dir/pico-sdk/src/rp2_common/hardware_clocks/clocks.c.o
                0x10001a28                clock_configure_undivided
 .text.clock_get_hz
                0x10001b08        0xc CMakeFiles/enigma.dir/pico-sdk/src/rp2_common/hardware_clocks/clocks.c.o
                0x10001b08                clock_get_hz
 .text.pll_init
                0x10001b14       0xb0 CMakeFiles/enigma.dir/pico-sdk/src/rp2_common/hardware_pll/pll.c.o
                0x10001b14                pll_init
 .text.watchdog_reboot
                0x10001bc4       0x9c CMakeFiles/enigma.dir/pico-sdk/src/rp2_common/hardware_watchdog/watchdog.c.o
                0x10001bc4                watchdog_reboot
 .text.tick_start
                0x10001c60       0x10 CMakeFiles/enigma.dir/pico-sdk/src/rp2_common/hardware_ticks/ticks.c.o
                0x10001c60                tick_start
 .text.rom_func_lookup
                0x10001c70       0x10 CMakeFiles/enigma.dir/pico-sdk/src/rp2_common/pico_bootrom/bootrom.c.o
                0x10001c70                rom_func_lookup
 .text.rom_data_lookup
                0x10001c80       0x10 CMakeFiles/enigma.dir/pico-sdk/src/rp2_common/pico_bootrom/bootrom.c.o
                0x10001c80                rom_data_lookup
 .text.rom_funcs_lookup
                0x10001c90       0x44 CMakeFiles/enigma.dir/pico-sdk/src/rp2_common/pico_bootrom/bootrom.c.o
                0x10001c90                rom_funcs_lookup
 .text.rom_reset_usb_boot_extra
                0x10001cd4       0x24 CMakeFiles/enigma.dir/pico-sdk/src/rp2_common/pico_bootrom/bootrom.c.o
                0x10001cd4                rom_reset_usb_boot_extra
 .text.xosc_init
                0x10001cf8       0x28 CMakeFiles/enigma.dir/pico-sdk/src/rp2_common/hardware_xosc/xosc.c.o
                0x10001cf8                xosc_init
 .text.first_per_core_initializer
                0x10001d20        0x4 CMakeFiles/enigma.dir/pico-sdk/src/rp2_common/pico_runtime/runtime.c.o
 .text.hard_assertion_failure
                0x10001d24        0xc CMakeFiles/enigma.dir/pico-sdk/src/rp2_common/pico_runtime/runtime.c.o
                0x10001d24                hard_assertion_failure
 .text.runtime_run_initializers
                0x10001d30       0x28 CMakeFiles/enigma.dir/pico-sdk/src/rp2_common/pico_runtime/runtime.c.o
                0x10001d30                runtime_run_initializers
 .text.runtime_init_early_resets
                0x10001d58       0x2c CMakeFiles/enigma.dir/pico-sdk/src/rp2_common/pico_runtime_init/runtime_init.c.o
                0x10001d58                runtime_init_early_resets
 .text.runtime_init_usb_power_down
                0x10001d84       0x1c CMakeFiles/enigma.dir/pico-sdk/src/rp2_common/pico_runtime_init/runtime_init.c.o
                0x10001d84                runtime_init_usb_power_down
 .text.runtime_init_post_clock_resets
                0x10001da0       0x20 CMakeFiles/enigma.dir/pico-sdk/src/rp2_common/pico_runtime_init/runtime_init.c.o
                0x10001da0                runtime_init_post_clock_resets
 .text.runtime_init_rp2040_gpio_ie_disable
                0x10001dc0       0x14 CMakeFiles/enigma.dir/pico-sdk/src/rp2_common/pico_runtime_init/runtime_init.c.o
                0x10001dc0                runtime_init_rp2040_gpio_ie_disable
 .text.runtime_init_spin_locks_reset
                0x10001dd4        0x8 CMakeFiles/enigma.dir/pico-sdk/src/rp2_common/pico_runtime_init/runtime_init.c.o
                0x10001dd4                runtime_init_spin_locks_reset
 .text.runtime_init_install_ram_vector_table
                0x10001ddc       0xb8 CMakeFiles/enigma.dir/pico-sdk/src/rp2_common/pico_runtime_init/runtime_init.c.o
                0x10001ddc                runtime_init_install_ram_vector_table
 .text.runtime_init_clocks
                0x10001e94       0xd8 CMakeFiles/enigma.dir/pico-sdk/src/rp2_common/pico_runtime_init/runtime_init_clocks.c.o
                0x10001e94                runtime_init_clocks
 .text          0x10001f6c       0x10 CMakeFiles/enigma.dir/pico-sdk/src/rp2_common/pico_bit_ops/bit_ops_aeabi.S.o
 .text.__wrap___aeabi_idiv
                0x10001f7c       0x50 CMakeFiles/enigma.dir/pico-sdk/src/rp2_common/pico_divider/divider_hardware.S.o
                0x10001f7c                __wrap___aeabi_idivmod
                0x10001f7c                divmod_s32s32
                0x10001f7c                div_s32s32
                0x10001f7c                __wrap___aeabi_idiv
                0x10001f84                divmod_s32s32_unsafe
                0x10001fb0                divmod_s32s32_savestate
 .text.__wrap___aeabi_uidiv
                0x10001fcc       0x4c CMakeFiles/enigma.dir/pico-sdk/src/rp2_common/pico_divider/divider_hardware.S.o
                0x10001fcc                __wrap___aeabi_uidiv
                0x10001fcc                __wrap___aeabi_uidivmod
                0x10001fcc                div_u32u32
                0x10001fcc                divmod_u32u32
                0x10001fd4                divmod_u32u32_unsafe
                0x10001ffc                divmod_u32u32_savestate
 .text.__wrap___aeabi_ldiv
                0x10002018      0x424 CMakeFiles/enigma.dir/pico-sdk/src/rp2_common/pico_divider/divider_hardware.S.o
                0x10002018                __wrap___aeabi_ldivmod
                0x10002018                div_s64s64
                0x10002018                divmod_s64s64
                0x10002048                divmod_u64u64
                0x10002048                div_u64u64
                0x10002048                __wrap___aeabi_uldivmod
                0x10002058                divmod_u64u64_savestate
                0x10002078                divmod_s64s64_unsafe
                0x10002100                divmod_u64u64_unsafe
 .text.__wrap___aeabi_darithmetic
                0x1000243c       0x80 CMakeFiles/enigma.dir/pico-sdk/src/rp2_common/pico_double/double_aeabi_rp2040.S.o
                0x1000243c                __wrap___aeabi_drsub
                0x10002442                __wrap___aeabi_dsub
                0x10002454                __wrap___aeabi_dadd
                0x10002466                __wrap___aeabi_ddiv
                0x100024a2                __wrap___aeabi_dmul
 .text.__wrap___aeabi_cdcmple
                0x100024bc       0x6c CMakeFiles/enigma.dir/pico-sdk/src/rp2_common/pico_double/double_aeabi_rp2040.S.o
                0x100024bc                __wrap___aeabi_cdrcmple
                0x100024cc                __wrap___aeabi_cdcmple
                0x100024cc                __wrap___aeabi_cdcmpeq
 .text.__wrap___aeabi_dcmpeq
                0x10002528       0x10 CMakeFiles/enigma.dir/pico-sdk/src/rp2_common/pico_double/double_aeabi_rp2040.S.o
                0x10002528                __wrap___aeabi_dcmpeq
 .text.__wrap___aeabi_dcmplt
                0x10002538        0xc CMakeFiles/enigma.dir/pico-sdk/src/rp2_common/pico_double/double_aeabi_rp2040.S.o
                0x10002538                __wrap___aeabi_dcmplt
 .text.__wrap___aeabi_dcmple
                0x10002544       0x10 CMakeFiles/enigma.dir/pico-sdk/src/rp2_common/pico_double/double_aeabi_rp2040.S.o
                0x10002544                __wrap___aeabi_dcmple
 .text.__wrap___aeabi_dcmpge
                0x10002554       0x10 CMakeFiles/enigma.dir/pico-sdk/src/rp2_common/pico_double/double_aeabi_rp2040.S.o
                0x10002554                __wrap___aeabi_dcmpge
 .text.__wrap___aeabi_dcmpgt
                0x10002564        0xa CMakeFiles/enigma.dir/pico-sdk/src/rp2_common/pico_double/double_aeabi_rp2040.S.o
                0x10002564                __wrap___aeabi_dcmpgt
 .text.__wrap___aeabi_dcmpun
                0x1000256e       0x18 CMakeFiles/enigma.dir/pico-sdk/src/rp2_common/pico_double/double_aeabi_rp2040.S.o
                0x1000256e                __wrap___aeabi_dcmpun
 *fill*         0x10002586        0x2 
 .text.__wrap___aeabi_i2d
                0x10002588       0x38 CMakeFiles/enigma.dir/pico-sdk/src/rp2_common/pico_double/double_aeabi_rp2040.S.o
                0x10002588                __wrap___aeabi_ui2d
                0x10002588                uint2double
                0x10002590                __wrap___aeabi_i2d
                0x10002590                int2double
 .text.__wrap___aeabi_d2iz
                0x100025c0       0x48 CMakeFiles/enigma.dir/pico-sdk/src/rp2_common/pico_double/double_aeabi_rp2040.S.o
                0x100025c0                __wrap___aeabi_d2iz
                0x100025c0                double2int_z
 .text.__wrap___aeabi_d2uiz
                0x10002608       0x18 CMakeFiles/enigma.dir/pico-sdk/src/rp2_common/pico_double/double_aeabi_rp2040.S.o
                0x10002608                double2uint_z
                0x10002608                double2uint
                0x10002608                __wrap___aeabi_d2uiz
 .text.__wrap___aeabi_l2d
                0x10002620       0x18 CMakeFiles/enigma.dir/pico-sdk/src/rp2_common/pico_double/double_aeabi_rp2040.S.o
                0x10002620                __wrap___aeabi_l2d
                0x10002620                int642double
 .text.__wrap___aeabi_d2lz
                0x10002638       0x26 CMakeFiles/enigma.dir/pico-sdk/src/rp2_common/pico_double/double_aeabi_rp2040.S.o
                0x10002638                __wrap___aeabi_d2lz
                0x10002638                double2int64_z
 *fill*         0x1000265e        0x2 
 .text.double2int64
                0x10002660       0x18 CMakeFiles/enigma.dir/pico-sdk/src/rp2_common/pico_double/double_aeabi_rp2040.S.o
                0x10002660                double2int64
 .text.double2ufix64
                0x10002678       0x18 CMakeFiles/enigma.dir/pico-sdk/src/rp2_common/pico_double/double_aeabi_rp2040.S.o
                0x10002678                double2ufix64
                0x10002678                double2ufix64_z
 .text.__wrap___aeabi_d2f
                0x10002690       0x18 CMakeFiles/enigma.dir/pico-sdk/src/rp2_common/pico_double/double_aeabi_rp2040.S.o
                0x10002690                __wrap___aeabi_d2f
 .text.__aeabi_double_init
                0x100026a8       0xa4 CMakeFiles/enigma.dir/pico-sdk/src/rp2_common/pico_double/double_init_rom_rp2040.c.o
                0x100026a8                __aeabi_double_init
 .text.double_table_shim_on_use_helper
                0x1000274c       0x2c CMakeFiles/enigma.dir/pico-sdk/src/rp2_common/pico_double/double_v1_rom_shim_rp2040.S.o
                0x1000274c                double_table_shim_on_use_helper
 .text.__wrap___aeabi_dsub
                0x10002778       0x10 CMakeFiles/enigma.dir/pico-sdk/src/rp2_common/pico_double/double_v1_rom_shim_rp2040.S.o
                0x10002778                drsub_shim
                0x1000277e                dsub_shim
 .text.dadd_shim
                0x10002788      0x15c CMakeFiles/enigma.dir/pico-sdk/src/rp2_common/pico_double/double_v1_rom_shim_rp2040.S.o
                0x10002788                dadd_shim
 .text.dmul_shim
                0x100028e4      0x15c CMakeFiles/enigma.dir/pico-sdk/src/rp2_common/pico_double/double_v1_rom_shim_rp2040.S.o
                0x100028e4                dmul_shim
 .text.ddiv_shim
                0x10002a40      0x1b0 CMakeFiles/enigma.dir/pico-sdk/src/rp2_common/pico_double/double_v1_rom_shim_rp2040.S.o
                0x10002a40                ddiv_shim
 .text.double2uint_shim
                0x10002bf0        0xe CMakeFiles/enigma.dir/pico-sdk/src/rp2_common/pico_double/double_v1_rom_shim_rp2040.S.o
                0x10002bf0                double2uint_shim
                0x10002bf2                double2ufix_shim
 .text.double2int64_shim
                0x10002bfe       0x1a CMakeFiles/enigma.dir/pico-sdk/src/rp2_common/pico_double/double_v1_rom_shim_rp2040.S.o
                0x10002bfe                double2int64_shim
                0x10002c00                double2fix64_shim
 .text.double2uint64_shim
                0x10002c18       0x70 CMakeFiles/enigma.dir/pico-sdk/src/rp2_common/pico_double/double_v1_rom_shim_rp2040.S.o
                0x10002c18                double2uint64_shim
                0x10002c1a                double2ufix64_shim
                0x10002c3a                d2fix_a
 .text.double2float_shim
                0x10002c88       0x5c CMakeFiles/enigma.dir/pico-sdk/src/rp2_common/pico_double/double_v1_rom_shim_rp2040.S.o
                0x10002c88                double2float_shim
 .text.x2double_shims
                0x10002ce4       0x90 CMakeFiles/enigma.dir/pico-sdk/src/rp2_common/pico_double/double_v1_rom_shim_rp2040.S.o
                0x10002ce4                uint2double_shim
                0x10002ce6                ufix2double_shim
                0x10002cec                int2double_shim
                0x10002cee                fix2double_shim
                0x10002cf4                uint642double_shim
                0x10002cf6                ufix642double_shim
                0x10002cfc                int642double_shim
                0x10002cfe                fix642double_shim
 .text.dunpacks
                0x10002d74       0x3c CMakeFiles/enigma.dir/pico-sdk/src/rp2_common/pico_double/double_v1_rom_shim_rp2040.S.o
                0x10002d74                dunpacks
 .text.__aeabi_lmul
                0x10002db0       0x32 CMakeFiles/enigma.dir/pico-sdk/src/rp2_common/pico_int64_ops/pico_int64_ops_aeabi.S.o
                0x10002db0                __wrap___aeabi_lmul
 *fill*         0x10002de2        0x2 
 .text.__aeabi_float_init
                0x10002de4       0x68 CMakeFiles/enigma.dir/pico-sdk/src/rp2_common/pico_float/float_init_rom_rp2040.c.o
                0x10002de4                __aeabi_float_init
 .text.float_table_shim_on_use_helper
                0x10002e4c       0x2c CMakeFiles/enigma.dir/pico-sdk/src/rp2_common/pico_float/float_v1_rom_shim_rp2040.S.o
                0x10002e4c                float_table_shim_on_use_helper
 .text.__wrap_malloc
                0x10002e78       0x24 CMakeFiles/enigma.dir/pico-sdk/src/rp2_common/pico_malloc/malloc.c.o
                0x10002e78                __wrap_malloc
 .text.__wrap_realloc
                0x10002e9c       0x24 CMakeFiles/enigma.dir/pico-sdk/src/rp2_common/pico_malloc/malloc.c.o
                0x10002e9c                __wrap_realloc
 .text.__wrap_free
                0x10002ec0        0x8 CMakeFiles/enigma.dir/pico-sdk/src/rp2_common/pico_malloc/malloc.c.o
                0x10002ec0                __wrap_free
 .text          0x10002ec8       0x10 CMakeFiles/enigma.dir/pico-sdk/src/rp2_common/pico_mem_ops/mem_ops_aeabi.S.o
                0x10002ec8                __aeabi_mem_init
 .text.memset   0x10002ed8        0xc CMakeFiles/enigma.dir/pico-sdk/src/rp2_common/pico_mem_ops/mem_ops_aeabi.S.o
                0x10002ed8                __wrap_memset
 .text.memcpy   0x10002ee4        0xc CMakeFiles/enigma.dir/pico-sdk/src/rp2_common/pico_mem_ops/mem_ops_aeabi.S.o
                0x10002ee4                __wrap___aeabi_memcpy
                0x10002ee4                __wrap_memcpy
 .text._out_buffer
                0x10002ef0        0x8 CMakeFiles/enigma.dir/pico-sdk/src/rp2_common/pico_printf/printf.c.o
 .text._out_null
                0x10002ef8        0x4 CMakeFiles/enigma.dir/pico-sdk/src/rp2_common/pico_printf/printf.c.o
 .text._out_rev
                0x10002efc       0xa8 CMakeFiles/enigma.dir/pico-sdk/src/rp2_common/pico_printf/printf.c.o
 .text._ntoa_format
                0x10002fa4      0x1d8 CMakeFiles/enigma.dir/pico-sdk/src/rp2_common/pico_printf/printf.c.o
 .text._out_char
                0x1000317c       0x10 CMakeFiles/enigma.dir/pico-sdk/src/rp2_common/pico_printf/printf.c.o
 .text._out_fct
                0x1000318c       0x10 CMakeFiles/enigma.dir/pico-sdk/src/rp2_common/pico_printf/printf.c.o
 .text._ftoa    0x1000319c      0x474 CMakeFiles/enigma.dir/pico-sdk/src/rp2_common/pico_printf/printf.c.o
 .text._etoa    0x10003610      0x560 CMakeFiles/enigma.dir/pico-sdk/src/rp2_common/pico_printf/printf.c.o
 .text._vsnprintf
                0x10003b70      0xab8 CMakeFiles/enigma.dir/pico-sdk/src/rp2_common/pico_printf/printf.c.o
 .text.__wrap_sprintf
                0x10004628       0x28 CMakeFiles/enigma.dir/pico-sdk/src/rp2_common/pico_printf/printf.c.o
                0x10004628                __wrap_sprintf
 .text.vfctprintf
                0x10004650       0x20 CMakeFiles/enigma.dir/pico-sdk/src/rp2_common/pico_printf/printf.c.o
                0x10004650                vfctprintf
 .text.weak_raw_printf
                0x10004670       0x40 CMakeFiles/enigma.dir/pico-sdk/src/rp2_common/pico_printf/printf.c.o
                0x10004670                weak_raw_printf
 .text.weak_raw_vprintf
                0x100046b0       0x30 CMakeFiles/enigma.dir/pico-sdk/src/rp2_common/pico_printf/printf.c.o
                0x100046b0                weak_raw_vprintf
 .text._exit    0x100046e0        0x4 CMakeFiles/enigma.dir/pico-sdk/src/rp2_common/pico_clib_interface/newlib_interface.c.o
                0x100046e0                _exit
 .text._sbrk    0x100046e4       0x34 CMakeFiles/enigma.dir/pico-sdk/src/rp2_common/pico_clib_interface/newlib_interface.c.o
                0x100046e4                _sbrk
 .text._read    0x10004718       0x20 CMakeFiles/enigma.dir/pico-sdk/src/rp2_common/pico_clib_interface/newlib_interface.c.o
                0x10004718                _read
 .text._write   0x10004738       0x20 CMakeFiles/enigma.dir/pico-sdk/src/rp2_common/pico_clib_interface/newlib_interface.c.o
                0x10004738                _write
 .text._close   0x10004758        0x8 CMakeFiles/enigma.dir/pico-sdk/src/rp2_common/pico_clib_interface/newlib_interface.c.o
                0x10004758                _close
 .text._lseek   0x10004760        0x8 CMakeFiles/enigma.dir/pico-sdk/src/rp2_common/pico_clib_interface/newlib_interface.c.o
                0x10004760                _lseek
 .text._fstat   0x10004768        0x8 CMakeFiles/enigma.dir/pico-sdk/src/rp2_common/pico_clib_interface/newlib_interface.c.o
                0x10004768                _fstat
 .text._isatty  0x10004770        0xc CMakeFiles/enigma.dir/pico-sdk/src/rp2_common/pico_clib_interface/newlib_interface.c.o
                0x10004770                _isatty
 .text.exit     0x1000477c        0x8 CMakeFiles/enigma.dir/pico-sdk/src/rp2_common/pico_clib_interface/newlib_interface.c.o
                0x1000477c                exit
 .text.__assert_func
                0x10004784       0x38 CMakeFiles/enigma.dir/pico-sdk/src/rp2_common/pico_clib_interface/newlib_interface.c.o
                0x10004784                __assert_func
 .text.runtime_init
                0x100047bc       0x2c CMakeFiles/enigma.dir/pico-sdk/src/rp2_common/pico_clib_interface/newlib_interface.c.o
                0x100047bc                runtime_init
 .text.stdio_out_chars_no_crlf
                0x100047e8       0x10 CMakeFiles/enigma.dir/pico-sdk/src/rp2_common/pico_stdio/stdio.c.o
 .text.stdio_out_chars_crlf
                0x100047f8       0x90 CMakeFiles/enigma.dir/pico-sdk/src/rp2_common/pico_stdio/stdio.c.o
 .text.stdio_buffered_printer
                0x10004888       0x64 CMakeFiles/enigma.dir/pico-sdk/src/rp2_common/pico_stdio/stdio.c.o
 .text.stdio_put_string
                0x100048ec       0xf4 CMakeFiles/enigma.dir/pico-sdk/src/rp2_common/pico_stdio/stdio.c.o
                0x100048ec                stdio_put_string
 .text.stdio_get_until
                0x100049e0       0x7c CMakeFiles/enigma.dir/pico-sdk/src/rp2_common/pico_stdio/stdio.c.o
                0x100049e0                stdio_get_until
 .text.stdio_set_driver_enabled
                0x10004a5c       0x30 CMakeFiles/enigma.dir/pico-sdk/src/rp2_common/pico_stdio/stdio.c.o
                0x10004a5c                stdio_set_driver_enabled
 .text.stdio_init_all
                0x10004a8c        0x8 CMakeFiles/enigma.dir/pico-sdk/src/rp2_common/pico_stdio/stdio.c.o
                0x10004a8c                stdio_init_all
 .text.stdio_getchar_timeout_us
                0x10004a94       0x98 CMakeFiles/enigma.dir/pico-sdk/src/rp2_common/pico_stdio/stdio.c.o
                0x10004a94                stdio_getchar_timeout_us
 .text.__wrap_getchar
                0x10004b2c       0x80 CMakeFiles/enigma.dir/pico-sdk/src/rp2_common/pico_stdio/stdio.c.o
                0x10004b2c                __wrap_getchar
                0x10004b2c                stdio_getchar
 .text.__wrap_putchar
                0x10004bac       0x94 CMakeFiles/enigma.dir/pico-sdk/src/rp2_common/pico_stdio/stdio.c.o
                0x10004bac                stdio_putchar
                0x10004bac                __wrap_putchar
 .text.__wrap_puts
                0x10004c40       0x3c CMakeFiles/enigma.dir/pico-sdk/src/rp2_common/pico_stdio/stdio.c.o
                0x10004c40                __wrap_puts
                0x10004c40                stdio_puts
 .text.__wrap_vprintf
                0x10004c7c       0xc8 CMakeFiles/enigma.dir/pico-sdk/src/rp2_common/pico_stdio/stdio.c.o
                0x10004c7c                __wrap_vprintf
                0x10004c7c                stdio_vprintf
 .text.__wrap_printf
                0x10004d44       0x18 CMakeFiles/enigma.dir/pico-sdk/src/rp2_common/pico_stdio/stdio.c.o
                0x10004d44                stdio_printf
                0x10004d44                __wrap_printf
 .text.resetd_init
                0x10004d5c        0x4 CMakeFiles/enigma.dir/pico-sdk/src/rp2_common/pico_stdio_usb/reset_interface.c.o
 .text.resetd_reset
                0x10004d60        0xc CMakeFiles/enigma.dir/pico-sdk/src/rp2_common/pico_stdio_usb/reset_interface.c.o
 .text.resetd_open
                0x10004d6c       0x28 CMakeFiles/enigma.dir/pico-sdk/src/rp2_common/pico_stdio_usb/reset_interface.c.o
 .text.resetd_xfer_cb
                0x10004d94        0x4 CMakeFiles/enigma.dir/pico-sdk/src/rp2_common/pico_stdio_usb/reset_interface.c.o
 .text.resetd_control_xfer_cb
                0x10004d98       0x54 CMakeFiles/enigma.dir/pico-sdk/src/rp2_common/pico_stdio_usb/reset_interface.c.o
 .text.tud_descriptor_bos_cb
                0x10004dec        0x8 CMakeFiles/enigma.dir/pico-sdk/src/rp2_common/pico_stdio_usb/reset_interface.c.o
                0x10004dec                tud_descriptor_bos_cb
 .text.tud_vendor_control_xfer_cb
                0x10004df4       0x38 CMakeFiles/enigma.dir/pico-sdk/src/rp2_common/pico_stdio_usb/reset_interface.c.o
                0x10004df4                tud_vendor_control_xfer_cb
 .text.usbd_app_driver_get_cb
                0x10004e2c        0xc CMakeFiles/enigma.dir/pico-sdk/src/rp2_common/pico_stdio_usb/reset_interface.c.o
                0x10004e2c                usbd_app_driver_get_cb
 .text.tud_cdc_line_coding_cb
                0x10004e38       0x2c CMakeFiles/enigma.dir/pico-sdk/src/rp2_common/pico_stdio_usb/reset_interface.c.o
                0x10004e38                tud_cdc_line_coding_cb
 .text.stdio_usb_set_chars_available_callback
                0x10004e64       0x14 CMakeFiles/enigma.dir/pico-sdk/src/rp2_common/pico_stdio_usb/stdio_usb.c.o
                0x10004e64                stdio_usb_set_chars_available_callback
 .text.usb_irq  0x10004e78       0x10 CMakeFiles/enigma.dir/pico-sdk/src/rp2_common/pico_stdio_usb/stdio_usb.c.o
 .text.timer_task
                0x10004e88       0x64 CMakeFiles/enigma.dir/pico-sdk/src/rp2_common/pico_stdio_usb/stdio_usb.c.o
 .text.stdio_usb_in_chars
                0x10004eec       0x8c CMakeFiles/enigma.dir/pico-sdk/src/rp2_common/pico_stdio_usb/stdio_usb.c.o
                0x10004eec                stdio_usb_in_chars
 .text.stdio_usb_out_flush
                0x10004f78       0x4c CMakeFiles/enigma.dir/pico-sdk/src/rp2_common/pico_stdio_usb/stdio_usb.c.o
 .text.stdio_usb_out_chars
                0x10004fc4       0xf8 CMakeFiles/enigma.dir/pico-sdk/src/rp2_common/pico_stdio_usb/stdio_usb.c.o
 .text.low_priority_worker_irq
                0x100050bc       0xc4 CMakeFiles/enigma.dir/pico-sdk/src/rp2_common/pico_stdio_usb/stdio_usb.c.o
 .text.stdio_usb_init
                0x10005180       0xe4 CMakeFiles/enigma.dir/pico-sdk/src/rp2_common/pico_stdio_usb/stdio_usb.c.o
                0x10005180                stdio_usb_init
 .text.tud_descriptor_device_cb
                0x10005264        0x8 CMakeFiles/enigma.dir/pico-sdk/src/rp2_common/pico_stdio_usb/stdio_usb_descriptors.c.o
                0x10005264                tud_descriptor_device_cb
 .text.tud_descriptor_configuration_cb
                0x1000526c        0x8 CMakeFiles/enigma.dir/pico-sdk/src/rp2_common/pico_stdio_usb/stdio_usb_descriptors.c.o
                0x1000526c                tud_descriptor_configuration_cb
 .text.tud_descriptor_string_cb
                0x10005274       0x70 CMakeFiles/enigma.dir/pico-sdk/src/rp2_common/pico_stdio_usb/stdio_usb_descriptors.c.o
                0x10005274                tud_descriptor_string_cb
 .text.startup._retrieve_unique_id_on_boot
                0x100052e4       0x10 CMakeFiles/enigma.dir/pico-sdk/src/rp2_common/pico_unique_id/unique_id.c.o
 .text.pico_get_unique_board_id_string
                0x100052f4      0x1e0 CMakeFiles/enigma.dir/pico-sdk/src/rp2_common/pico_unique_id/unique_id.c.o
                0x100052f4                pico_get_unique_board_id_string
 .text.flash_get_unique_id
                0x100054d4       0x3c CMakeFiles/enigma.dir/pico-sdk/src/rp2_common/hardware_flash/flash.c.o
                0x100054d4                flash_get_unique_id
 .text.dcd_init
                0x10005510       0x90 CMakeFiles/enigma.dir/pico-sdk/lib/tinyusb/src/portable/raspberrypi/rp2040/dcd_rp2040.c.o
                0x10005510                dcd_init
 .text.dcd_int_enable
                0x100055a0        0xc CMakeFiles/enigma.dir/pico-sdk/lib/tinyusb/src/portable/raspberrypi/rp2040/dcd_rp2040.c.o
                0x100055a0                dcd_int_enable
 .text.dcd_set_address
                0x100055ac       0x14 CMakeFiles/enigma.dir/pico-sdk/lib/tinyusb/src/portable/raspberrypi/rp2040/dcd_rp2040.c.o
                0x100055ac                dcd_set_address
 .text.dcd_sof_enable
                0x100055c0       0x1c CMakeFiles/enigma.dir/pico-sdk/lib/tinyusb/src/portable/raspberrypi/rp2040/dcd_rp2040.c.o
                0x100055c0                dcd_sof_enable
 .text.dcd_edpt0_status_complete
                0x100055dc       0x1c CMakeFiles/enigma.dir/pico-sdk/lib/tinyusb/src/portable/raspberrypi/rp2040/dcd_rp2040.c.o
                0x100055dc                dcd_edpt0_status_complete
 .text.dcd_edpt_open
                0x100055f8      0x114 CMakeFiles/enigma.dir/pico-sdk/lib/tinyusb/src/portable/raspberrypi/rp2040/dcd_rp2040.c.o
                0x100055f8                dcd_edpt_open
 .text.dcd_edpt_close_all
                0x1000570c        0x8 CMakeFiles/enigma.dir/pico-sdk/lib/tinyusb/src/portable/raspberrypi/rp2040/dcd_rp2040.c.o
                0x1000570c                dcd_edpt_close_all
 .text.dcd_edpt_xfer
                0x10005714       0x24 CMakeFiles/enigma.dir/pico-sdk/lib/tinyusb/src/portable/raspberrypi/rp2040/dcd_rp2040.c.o
                0x10005714                dcd_edpt_xfer
 .text.dcd_edpt_stall
                0x10005738       0x3c CMakeFiles/enigma.dir/pico-sdk/lib/tinyusb/src/portable/raspberrypi/rp2040/dcd_rp2040.c.o
                0x10005738                dcd_edpt_stall
 .text.dcd_edpt_clear_stall
                0x10005774       0x30 CMakeFiles/enigma.dir/pico-sdk/lib/tinyusb/src/portable/raspberrypi/rp2040/dcd_rp2040.c.o
                0x10005774                dcd_edpt_clear_stall
 .text.rp2040_usb_init
                0x100057a4       0x40 CMakeFiles/enigma.dir/pico-sdk/lib/tinyusb/src/portable/raspberrypi/rp2040/rp2040_usb.c.o
                0x100057a4                rp2040_usb_init
 .text.hw_endpoint_xfer_start
                0x100057e4       0x40 CMakeFiles/enigma.dir/pico-sdk/lib/tinyusb/src/portable/raspberrypi/rp2040/rp2040_usb.c.o
                0x100057e4                hw_endpoint_xfer_start
 .text.tud_event_hook_cb
                0x10005824        0x4 CMakeFiles/enigma.dir/pico-sdk/lib/tinyusb/src/device/usbd.c.o
                0x10005824                tud_event_hook_cb
 .text.tud_sof_cb
                0x10005828        0x4 CMakeFiles/enigma.dir/pico-sdk/lib/tinyusb/src/device/usbd.c.o
                0x10005828                tud_sof_cb
 .text.tud_descriptor_device_qualifier_cb
                0x1000582c        0x4 CMakeFiles/enigma.dir/pico-sdk/lib/tinyusb/src/device/usbd.c.o
                0x1000582c                tud_descriptor_device_qualifier_cb
 .text.tud_descriptor_other_speed_configuration_cb
                0x10005830        0x4 CMakeFiles/enigma.dir/pico-sdk/lib/tinyusb/src/device/usbd.c.o
                0x10005830                tud_descriptor_other_speed_configuration_cb
 .text.tud_mount_cb
                0x10005834        0x4 CMakeFiles/enigma.dir/pico-sdk/lib/tinyusb/src/device/usbd.c.o
                0x10005834                tud_mount_cb
 .text.tud_umount_cb
                0x10005838        0x4 CMakeFiles/enigma.dir/pico-sdk/lib/tinyusb/src/device/usbd.c.o
                0x10005838                tud_umount_cb
 .text.tud_suspend_cb
                0x1000583c        0x4 CMakeFiles/enigma.dir/pico-sdk/lib/tinyusb/src/device/usbd.c.o
                0x1000583c                tud_suspend_cb
 .text.tud_resume_cb
                0x10005840        0x4 CMakeFiles/enigma.dir/pico-sdk/lib/tinyusb/src/device/usbd.c.o
                0x10005840                tud_resume_cb
 .text.tud_mounted
                0x10005844       0x10 CMakeFiles/enigma.dir/pico-sdk/lib/tinyusb/src/device/usbd.c.o
                0x10005844                tud_mounted
 .text.tud_suspended
                0x10005854       0x10 CMakeFiles/enigma.dir/pico-sdk/lib/tinyusb/src/device/usbd.c.o
                0x10005854                tud_suspended
 .text.tud_rhport_init
                0x10005864       0xf0 CMakeFiles/enigma.dir/pico-sdk/lib/tinyusb/src/device/usbd.c.o
                0x10005864                tud_rhport_init
 .text.tud_task_ext
                0x10005954      0x7fc CMakeFiles/enigma.dir/pico-sdk/lib/tinyusb/src/device/usbd.c.o
                0x10005954                tud_task_ext
 .text.usbd_open_edpt_pair
                0x10006150       0x98 CMakeFiles/enigma.dir/pico-sdk/lib/tinyusb/src/device/usbd.c.o
                0x10006150                usbd_open_edpt_pair
 .text.usbd_edpt_open
                0x100061e8       0x34 CMakeFiles/enigma.dir/pico-sdk/lib/tinyusb/src/device/usbd.c.o
                0x100061e8                usbd_edpt_open
 .text.usbd_edpt_claim
                0x1000621c       0x28 CMakeFiles/enigma.dir/pico-sdk/lib/tinyusb/src/device/usbd.c.o
                0x1000621c                usbd_edpt_claim
 .text.usbd_edpt_release
                0x10006244       0x28 CMakeFiles/enigma.dir/pico-sdk/lib/tinyusb/src/device/usbd.c.o
                0x10006244                usbd_edpt_release
 .text.usbd_edpt_xfer
                0x1000626c       0x50 CMakeFiles/enigma.dir/pico-sdk/lib/tinyusb/src/device/usbd.c.o
                0x1000626c                usbd_edpt_xfer
 .text.tud_control_status
                0x100062bc       0x2c CMakeFiles/enigma.dir/pico-sdk/lib/tinyusb/src/device/usbd_control.c.o
                0x100062bc                tud_control_status
 .text.tud_control_xfer
                0x100062e8       0xa0 CMakeFiles/enigma.dir/pico-sdk/lib/tinyusb/src/device/usbd_control.c.o
                0x100062e8                tud_control_xfer
 .text.usbd_control_reset
                0x10006388       0x14 CMakeFiles/enigma.dir/pico-sdk/lib/tinyusb/src/device/usbd_control.c.o
                0x10006388                usbd_control_reset
 .text.usbd_control_set_complete_callback
                0x1000639c        0xc CMakeFiles/enigma.dir/pico-sdk/lib/tinyusb/src/device/usbd_control.c.o
                0x1000639c                usbd_control_set_complete_callback
 .text.usbd_control_set_request
                0x100063a8       0x1c CMakeFiles/enigma.dir/pico-sdk/lib/tinyusb/src/device/usbd_control.c.o
                0x100063a8                usbd_control_set_request
 .text.usbd_control_xfer_cb
                0x100063c4       0xe8 CMakeFiles/enigma.dir/pico-sdk/lib/tinyusb/src/device/usbd_control.c.o
                0x100063c4                usbd_control_xfer_cb
 .text._prep_out_transaction.isra.0
                0x100064ac       0x6c CMakeFiles/enigma.dir/pico-sdk/lib/tinyusb/src/class/cdc/cdc_device.c.o
 .text.tud_cdc_n_connected
                0x10006518       0x2c CMakeFiles/enigma.dir/pico-sdk/lib/tinyusb/src/class/cdc/cdc_device.c.o
                0x10006518                tud_cdc_n_connected
 .text.tud_cdc_n_available
                0x10006544       0x14 CMakeFiles/enigma.dir/pico-sdk/lib/tinyusb/src/class/cdc/cdc_device.c.o
                0x10006544                tud_cdc_n_available
 .text.tud_cdc_n_read
                0x10006558       0x88 CMakeFiles/enigma.dir/pico-sdk/lib/tinyusb/src/class/cdc/cdc_device.c.o
                0x10006558                tud_cdc_n_read
 .text.tud_cdc_n_write_flush
                0x100065e0       0x78 CMakeFiles/enigma.dir/pico-sdk/lib/tinyusb/src/class/cdc/cdc_device.c.o
                0x100065e0                tud_cdc_n_write_flush
 .text.tud_cdc_n_write
                0x10006658       0x40 CMakeFiles/enigma.dir/pico-sdk/lib/tinyusb/src/class/cdc/cdc_device.c.o
                0x10006658                tud_cdc_n_write
 .text.tud_cdc_n_write_available
                0x10006698       0x14 CMakeFiles/enigma.dir/pico-sdk/lib/tinyusb/src/class/cdc/cdc_device.c.o
                0x10006698                tud_cdc_n_write_available
 .text.cdcd_init
                0x100066ac       0x70 CMakeFiles/enigma.dir/pico-sdk/lib/tinyusb/src/class/cdc/cdc_device.c.o
                0x100066ac                cdcd_init
 .text.cdcd_deinit
                0x1000671c       0x30 CMakeFiles/enigma.dir/pico-sdk/lib/tinyusb/src/class/cdc/cdc_device.c.o
                0x1000671c                cdcd_deinit
 .text.cdcd_reset
                0x1000674c       0x48 CMakeFiles/enigma.dir/pico-sdk/lib/tinyusb/src/class/cdc/cdc_device.c.o
                0x1000674c                cdcd_reset
 .text.cdcd_open
                0x10006794       0xa8 CMakeFiles/enigma.dir/pico-sdk/lib/tinyusb/src/class/cdc/cdc_device.c.o
                0x10006794                cdcd_open
 .text.cdcd_control_xfer_cb
                0x1000683c       0xf0 CMakeFiles/enigma.dir/pico-sdk/lib/tinyusb/src/class/cdc/cdc_device.c.o
                0x1000683c                cdcd_control_xfer_cb
 .text.cdcd_xfer_cb
                0x1000692c       0xf8 CMakeFiles/enigma.dir/pico-sdk/lib/tinyusb/src/class/cdc/cdc_device.c.o
                0x1000692c                cdcd_xfer_cb
 .text.vendord_init
                0x10006a24       0x5c CMakeFiles/enigma.dir/pico-sdk/lib/tinyusb/src/class/vendor/vendor_device.c.o
                0x10006a24                vendord_init
 .text.vendord_deinit
                0x10006a80       0x1c CMakeFiles/enigma.dir/pico-sdk/lib/tinyusb/src/class/vendor/vendor_device.c.o
                0x10006a80                vendord_deinit
 .text.vendord_reset
                0x10006a9c       0x28 CMakeFiles/enigma.dir/pico-sdk/lib/tinyusb/src/class/vendor/vendor_device.c.o
                0x10006a9c                vendord_reset
 .text.vendord_open
                0x10006ac4      0x104 CMakeFiles/enigma.dir/pico-sdk/lib/tinyusb/src/class/vendor/vendor_device.c.o
                0x10006ac4                vendord_open
 .text.vendord_xfer_cb
                0x10006bc8       0xa0 CMakeFiles/enigma.dir/pico-sdk/lib/tinyusb/src/class/vendor/vendor_device.c.o
                0x10006bc8                vendord_xfer_cb
 .text.tusb_rhport_init
                0x10006c68       0x4c CMakeFiles/enigma.dir/pico-sdk/lib/tinyusb/src/tusb.c.o
                0x10006c68                tusb_rhport_init
 .text.tu_edpt_claim
                0x10006cb4       0x50 CMakeFiles/enigma.dir/pico-sdk/lib/tinyusb/src/tusb.c.o
                0x10006cb4                tu_edpt_claim
 .text.tu_edpt_release
                0x10006d04       0x38 CMakeFiles/enigma.dir/pico-sdk/lib/tinyusb/src/tusb.c.o
                0x10006d04                tu_edpt_release
 .text.tu_edpt_validate
                0x10006d3c       0x74 CMakeFiles/enigma.dir/pico-sdk/lib/tinyusb/src/tusb.c.o
                0x10006d3c                tu_edpt_validate
 .text.tu_edpt_bind_driver
                0x10006db0       0x34 CMakeFiles/enigma.dir/pico-sdk/lib/tinyusb/src/tusb.c.o
                0x10006db0                tu_edpt_bind_driver
 .text.tu_edpt_stream_init
                0x10006de4       0x68 CMakeFiles/enigma.dir/pico-sdk/lib/tinyusb/src/tusb.c.o
                0x10006de4                tu_edpt_stream_init
 .text.tu_edpt_stream_deinit
                0x10006e4c        0x4 CMakeFiles/enigma.dir/pico-sdk/lib/tinyusb/src/tusb.c.o
                0x10006e4c                tu_edpt_stream_deinit
 .text.tu_edpt_stream_write_zlp_if_needed
                0x10006e50       0x64 CMakeFiles/enigma.dir/pico-sdk/lib/tinyusb/src/tusb.c.o
                0x10006e50                tu_edpt_stream_write_zlp_if_needed
 .text.tu_edpt_stream_write_xfer
                0x10006eb4       0x6c CMakeFiles/enigma.dir/pico-sdk/lib/tinyusb/src/tusb.c.o
                0x10006eb4                tu_edpt_stream_write_xfer
 .text.tu_edpt_stream_read_xfer
                0x10006f20       0xd8 CMakeFiles/enigma.dir/pico-sdk/lib/tinyusb/src/tusb.c.o
                0x10006f20                tu_edpt_stream_read_xfer
 .text.tu_fifo_config
                0x10006ff8       0x6c CMakeFiles/enigma.dir/pico-sdk/lib/tinyusb/src/common/tusb_fifo.c.o
                0x10006ff8                tu_fifo_config
 .text.tu_fifo_count
                0x10007064       0x2c CMakeFiles/enigma.dir/pico-sdk/lib/tinyusb/src/common/tusb_fifo.c.o
                0x10007064                tu_fifo_count
 .text.tu_fifo_empty
                0x10007090       0x10 CMakeFiles/enigma.dir/pico-sdk/lib/tinyusb/src/common/tusb_fifo.c.o
                0x10007090                tu_fifo_empty
 .text.tu_fifo_remaining
                0x100070a0       0x2c CMakeFiles/enigma.dir/pico-sdk/lib/tinyusb/src/common/tusb_fifo.c.o
                0x100070a0                tu_fifo_remaining
 .text.tu_fifo_read
                0x100070cc       0x9c CMakeFiles/enigma.dir/pico-sdk/lib/tinyusb/src/common/tusb_fifo.c.o
                0x100070cc                tu_fifo_read
 .text.tu_fifo_read_n
                0x10007168       0xec CMakeFiles/enigma.dir/pico-sdk/lib/tinyusb/src/common/tusb_fifo.c.o
                0x10007168                tu_fifo_read_n
 .text.tu_fifo_write
                0x10007254       0xa4 CMakeFiles/enigma.dir/pico-sdk/lib/tinyusb/src/common/tusb_fifo.c.o
                0x10007254                tu_fifo_write
 .text.tu_fifo_write_n
                0x100072f8      0x168 CMakeFiles/enigma.dir/pico-sdk/lib/tinyusb/src/common/tusb_fifo.c.o
                0x100072f8                tu_fifo_write_n
 .text.tu_fifo_clear
                0x10007460       0x40 CMakeFiles/enigma.dir/pico-sdk/lib/tinyusb/src/common/tusb_fifo.c.o
                0x10007460                tu_fifo_clear
 .text.tu_fifo_set_overwritable
                0x100074a0       0x48 CMakeFiles/enigma.dir/pico-sdk/lib/tinyusb/src/common/tusb_fifo.c.o
                0x100074a0                tu_fifo_set_overwritable
 .text._calloc_r
                0x100074e8       0xb8 /Applications/ArmGNUToolchain/15.2.rel1/arm-none-eabi/bin/../lib/gcc/arm-none-eabi/15.2.1/../../../../arm-none-eabi/lib/thumb/v6-m/nofp/libg.a(libc_a-callocr.o)
                0x100074e8                _calloc_r
 .text.malloc   0x100075a0       0x14 /Applications/ArmGNUToolchain/15.2.rel1/arm-none-eabi/bin/../lib/gcc/arm-none-eabi/15.2.1/../../../../arm-none-eabi/lib/thumb/v6-m/nofp/libg.a(libc_a-malloc.o)
                0x100075a0                malloc
 .text.free     0x100075b4       0x14 /Applications/ArmGNUToolchain/15.2.rel1/arm-none-eabi/bin/../lib/gcc/arm-none-eabi/15.2.1/../../../../arm-none-eabi/lib/thumb/v6-m/nofp/libg.a(libc_a-malloc.o)
                0x100075b4                free
 .text._malloc_r
                0x100075c8      0x564 /Applications/ArmGNUToolchain/15.2.rel1/arm-none-eabi/bin/../lib/gcc/arm-none-eabi/15.2.1/../../../../arm-none-eabi/lib/thumb/v6-m/nofp/libg.a(libc_a-mallocr.o)
                0x100075c8                _malloc_r
 .text.__malloc_lock
                0x10007b2c       0x10 /Applications/ArmGNUToolchain/15.2.rel1/arm-none-eabi/bin/../lib/gcc/arm-none-eabi/15.2.1/../../../../arm-none-eabi/lib/thumb/v6-m/nofp/libg.a(libc_a-mlock.o)
                0x10007b2c                __malloc_lock
 .text.__malloc_unlock
                0x10007b3c       0x10 /Applications/ArmGNUToolchain/15.2.rel1/arm-none-eabi/bin/../lib/gcc/arm-none-eabi/15.2.1/../../../../arm-none-eabi/lib/thumb/v6-m/nofp/libg.a(libc_a-mlock.o)
                0x10007b3c                __malloc_unlock
 .text.realloc  0x10007b4c       0x14 /Applications/ArmGNUToolchain/15.2.rel1/arm-none-eabi/bin/../lib/gcc/arm-none-eabi/15.2.1/../../../../arm-none-eabi/lib/thumb/v6-m/nofp/libg.a(libc_a-realloc.o)
                0x10007b4c                realloc
 .text._realloc_r
                0x10007b60      0x328 /Applications/ArmGNUToolchain/15.2.rel1/arm-none-eabi/bin/../lib/gcc/arm-none-eabi/15.2.1/../../../../arm-none-eabi/lib/thumb/v6-m/nofp/libg.a(libc_a-reallocr.o)
                0x10007b60                _realloc_r
 .text.scanf    0x10007e88       0x24 /Applications/ArmGNUToolchain/15.2.rel1/arm-none-eabi/bin/../lib/gcc/arm-none-eabi/15.2.1/../../../../arm-none-eabi/lib/thumb/v6-m/nofp/libg.a(libc_a-scanf.o)
                0x10007e88                scanf
 .text.__sflush_r
                0x10007eac      0x148 /Applications/ArmGNUToolchain/15.2.rel1/arm-none-eabi/bin/../lib/gcc/arm-none-eabi/15.2.1/../../../../arm-none-eabi/lib/thumb/v6-m/nofp/libg.a(libc_a-fflush.o)
                0x10007eac                __sflush_r
 .text._fflush_r
                0x10007ff4       0x68 /Applications/ArmGNUToolchain/15.2.rel1/arm-none-eabi/bin/../lib/gcc/arm-none-eabi/15.2.1/../../../../arm-none-eabi/lib/thumb/v6-m/nofp/libg.a(libc_a-fflush.o)
                0x10007ff4                _fflush_r
 .text.fflush   0x1000805c       0x7c /Applications/ArmGNUToolchain/15.2.rel1/arm-none-eabi/bin/../lib/gcc/arm-none-eabi/15.2.1/../../../../arm-none-eabi/lib/thumb/v6-m/nofp/libg.a(libc_a-fflush.o)
                0x1000805c                fflush
 .text.setvbuf  0x100080d8      0x1a8 /Applications/ArmGNUToolchain/15.2.rel1/arm-none-eabi/bin/../lib/gcc/arm-none-eabi/15.2.1/../../../../arm-none-eabi/lib/thumb/v6-m/nofp/libg.a(libc_a-setvbuf.o)
                0x100080d8                setvbuf
 .text.sscanf   0x10008280       0x54 /Applications/ArmGNUToolchain/15.2.rel1/arm-none-eabi/bin/../lib/gcc/arm-none-eabi/15.2.1/../../../../arm-none-eabi/lib/thumb/v6-m/nofp/libg.a(libc_a-sscanf.o)
                0x10008280                sscanf
 .text.__sread  0x100082d4       0x28 /Applications/ArmGNUToolchain/15.2.rel1/arm-none-eabi/bin/../lib/gcc/arm-none-eabi/15.2.1/../../../../arm-none-eabi/lib/thumb/v6-m/nofp/libg.a(libc_a-stdio.o)
                0x100082d4                __sread
 .text.__seofread
                0x100082fc        0x4 /Applications/ArmGNUToolchain/15.2.rel1/arm-none-eabi/bin/../lib/gcc/arm-none-eabi/15.2.1/../../../../arm-none-eabi/lib/thumb/v6-m/nofp/libg.a(libc_a-stdio.o)
                0x100082fc                __seofread
 .text.__swrite
                0x10008300       0x40 /Applications/ArmGNUToolchain/15.2.rel1/arm-none-eabi/bin/../lib/gcc/arm-none-eabi/15.2.1/../../../../arm-none-eabi/lib/thumb/v6-m/nofp/libg.a(libc_a-stdio.o)
                0x10008300                __swrite
 .text.__sseek  0x10008340       0x2c /Applications/ArmGNUToolchain/15.2.rel1/arm-none-eabi/bin/../lib/gcc/arm-none-eabi/15.2.1/../../../../arm-none-eabi/lib/thumb/v6-m/nofp/libg.a(libc_a-stdio.o)
                0x10008340                __sseek
 .text.__sclose
                0x1000836c        0xc /Applications/ArmGNUToolchain/15.2.rel1/arm-none-eabi/bin/../lib/gcc/arm-none-eabi/15.2.1/../../../../arm-none-eabi/lib/thumb/v6-m/nofp/libg.a(libc_a-stdio.o)
                0x1000836c                __sclose
 .text._fgets_r
                0x10008378       0xe8 /Applications/ArmGNUToolchain/15.2.rel1/arm-none-eabi/bin/../lib/gcc/arm-none-eabi/15.2.1/../../../../arm-none-eabi/lib/thumb/v6-m/nofp/libg.a(libc_a-fgets.o)
                0x10008378                _fgets_r
 .text.fgets    0x10008460       0x18 /Applications/ArmGNUToolchain/15.2.rel1/arm-none-eabi/bin/../lib/gcc/arm-none-eabi/15.2.1/../../../../arm-none-eabi/lib/thumb/v6-m/nofp/libg.a(libc_a-fgets.o)
                0x10008460                fgets
 .text.stdio_exit_handler
                0x10008478       0x1c /Applications/ArmGNUToolchain/15.2.rel1/arm-none-eabi/bin/../lib/gcc/arm-none-eabi/15.2.1/../../../../arm-none-eabi/lib/thumb/v6-m/nofp/libg.a(libc_a-findfp.o)
 .text.cleanup_stdio
                0x10008494       0x3c /Applications/ArmGNUToolchain/15.2.rel1/arm-none-eabi/bin/../lib/gcc/arm-none-eabi/15.2.1/../../../../arm-none-eabi/lib/thumb/v6-m/nofp/libg.a(libc_a-findfp.o)
 .text.global_stdio_init.part.0
                0x100084d0      0x110 /Applications/ArmGNUToolchain/15.2.rel1/arm-none-eabi/bin/../lib/gcc/arm-none-eabi/15.2.1/../../../../arm-none-eabi/lib/thumb/v6-m/nofp/libg.a(libc_a-findfp.o)
 .text.__sinit  0x100085e0       0x38 /Applications/ArmGNUToolchain/15.2.rel1/arm-none-eabi/bin/../lib/gcc/arm-none-eabi/15.2.1/../../../../arm-none-eabi/lib/thumb/v6-m/nofp/libg.a(libc_a-findfp.o)
                0x100085e0                __sinit
 .text.__sfp_lock_acquire
                0x10008618       0x10 /Applications/ArmGNUToolchain/15.2.rel1/arm-none-eabi/bin/../lib/gcc/arm-none-eabi/15.2.1/../../../../arm-none-eabi/lib/thumb/v6-m/nofp/libg.a(libc_a-findfp.o)
                0x10008618                __sfp_lock_acquire
 .text.__sfp_lock_release
                0x10008628       0x10 /Applications/ArmGNUToolchain/15.2.rel1/arm-none-eabi/bin/../lib/gcc/arm-none-eabi/15.2.1/../../../../arm-none-eabi/lib/thumb/v6-m/nofp/libg.a(libc_a-findfp.o)
                0x10008628                __sfp_lock_release
 .text.memmove  0x10008638      0x104 /Applications/ArmGNUToolchain/15.2.rel1/arm-none-eabi/bin/../lib/gcc/arm-none-eabi/15.2.1/../../../../arm-none-eabi/lib/thumb/v6-m/nofp/libg.a(libc_a-memmove.o)
                0x10008638                memmove
 .text._close_r
                0x1000873c       0x24 /Applications/ArmGNUToolchain/15.2.rel1/arm-none-eabi/bin/../lib/gcc/arm-none-eabi/15.2.1/../../../../arm-none-eabi/lib/thumb/v6-m/nofp/libg.a(libc_a-closer.o)
                0x1000873c                _close_r
 .text._lseek_r
                0x10008760       0x28 /Applications/ArmGNUToolchain/15.2.rel1/arm-none-eabi/bin/../lib/gcc/arm-none-eabi/15.2.1/../../../../arm-none-eabi/lib/thumb/v6-m/nofp/libg.a(libc_a-lseekr.o)
                0x10008760                _lseek_r
 .text._read_r  0x10008788       0x28 /Applications/ArmGNUToolchain/15.2.rel1/arm-none-eabi/bin/../lib/gcc/arm-none-eabi/15.2.1/../../../../arm-none-eabi/lib/thumb/v6-m/nofp/libg.a(libc_a-readr.o)
                0x10008788                _read_r
 .text._sbrk_r  0x100087b0       0x24 /Applications/ArmGNUToolchain/15.2.rel1/arm-none-eabi/bin/../lib/gcc/arm-none-eabi/15.2.1/../../../../arm-none-eabi/lib/thumb/v6-m/nofp/libg.a(libc_a-sbrkr.o)
                0x100087b0                _sbrk_r
 .text._write_r
                0x100087d4       0x28 /Applications/ArmGNUToolchain/15.2.rel1/arm-none-eabi/bin/../lib/gcc/arm-none-eabi/15.2.1/../../../../arm-none-eabi/lib/thumb/v6-m/nofp/libg.a(libc_a-writer.o)
                0x100087d4                _write_r
 .text.__errno  0x100087fc        0xc /Applications/ArmGNUToolchain/15.2.rel1/arm-none-eabi/bin/../lib/gcc/arm-none-eabi/15.2.1/../../../../arm-none-eabi/lib/thumb/v6-m/nofp/libg.a(libc_a-errno.o)
                0x100087fc                __errno
 .text.sysconf  0x10008808       0x1c /Applications/ArmGNUToolchain/15.2.rel1/arm-none-eabi/bin/../lib/gcc/arm-none-eabi/15.2.1/../../../../arm-none-eabi/lib/thumb/v6-m/nofp/libg.a(libc_a-sysconf.o)
                0x10008808                sysconf
 .text          0x10008824       0x88 /Applications/ArmGNUToolchain/15.2.rel1/arm-none-eabi/bin/../lib/gcc/arm-none-eabi/15.2.1/../../../../arm-none-eabi/lib/thumb/v6-m/nofp/libg.a(libc_a-strcmp.o)
                0x10008824                strcmp
 .text.__retarget_lock_init_recursive
                0x100088ac        0x4 /Applications/ArmGNUToolchain/15.2.rel1/arm-none-eabi/bin/../lib/gcc/arm-none-eabi/15.2.1/../../../../arm-none-eabi/lib/thumb/v6-m/nofp/libg.a(libc_a-lock.o)
                0x100088ac                __retarget_lock_init_recursive
 .text.__retarget_lock_close_recursive
                0x100088b0        0x4 /Applications/ArmGNUToolchain/15.2.rel1/arm-none-eabi/bin/../lib/gcc/arm-none-eabi/15.2.1/../../../../arm-none-eabi/lib/thumb/v6-m/nofp/libg.a(libc_a-lock.o)
                0x100088b0                __retarget_lock_close_recursive
 .text.__retarget_lock_acquire_recursive
                0x100088b4        0x4 /Applications/ArmGNUToolchain/15.2.rel1/arm-none-eabi/bin/../lib/gcc/arm-none-eabi/15.2.1/../../../../arm-none-eabi/lib/thumb/v6-m/nofp/libg.a(libc_a-lock.o)
                0x100088b4                __retarget_lock_acquire_recursive
 .text.__retarget_lock_release_recursive
                0x100088b8        0x4 /Applications/ArmGNUToolchain/15.2.rel1/arm-none-eabi/bin/../lib/gcc/arm-none-eabi/15.2.1/../../../../arm-none-eabi/lib/thumb/v6-m/nofp/libg.a(libc_a-lock.o)
                0x100088b8                __retarget_lock_release_recursive
 .text.memchr   0x100088bc       0x70 /Applications/ArmGNUToolchain/15.2.rel1/arm-none-eabi/bin/../lib/gcc/arm-none-eabi/15.2.1/../../../../arm-none-eabi/lib/thumb/v6-m/nofp/libg.a(libc_a-memchr-stub.o)
                0x100088bc                memchr
 .text.strlen   0x1000892c       0x60 /Applications/ArmGNUToolchain/15.2.rel1/arm-none-eabi/bin/../lib/gcc/arm-none-eabi/15.2.1/../../../../arm-none-eabi/lib/thumb/v6-m/nofp/libg.a(libc_a-strlen-stub.o)
                0x1000892c                strlen
 .text._malloc_trim_r
                0x1000898c       0xb0 /Applications/ArmGNUToolchain/15.2.rel1/arm-none-eabi/bin/../lib/gcc/arm-none-eabi/15.2.1/../../../../arm-none-eabi/lib/thumb/v6-m/nofp/libg.a(libc_a-freer.o)
                0x1000898c                _malloc_trim_r
 .text._free_r  0x10008a3c      0x1d4 /Applications/ArmGNUToolchain/15.2.rel1/arm-none-eabi/bin/../lib/gcc/arm-none-eabi/15.2.1/../../../../arm-none-eabi/lib/thumb/v6-m/nofp/libg.a(libc_a-freer.o)
                0x10008a3c                _free_r
 .text._sungetc_r
                0x10008c10       0x84 /Applications/ArmGNUToolchain/15.2.rel1/arm-none-eabi/bin/../lib/gcc/arm-none-eabi/15.2.1/../../../../arm-none-eabi/lib/thumb/v6-m/nofp/libg.a(libc_a-svfiscanf.o)
                0x10008c10                _sungetc_r
 .text.__ssrefill_r
                0x10008c94       0x40 /Applications/ArmGNUToolchain/15.2.rel1/arm-none-eabi/bin/../lib/gcc/arm-none-eabi/15.2.1/../../../../arm-none-eabi/lib/thumb/v6-m/nofp/libg.a(libc_a-svfiscanf.o)
                0x10008c94                __ssrefill_r
 .text._sfread_r
                0x10008cd4       0xb8 /Applications/ArmGNUToolchain/15.2.rel1/arm-none-eabi/bin/../lib/gcc/arm-none-eabi/15.2.1/../../../../arm-none-eabi/lib/thumb/v6-m/nofp/libg.a(libc_a-svfiscanf.o)
                0x10008cd4                _sfread_r
 .text.__ssvfscanf_r
                0x10008d8c     0x1a44 /Applications/ArmGNUToolchain/15.2.rel1/arm-none-eabi/bin/../lib/gcc/arm-none-eabi/15.2.1/../../../../arm-none-eabi/lib/thumb/v6-m/nofp/libg.a(libc_a-svfscanf.o)
                0x10008d8c                __ssvfscanf_r
 .text._fwalk_sglue
                0x1000a7d0       0x44 /Applications/ArmGNUToolchain/15.2.rel1/arm-none-eabi/bin/../lib/gcc/arm-none-eabi/15.2.1/../../../../arm-none-eabi/lib/thumb/v6-m/nofp/libg.a(libc_a-fwalk.o)
                0x1000a7d0                _fwalk_sglue
 .text.__svfscanf_r
                0x1000a814     0x1aa8 /Applications/ArmGNUToolchain/15.2.rel1/arm-none-eabi/bin/../lib/gcc/arm-none-eabi/15.2.1/../../../../arm-none-eabi/lib/thumb/v6-m/nofp/libg.a(libc_a-vfscanf.o)
                0x1000a814                __svfscanf_r
 .text._vfscanf_r
                0x1000c2bc       0x28 /Applications/ArmGNUToolchain/15.2.rel1/arm-none-eabi/bin/../lib/gcc/arm-none-eabi/15.2.1/../../../../arm-none-eabi/lib/thumb/v6-m/nofp/libg.a(libc_a-vfscanf.o)
                0x1000c2bc                _vfscanf_r
 .text.__smakebuf_r
                0x1000c2e4       0xd8 /Applications/ArmGNUToolchain/15.2.rel1/arm-none-eabi/bin/../lib/gcc/arm-none-eabi/15.2.1/../../../../arm-none-eabi/lib/thumb/v6-m/nofp/libg.a(libc_a-makebuf.o)
                0x1000c2e4                __smakebuf_r
 .text.__swhatbuf_r
                0x1000c3bc       0x58 /Applications/ArmGNUToolchain/15.2.rel1/arm-none-eabi/bin/../lib/gcc/arm-none-eabi/15.2.1/../../../../arm-none-eabi/lib/thumb/v6-m/nofp/libg.a(libc_a-makebuf.o)
                0x1000c3bc                __swhatbuf_r
 .text.sulp     0x1000c414       0x30 /Applications/ArmGNUToolchain/15.2.rel1/arm-none-eabi/bin/../lib/gcc/arm-none-eabi/15.2.1/../../../../arm-none-eabi/lib/thumb/v6-m/nofp/libg.a(libc_a-strtod.o)
 .text._strtod_l
                0x1000c444      0xf98 /Applications/ArmGNUToolchain/15.2.rel1/arm-none-eabi/bin/../lib/gcc/arm-none-eabi/15.2.1/../../../../arm-none-eabi/lib/thumb/v6-m/nofp/libg.a(libc_a-strtod.o)
                0x1000c444                _strtod_l
 .text._strtod_r
                0x1000d3dc       0x10 /Applications/ArmGNUToolchain/15.2.rel1/arm-none-eabi/bin/../lib/gcc/arm-none-eabi/15.2.1/../../../../arm-none-eabi/lib/thumb/v6-m/nofp/libg.a(libc_a-strtod.o)
                0x1000d3dc                _strtod_r
 .text._strtol_l.isra.0
                0x1000d3ec      0x154 /Applications/ArmGNUToolchain/15.2.rel1/arm-none-eabi/bin/../lib/gcc/arm-none-eabi/15.2.1/../../../../arm-none-eabi/lib/thumb/v6-m/nofp/libg.a(libc_a-strtol.o)
 .text._strtol_r
                0x1000d540        0x8 /Applications/ArmGNUToolchain/15.2.rel1/arm-none-eabi/bin/../lib/gcc/arm-none-eabi/15.2.1/../../../../arm-none-eabi/lib/thumb/v6-m/nofp/libg.a(libc_a-strtol.o)
                0x1000d540                _strtol_r
 .text._strtoul_l.isra.0
                0x1000d548      0x144 /Applications/ArmGNUToolchain/15.2.rel1/arm-none-eabi/bin/../lib/gcc/arm-none-eabi/15.2.1/../../../../arm-none-eabi/lib/thumb/v6-m/nofp/libg.a(libc_a-strtoul.o)
 .text._strtoul_r
                0x1000d68c        0x8 /Applications/ArmGNUToolchain/15.2.rel1/arm-none-eabi/bin/../lib/gcc/arm-none-eabi/15.2.1/../../../../arm-none-eabi/lib/thumb/v6-m/nofp/libg.a(libc_a-strtoul.o)
                0x1000d68c                _strtoul_r
 .text.lflush   0x1000d694       0x20 /Applications/ArmGNUToolchain/15.2.rel1/arm-none-eabi/bin/../lib/gcc/arm-none-eabi/15.2.1/../../../../arm-none-eabi/lib/thumb/v6-m/nofp/libg.a(libc_a-refill.o)
 .text.__srefill_r
                0x1000d6b4       0xfc /Applications/ArmGNUToolchain/15.2.rel1/arm-none-eabi/bin/../lib/gcc/arm-none-eabi/15.2.1/../../../../arm-none-eabi/lib/thumb/v6-m/nofp/libg.a(libc_a-refill.o)
                0x1000d6b4                __srefill_r
 .text._fclose_r
                0x1000d7b0       0xd4 /Applications/ArmGNUToolchain/15.2.rel1/arm-none-eabi/bin/../lib/gcc/arm-none-eabi/15.2.1/../../../../arm-none-eabi/lib/thumb/v6-m/nofp/libg.a(libc_a-fclose.o)
                0x1000d7b0                _fclose_r
 .text.__sccl   0x1000d884       0x88 /Applications/ArmGNUToolchain/15.2.rel1/arm-none-eabi/bin/../lib/gcc/arm-none-eabi/15.2.1/../../../../arm-none-eabi/lib/thumb/v6-m/nofp/libg.a(libc_a-sccl.o)
                0x1000d884                __sccl
 .text.__submore
                0x1000d90c       0x78 /Applications/ArmGNUToolchain/15.2.rel1/arm-none-eabi/bin/../lib/gcc/arm-none-eabi/15.2.1/../../../../arm-none-eabi/lib/thumb/v6-m/nofp/libg.a(libc_a-ungetc.o)
                0x1000d90c                __submore
 .text._ungetc_r
                0x1000d984      0x134 /Applications/ArmGNUToolchain/15.2.rel1/arm-none-eabi/bin/../lib/gcc/arm-none-eabi/15.2.1/../../../../arm-none-eabi/lib/thumb/v6-m/nofp/libg.a(libc_a-ungetc.o)
                0x1000d984                _ungetc_r
 .text.strncmp  0x1000dab8       0x6c /Applications/ArmGNUToolchain/15.2.rel1/arm-none-eabi/bin/../lib/gcc/arm-none-eabi/15.2.1/../../../../arm-none-eabi/lib/thumb/v6-m/nofp/libg.a(libc_a-strncmp.o)
                0x1000dab8                strncmp
 .text.stpncpy  0x1000db24       0x6c /Applications/ArmGNUToolchain/15.2.rel1/arm-none-eabi/bin/../lib/gcc/arm-none-eabi/15.2.1/../../../../arm-none-eabi/lib/thumb/v6-m/nofp/libg.a(libc_a-stpncpy.o)
                0x1000db24                stpncpy
 .text.__locale_mb_cur_max
                0x1000db90       0x10 /Applications/ArmGNUToolchain/15.2.rel1/arm-none-eabi/bin/../lib/gcc/arm-none-eabi/15.2.1/../../../../arm-none-eabi/lib/thumb/v6-m/nofp/libg.a(libc_a-locale.o)
                0x1000db90                __locale_mb_cur_max
 .text._localeconv_r
                0x1000dba0        0x8 /Applications/ArmGNUToolchain/15.2.rel1/arm-none-eabi/bin/../lib/gcc/arm-none-eabi/15.2.1/../../../../arm-none-eabi/lib/thumb/v6-m/nofp/libg.a(libc_a-localeconv.o)
                0x1000dba0                _localeconv_r
 .text._fstat_r
                0x1000dba8       0x28 /Applications/ArmGNUToolchain/15.2.rel1/arm-none-eabi/bin/../lib/gcc/arm-none-eabi/15.2.1/../../../../arm-none-eabi/lib/thumb/v6-m/nofp/libg.a(libc_a-fstatr.o)
                0x1000dba8                _fstat_r
 .text._isatty_r
                0x1000dbd0       0x24 /Applications/ArmGNUToolchain/15.2.rel1/arm-none-eabi/bin/../lib/gcc/arm-none-eabi/15.2.1/../../../../arm-none-eabi/lib/thumb/v6-m/nofp/libg.a(libc_a-isattyr.o)
                0x1000dbd0                _isatty_r
 .text._strtoll_l.isra.0
                0x1000dbf4      0x19c /Applications/ArmGNUToolchain/15.2.rel1/arm-none-eabi/bin/../lib/gcc/arm-none-eabi/15.2.1/../../../../arm-none-eabi/lib/thumb/v6-m/nofp/libg.a(libc_a-strtoll.o)
 .text._strtoll_r
                0x1000dd90        0x8 /Applications/ArmGNUToolchain/15.2.rel1/arm-none-eabi/bin/../lib/gcc/arm-none-eabi/15.2.1/../../../../arm-none-eabi/lib/thumb/v6-m/nofp/libg.a(libc_a-strtoll.o)
                0x1000dd90                _strtoll_r
 .text._strtoull_l.isra.0
                0x1000dd98      0x1c4 /Applications/ArmGNUToolchain/15.2.rel1/arm-none-eabi/bin/../lib/gcc/arm-none-eabi/15.2.1/../../../../arm-none-eabi/lib/thumb/v6-m/nofp/libg.a(libc_a-strtoull.o)
 .text._strtoull_r
                0x1000df5c        0x8 /Applications/ArmGNUToolchain/15.2.rel1/arm-none-eabi/bin/../lib/gcc/arm-none-eabi/15.2.1/../../../../arm-none-eabi/lib/thumb/v6-m/nofp/libg.a(libc_a-strtoull.o)
                0x1000df5c                _strtoull_r
 .text._mbrtowc_r
                0x1000df64       0x64 /Applications/ArmGNUToolchain/15.2.rel1/arm-none-eabi/bin/../lib/gcc/arm-none-eabi/15.2.1/../../../../arm-none-eabi/lib/thumb/v6-m/nofp/libg.a(libc_a-mbrtowc.o)
                0x1000df64                _mbrtowc_r
 .text.iswspace
                0x1000dfc8        0xc /Applications/ArmGNUToolchain/15.2.rel1/arm-none-eabi/bin/../lib/gcc/arm-none-eabi/15.2.1/../../../../arm-none-eabi/lib/thumb/v6-m/nofp/libg.a(libc_a-iswspace.o)
                0x1000dfc8                iswspace
 .text.iswspace_l
                0x1000dfd4       0x28 /Applications/ArmGNUToolchain/15.2.rel1/arm-none-eabi/bin/../lib/gcc/arm-none-eabi/15.2.1/../../../../arm-none-eabi/lib/thumb/v6-m/nofp/libg.a(libc_a-iswspace_l.o)
                0x1000dfd4                iswspace_l
 .text.nan      0x1000dffc        0xc /Applications/ArmGNUToolchain/15.2.rel1/arm-none-eabi/bin/../lib/gcc/arm-none-eabi/15.2.1/../../../../arm-none-eabi/lib/thumb/v6-m/nofp/libg.a(libm_a-s_nan.o)
                0x1000dffc                nan
 .text.nanf     0x1000e008        0x8 /Applications/ArmGNUToolchain/15.2.rel1/arm-none-eabi/bin/../lib/gcc/arm-none-eabi/15.2.1/../../../../arm-none-eabi/lib/thumb/v6-m/nofp/libg.a(libm_a-sf_nan.o)
                0x1000e008                nanf
 .text.__jp2uc  0x1000e010      0x154 /Applications/ArmGNUToolchain/15.2.rel1/arm-none-eabi/bin/../lib/gcc/arm-none-eabi/15.2.1/../../../../arm-none-eabi/lib/thumb/v6-m/nofp/libg.a(libc_a-jp2uc.o)
 .text._jp2uc_l
                0x1000e164       0x68 /Applications/ArmGNUToolchain/15.2.rel1/arm-none-eabi/bin/../lib/gcc/arm-none-eabi/15.2.1/../../../../arm-none-eabi/lib/thumb/v6-m/nofp/libg.a(libc_a-jp2uc.o)
                0x1000e164                _jp2uc_l
 .text.category
                0x1000e1cc       0x58 /Applications/ArmGNUToolchain/15.2.rel1/arm-none-eabi/bin/../lib/gcc/arm-none-eabi/15.2.1/../../../../arm-none-eabi/lib/thumb/v6-m/nofp/libg.a(libc_a-categories.o)
                0x1000e1cc                category
 .text.rshift   0x1000e224       0xa8 /Applications/ArmGNUToolchain/15.2.rel1/arm-none-eabi/bin/../lib/gcc/arm-none-eabi/15.2.1/../../../../arm-none-eabi/lib/thumb/v6-m/nofp/libg.a(libc_a-gdtoa-gethex.o)
 .text.__gethex
                0x1000e2cc      0x5f8 /Applications/ArmGNUToolchain/15.2.rel1/arm-none-eabi/bin/../lib/gcc/arm-none-eabi/15.2.1/../../../../arm-none-eabi/lib/thumb/v6-m/nofp/libg.a(libc_a-gdtoa-gethex.o)
                0x1000e2cc                __gethex
 .text.__match  0x1000e8c4       0x30 /Applications/ArmGNUToolchain/15.2.rel1/arm-none-eabi/bin/../lib/gcc/arm-none-eabi/15.2.1/../../../../arm-none-eabi/lib/thumb/v6-m/nofp/libg.a(libc_a-gdtoa-hexnan.o)
                0x1000e8c4                __match
 .text.__hexnan
                0x1000e8f4      0x1e0 /Applications/ArmGNUToolchain/15.2.rel1/arm-none-eabi/bin/../lib/gcc/arm-none-eabi/15.2.1/../../../../arm-none-eabi/lib/thumb/v6-m/nofp/libg.a(libc_a-gdtoa-hexnan.o)
                0x1000e8f4                __hexnan
 .text.__ascii_mbtowc
                0x1000ead4       0x2c /Applications/ArmGNUToolchain/15.2.rel1/arm-none-eabi/bin/../lib/gcc/arm-none-eabi/15.2.1/../../../../arm-none-eabi/lib/thumb/v6-m/nofp/libg.a(libc_a-mbtowc_r.o)
                0x1000ead4                __ascii_mbtowc
 .text._fread_r
                0x1000eb00      0x1d4 /Applications/ArmGNUToolchain/15.2.rel1/arm-none-eabi/bin/../lib/gcc/arm-none-eabi/15.2.1/../../../../arm-none-eabi/lib/thumb/v6-m/nofp/libg.a(libc_a-fread.o)
                0x1000eb00                _fread_r
 .text._Balloc  0x1000ecd4       0x58 /Applications/ArmGNUToolchain/15.2.rel1/arm-none-eabi/bin/../lib/gcc/arm-none-eabi/15.2.1/../../../../arm-none-eabi/lib/thumb/v6-m/nofp/libg.a(libc_a-mprec.o)
                0x1000ecd4                _Balloc
 .text._Bfree   0x1000ed2c       0x14 /Applications/ArmGNUToolchain/15.2.rel1/arm-none-eabi/bin/../lib/gcc/arm-none-eabi/15.2.1/../../../../arm-none-eabi/lib/thumb/v6-m/nofp/libg.a(libc_a-mprec.o)
                0x1000ed2c                _Bfree
 .text.__multadd
                0x1000ed40       0xa4 /Applications/ArmGNUToolchain/15.2.rel1/arm-none-eabi/bin/../lib/gcc/arm-none-eabi/15.2.1/../../../../arm-none-eabi/lib/thumb/v6-m/nofp/libg.a(libc_a-mprec.o)
                0x1000ed40                __multadd
 .text.__s2b    0x1000ede4       0xb0 /Applications/ArmGNUToolchain/15.2.rel1/arm-none-eabi/bin/../lib/gcc/arm-none-eabi/15.2.1/../../../../arm-none-eabi/lib/thumb/v6-m/nofp/libg.a(libc_a-mprec.o)
                0x1000ede4                __s2b
 .text.__hi0bits
                0x1000ee94       0x60 /Applications/ArmGNUToolchain/15.2.rel1/arm-none-eabi/bin/../lib/gcc/arm-none-eabi/15.2.1/../../../../arm-none-eabi/lib/thumb/v6-m/nofp/libg.a(libc_a-mprec.o)
                0x1000ee94                __hi0bits
 .text.__lo0bits
                0x1000eef4       0x8c /Applications/ArmGNUToolchain/15.2.rel1/arm-none-eabi/bin/../lib/gcc/arm-none-eabi/15.2.1/../../../../arm-none-eabi/lib/thumb/v6-m/nofp/libg.a(libc_a-mprec.o)
                0x1000eef4                __lo0bits
 .text.__i2b    0x1000ef80       0x60 /Applications/ArmGNUToolchain/15.2.rel1/arm-none-eabi/bin/../lib/gcc/arm-none-eabi/15.2.1/../../../../arm-none-eabi/lib/thumb/v6-m/nofp/libg.a(libc_a-mprec.o)
                0x1000ef80                __i2b
 .text.__multiply
                0x1000efe0      0x1b8 /Applications/ArmGNUToolchain/15.2.rel1/arm-none-eabi/bin/../lib/gcc/arm-none-eabi/15.2.1/../../../../arm-none-eabi/lib/thumb/v6-m/nofp/libg.a(libc_a-mprec.o)
                0x1000efe0                __multiply
 .text.__pow5mult
                0x1000f198       0xd4 /Applications/ArmGNUToolchain/15.2.rel1/arm-none-eabi/bin/../lib/gcc/arm-none-eabi/15.2.1/../../../../arm-none-eabi/lib/thumb/v6-m/nofp/libg.a(libc_a-mprec.o)
                0x1000f198                __pow5mult
 .text.__lshift
                0x1000f26c       0xf4 /Applications/ArmGNUToolchain/15.2.rel1/arm-none-eabi/bin/../lib/gcc/arm-none-eabi/15.2.1/../../../../arm-none-eabi/lib/thumb/v6-m/nofp/libg.a(libc_a-mprec.o)
                0x1000f26c                __lshift
 .text.__mcmp   0x1000f360       0x4c /Applications/ArmGNUToolchain/15.2.rel1/arm-none-eabi/bin/../lib/gcc/arm-none-eabi/15.2.1/../../../../arm-none-eabi/lib/thumb/v6-m/nofp/libg.a(libc_a-mprec.o)
                0x1000f360                __mcmp
 .text.__mdiff  0x1000f3ac      0x1a0 /Applications/ArmGNUToolchain/15.2.rel1/arm-none-eabi/bin/../lib/gcc/arm-none-eabi/15.2.1/../../../../arm-none-eabi/lib/thumb/v6-m/nofp/libg.a(libc_a-mprec.o)
                0x1000f3ac                __mdiff
 .text.__ulp    0x1000f54c       0x40 /Applications/ArmGNUToolchain/15.2.rel1/arm-none-eabi/bin/../lib/gcc/arm-none-eabi/15.2.1/../../../../arm-none-eabi/lib/thumb/v6-m/nofp/libg.a(libc_a-mprec.o)
                0x1000f54c                __ulp
 .text.__b2d    0x1000f58c       0xc4 /Applications/ArmGNUToolchain/15.2.rel1/arm-none-eabi/bin/../lib/gcc/arm-none-eabi/15.2.1/../../../../arm-none-eabi/lib/thumb/v6-m/nofp/libg.a(libc_a-mprec.o)
                0x1000f58c                __b2d
 .text.__d2b    0x1000f650       0xd0 /Applications/ArmGNUToolchain/15.2.rel1/arm-none-eabi/bin/../lib/gcc/arm-none-eabi/15.2.1/../../../../arm-none-eabi/lib/thumb/v6-m/nofp/libg.a(libc_a-mprec.o)
                0x1000f650                __d2b
 .text.__ratio  0x1000f720       0x5c /Applications/ArmGNUToolchain/15.2.rel1/arm-none-eabi/bin/../lib/gcc/arm-none-eabi/15.2.1/../../../../arm-none-eabi/lib/thumb/v6-m/nofp/libg.a(libc_a-mprec.o)
                0x1000f720                __ratio
 .text.__copybits
                0x1000f77c       0x44 /Applications/ArmGNUToolchain/15.2.rel1/arm-none-eabi/bin/../lib/gcc/arm-none-eabi/15.2.1/../../../../arm-none-eabi/lib/thumb/v6-m/nofp/libg.a(libc_a-mprec.o)
                0x1000f77c                __copybits
 .text.__any_on
                0x1000f7c0       0x50 /Applications/ArmGNUToolchain/15.2.rel1/arm-none-eabi/bin/../lib/gcc/arm-none-eabi/15.2.1/../../../../arm-none-eabi/lib/thumb/v6-m/nofp/libg.a(libc_a-mprec.o)
                0x1000f7c0                __any_on
 .text.__ascii_wctomb
                0x1000f810       0x1c /Applications/ArmGNUToolchain/15.2.rel1/arm-none-eabi/bin/../lib/gcc/arm-none-eabi/15.2.1/../../../../arm-none-eabi/lib/thumb/v6-m/nofp/libg.a(libc_a-wctomb_r.o)
                0x1000f810                __ascii_wctomb
 *(.fini)
 .fini          0x1000f82c        0x4 /Applications/ArmGNUToolchain/15.2.rel1/arm-none-eabi/bin/../lib/gcc/arm-none-eabi/15.2.1/thumb/v6-m/nofp/crti.o
                0x1000f82c                _fini
 .fini.__stub   0x1000f830       0xc0 linker stubs
 *crtbegin.o(.ctors)
 *crtbegin?.o(.ctors)
 *(EXCLUDE_FILE(*crtend.o *crtend?.o) .ctors)
 *(SORT_BY_NAME(.ctors.*))
 *(.ctors)
 *crtbegin.o(.dtors)
 *crtbegin?.o(.dtors)
 *(EXCLUDE_FILE(*crtend.o *crtend?.o) .dtors)
 *(SORT_BY_NAME(.dtors.*))
 *(.dtors)
                0x1000f8f0                        . = ALIGN (0x4)
                0x1000f8f0                        PROVIDE (__preinit_array_start = .)
 *(SORT_BY_NAME(.preinit_array.*))
 .preinit_array.00100
                0x1000f8f0        0x4 CMakeFiles/enigma.dir/pico-sdk/src/rp2_common/pico_runtime_init/runtime_init.c.o
                0x1000f8f0                __pre_init_runtime_init_early_resets
 .preinit_array.00101
                0x1000f8f4        0x4 CMakeFiles/enigma.dir/pico-sdk/src/rp2_common/pico_runtime_init/runtime_init.c.o
                0x1000f8f4                __pre_init_runtime_init_usb_power_down
 .preinit_array.00275
                0x1000f8f8        0x4 CMakeFiles/enigma.dir/pico-sdk/src/rp2_common/pico_bit_ops/bit_ops_aeabi.S.o
 .preinit_array.00300
                0x1000f8fc        0x4 CMakeFiles/enigma.dir/pico-sdk/src/rp2_common/pico_mem_ops/mem_ops_aeabi.S.o
 .preinit_array.00350
                0x1000f900        0x4 CMakeFiles/enigma.dir/pico-sdk/src/rp2_common/pico_double/double_aeabi_rp2040.S.o
 .preinit_array.00350
                0x1000f904        0x4 CMakeFiles/enigma.dir/pico-sdk/src/rp2_common/pico_float/float_aeabi_rp2040.S.o
 .preinit_array.00500
                0x1000f908        0x4 CMakeFiles/enigma.dir/pico-sdk/src/rp2_common/pico_runtime_init/runtime_init.c.o
                0x1000f908                __pre_init_runtime_init_clocks
 .preinit_array.00600
                0x1000f90c        0x4 CMakeFiles/enigma.dir/pico-sdk/src/rp2_common/pico_runtime_init/runtime_init.c.o
                0x1000f90c                __pre_init_runtime_init_post_clock_resets
 .preinit_array.00700
                0x1000f910        0x4 CMakeFiles/enigma.dir/pico-sdk/src/rp2_common/pico_runtime_init/runtime_init.c.o
                0x1000f910                __pre_init_runtime_init_rp2040_gpio_ie_disable
 .preinit_array.01000
                0x1000f914        0x4 CMakeFiles/enigma.dir/pico-sdk/src/rp2_common/pico_runtime_init/runtime_init.c.o
                0x1000f914                __pre_init_runtime_init_spin_locks_reset
 .preinit_array.01100
                0x1000f918        0x4 CMakeFiles/enigma.dir/pico-sdk/src/common/pico_sync/mutex.c.o
                0x1000f918                __pre_init_runtime_init_mutex
 .preinit_array.10080
                0x1000f91c        0x4 CMakeFiles/enigma.dir/pico-sdk/src/rp2_common/pico_runtime_init/runtime_init.c.o
                0x1000f91c                __pre_init_runtime_init_install_ram_vector_table
 .preinit_array.11000
                0x1000f920        0x4 CMakeFiles/enigma.dir/pico-sdk/src/common/pico_time/time.c.o
                0x1000f920                __pre_init_runtime_init_default_alarm_pool
 .preinit_array.YYYYY
                0x1000f924        0x4 CMakeFiles/enigma.dir/pico-sdk/src/rp2_common/pico_runtime/runtime.c.o
                0x1000f924                __pre_init_first_per_core_initializer
 .preinit_array.ZZZZZ.01200
                0x1000f928        0x4 CMakeFiles/enigma.dir/pico-sdk/src/rp2_common/hardware_irq/irq.c.o
                0x1000f928                __pre_init_runtime_init_per_core_irq_priorities
 *(.preinit_array)
                0x1000f92c                        PROVIDE (__preinit_array_end = .)
                0x1000f92c                        . = ALIGN (0x4)
                0x1000f92c                        PROVIDE (__init_array_start = .)
 *(SORT_BY_NAME(.init_array.*))
 .init_array.01000
                0x1000f92c        0x4 CMakeFiles/enigma.dir/pico-sdk/src/rp2_common/pico_unique_id/unique_id.c.o
 *(.init_array)
 .init_array    0x1000f930        0x4 /Applications/ArmGNUToolchain/15.2.rel1/arm-none-eabi/bin/../lib/gcc/arm-none-eabi/15.2.1/thumb/v6-m/nofp/crtbegin.o
                0x1000f934                        PROVIDE (__init_array_end = .)
                0x1000f934                        . = ALIGN (0x4)
                [!provide]                        PROVIDE (__fini_array_start = .)
 *(SORT_BY_NAME(.fini_array.*))
 *(.fini_array)
                [!provide]                        PROVIDE (__fini_array_end = .)
 *(.eh_frame*)
 .eh_frame      0x1000f934        0x0 /Applications/ArmGNUToolchain/15.2.rel1/arm-none-eabi/bin/../lib/gcc/arm-none-eabi/15.2.1/thumb/v6-m/nofp/crtbegin.o
                0x1000f934                        . = ALIGN (0x4)

.glue_7         0x1000f934        0x0
 .glue_7        0x1000f934        0x0 linker stubs

.glue_7t        0x1000f934        0x0
 .glue_7t       0x1000f934        0x0 linker stubs

.vfp11_veneer   0x1000f934        0x0
 .vfp11_veneer  0x1000f934        0x0 linker stubs

.v4_bx          0x1000f934        0x0
 .v4_bx         0x1000f934        0x0 linker stubs

.iplt           0x1000f934        0x0
 .iplt          0x1000f934        0x0 /Applications/ArmGNUToolchain/15.2.rel1/arm-none-eabi/bin/../lib/gcc/arm-none-eabi/15.2.1/thumb/v6-m/nofp/crtbegin.o

.rodata         0x1000f938     0x8750
 *(EXCLUDE_FILE(*libm.a: *libc.a:*lib_a-mem*.o *libgcc.a:) .rodata*)
 .rodata.main.str1.4
                0x1000f938      0x90a CMakeFiles/enigma.dir/Enigma2.0/src/main.c.o
                                0x305 (size before relaxing)
 *fill*         0x10010242        0x2 
 .rodata.main   0x10010244       0x44 CMakeFiles/enigma.dir/Enigma2.0/src/main.c.o
 .rodata.reset_rotors.str1.4
                0x10010288        0x0 CMakeFiles/enigma.dir/Enigma2.0/src/functions.c.o
                                 0x22 (size before relaxing)
 .rodata.setup_leds.str1.4
                0x10010288        0x0 CMakeFiles/enigma.dir/Enigma2.0/src/functions.c.o
                                 0x15 (size before relaxing)
 .rodata.set_rotor_order.str1.4
                0x10010288        0x0 CMakeFiles/enigma.dir/Enigma2.0/src/functions.c.o
                                 0x1e (size before relaxing)
 .rodata.set_ring_settings.str1.4
                0x10010288        0x0 CMakeFiles/enigma.dir/Enigma2.0/src/functions.c.o
                                 0x20 (size before relaxing)
 .rodata.load_config.str1.4
                0x10010288        0x0 CMakeFiles/enigma.dir/Enigma2.0/src/functions.c.o
                                 0x2a (size before relaxing)
 .rodata.save_config.str1.4
                0x10010288        0x0 CMakeFiles/enigma.dir/Enigma2.0/src/functions.c.o
                                 0x27 (size before relaxing)
 .rodata.set_plugboard.str1.4
                0x10010288        0x0 CMakeFiles/enigma.dir/Enigma2.0/src/plugboard.c.o
                                 0x89 (size before relaxing)
 .rodata.greet_user.str1.4
                0x10010288        0x0 CMakeFiles/enigma.dir/Enigma2.0/src/ui_functions.c.o
                                 0x26 (size before relaxing)
 .rodata.print_banners.str1.4
                0x10010288        0x0 CMakeFiles/enigma.dir/Enigma2.0/src/ui_functions.c.o
                                 0x81 (size before relaxing)
 .rodata.print_menu.str1.4
                0x10010288        0x0 CMakeFiles/enigma.dir/Enigma2.0/src/ui_functions.c.o
                                 0xf4 (size before relaxing)
 .rodata.REFLECTOR_B
                0x10010288       0x68 CMakeFiles/enigma.dir/Enigma2.0/src/rotors.c.o
 .rodata.ROTOR_NOTCHES
                0x100102f0       0x14 CMakeFiles/enigma.dir/Enigma2.0/src/rotors.c.o
 *fill*         0x10010304        0x4 
 .rodata.ROTORS
                0x10010308      0x208 CMakeFiles/enigma.dir/Enigma2.0/src/rotors.c.o
 .rodata.panic.str1.4
                0x10010510        0x0 CMakeFiles/enigma.dir/pico-sdk/src/rp2_common/pico_platform_panic/panic.c.o
                                 0x12 (size before relaxing)
 .rodata.spin_lock_claim_unused.str1.4
                0x10010510        0x0 CMakeFiles/enigma.dir/pico-sdk/src/rp2_common/hardware_sync/sync.c.o
                                 0x1b (size before relaxing)
 .rodata.user_irq_claim_unused.str1.4
                0x10010510        0x0 CMakeFiles/enigma.dir/pico-sdk/src/rp2_common/hardware_irq/irq.c.o
                                 0x1b (size before relaxing)
 .rodata.at_the_end_of_time
                0x10010510        0x8 CMakeFiles/enigma.dir/pico-sdk/src/common/pico_time/time.c.o
                0x10010510                at_the_end_of_time
 .rodata.timer_hardware_alarm_claim.str1.4
                0x10010518        0x0 CMakeFiles/enigma.dir/pico-sdk/src/rp2_common/hardware_timer/timer.c.o
                                 0x22 (size before relaxing)
 .rodata.hard_assertion_failure.str1.4
                0x10010518        0x0 CMakeFiles/enigma.dir/pico-sdk/src/rp2_common/pico_runtime/runtime.c.o
                                  0xc (size before relaxing)
 .rodata.__wrap_malloc.str1.4
                0x10010518        0x0 CMakeFiles/enigma.dir/pico-sdk/src/rp2_common/pico_malloc/malloc.c.o
                                  0xe (size before relaxing)
 .rodata.str1.4
                0x10010518        0x0 CMakeFiles/enigma.dir/pico-sdk/src/rp2_common/pico_standard_binary_info/standard_binary_info.c.o
                                 0x3c (size before relaxing)
 .rodata.__bi_84
                0x10010518        0xc CMakeFiles/enigma.dir/pico-sdk/src/rp2_common/pico_standard_binary_info/standard_binary_info.c.o
 .rodata.__bi_78
                0x10010524        0xc CMakeFiles/enigma.dir/pico-sdk/src/rp2_common/pico_standard_binary_info/standard_binary_info.c.o
 .rodata.__bi_54
                0x10010530        0xc CMakeFiles/enigma.dir/pico-sdk/src/rp2_common/pico_standard_binary_info/standard_binary_info.c.o
 .rodata.__bi_48
                0x1001053c        0xc CMakeFiles/enigma.dir/pico-sdk/src/rp2_common/pico_standard_binary_info/standard_binary_info.c.o
 .rodata.__bi_42
                0x10010548        0xc CMakeFiles/enigma.dir/pico-sdk/src/rp2_common/pico_standard_binary_info/standard_binary_info.c.o
 .rodata.__bi_34
                0x10010554        0xc CMakeFiles/enigma.dir/pico-sdk/src/rp2_common/pico_standard_binary_info/standard_binary_info.c.o
 .rodata.__bi_26
                0x10010560        0xc CMakeFiles/enigma.dir/pico-sdk/src/rp2_common/pico_standard_binary_info/standard_binary_info.c.o
 .rodata._ftoa.str1.4
                0x1001056c        0x0 CMakeFiles/enigma.dir/pico-sdk/src/rp2_common/pico_printf/printf.c.o
                                 0x15 (size before relaxing)
 .rodata._vsnprintf