Archive member included to satisfy reference by file (symbol)

/usr/lib/gcc/arm-none-eabi/13.2.1/thumb/v6-m/nofp/libgcc.a(_dvmd_tls.o)
                              CMakeFiles/enigma.dir/pico-sdk/src/rp2_common/pico_divider/divider_hardware.S.o (__aeabi_idiv0)
/usr/lib/gcc/arm-none-eabi/13.2.1/../../../arm-none-eabi/lib/thumb/v6-m/nofp/libg.a(libc_a-sscanf.o)
                              CMakeFiles/enigma.dir/Enigma2.0/src/main.c.o (sscanf)
/usr/lib/gcc/arm-none-eabi/13.2.1/../../../arm-none-eabi/lib/thumb/v6-m/nofp/libg.a(libc_a-strchr.o)
                              CMakeFiles/enigma.dir/Enigma2.0/src/main.c.o (strchr)
/usr/lib/gcc/arm-none-eabi/13.2.1/../../../arm-none-eabi/lib/thumb/v6-m/nofp/libg.a(libc_a-fflush.o)
                              CMakeFiles/enigma.dir/Enigma2.0/src/main.c.o (fflush)
/usr/lib/gcc/arm-none-eabi/13.2.1/../../../arm-none-eabi/lib/thumb/v6-m/nofp/libg.a(libc_a-setvbuf.o)
                              CMakeFiles/enigma.dir/Enigma2.0/src/main.c.o (setvbuf)
/usr/lib/gcc/arm-none-eabi/13.2.1/../../../arm-none-eabi/lib/thumb/v6-m/nofp/libg.a(libc_a-calloc.o)
                              CMakeFiles/enigma.dir/pico-sdk/src/rp2_common/pico_malloc/malloc.c.o (calloc)
/usr/lib/gcc/arm-none-eabi/13.2.1/../../../arm-none-eabi/lib/thumb/v6-m/nofp/libg.a(libc_a-impure.o)
                              CMakeFiles/enigma.dir/Enigma2.0/src/main.c.o (_impure_ptr)
/usr/lib/gcc/arm-none-eabi/13.2.1/../../../arm-none-eabi/lib/thumb/v6-m/nofp/libg.a(libc_a-fgets.o)
                              CMakeFiles/enigma.dir/Enigma2.0/src/main.c.o (fgets)
/usr/lib/gcc/arm-none-eabi/13.2.1/../../../arm-none-eabi/lib/thumb/v6-m/nofp/libg.a(libc_a-callocr.o)
                              /usr/lib/gcc/arm-none-eabi/13.2.1/../../../arm-none-eabi/lib/thumb/v6-m/nofp/libg.a(libc_a-calloc.o) (_calloc_r)
/usr/lib/gcc/arm-none-eabi/13.2.1/../../../arm-none-eabi/lib/thumb/v6-m/nofp/libg.a(libc_a-realloc.o)
                              CMakeFiles/enigma.dir/pico-sdk/src/rp2_common/pico_malloc/malloc.c.o (realloc)
/usr/lib/gcc/arm-none-eabi/13.2.1/../../../arm-none-eabi/lib/thumb/v6-m/nofp/libg.a(libc_a-mallocr.o)
                              /usr/lib/gcc/arm-none-eabi/13.2.1/../../../arm-none-eabi/lib/thumb/v6-m/nofp/libg.a(libc_a-callocr.o) (_malloc_r)
/usr/lib/gcc/arm-none-eabi/13.2.1/../../../arm-none-eabi/lib/thumb/v6-m/nofp/libg.a(libc_a-freer.o)
                              /usr/lib/gcc/arm-none-eabi/13.2.1/../../../arm-none-eabi/lib/thumb/v6-m/nofp/libg.a(libc_a-fflush.o) (_free_r)
/usr/lib/gcc/arm-none-eabi/13.2.1/../../../arm-none-eabi/lib/thumb/v6-m/nofp/libg.a(libc_a-svfscanf.o)
                              /usr/lib/gcc/arm-none-eabi/13.2.1/../../../arm-none-eabi/lib/thumb/v6-m/nofp/libg.a(libc_a-sscanf.o) (__ssvfscanf_r)
/usr/lib/gcc/arm-none-eabi/13.2.1/../../../arm-none-eabi/lib/thumb/v6-m/nofp/libg.a(libc_a-memcmp.o)
                              CMakeFiles/enigma.dir/pico-sdk/src/rp2_common/pico_atomic/atomic.c.o (memcmp)
/usr/lib/gcc/arm-none-eabi/13.2.1/../../../arm-none-eabi/lib/thumb/v6-m/nofp/libg.a(libc_a-strtol.o)
                              /usr/lib/gcc/arm-none-eabi/13.2.1/../../../arm-none-eabi/lib/thumb/v6-m/nofp/libg.a(libc_a-svfscanf.o) (_strtol_r)
/usr/lib/gcc/arm-none-eabi/13.2.1/../../../arm-none-eabi/lib/thumb/v6-m/nofp/libg.a(libc_a-malloc.o)
                              CMakeFiles/enigma.dir/pico-sdk/src/rp2_common/pico_malloc/malloc.c.o (malloc)
/usr/lib/gcc/arm-none-eabi/13.2.1/../../../arm-none-eabi/lib/thumb/v6-m/nofp/libg.a(libc_a-sysconf.o)
                              /usr/lib/gcc/arm-none-eabi/13.2.1/../../../arm-none-eabi/lib/thumb/v6-m/nofp/libg.a(libc_a-mallocr.o) (sysconf)
/usr/lib/gcc/arm-none-eabi/13.2.1/../../../arm-none-eabi/lib/thumb/v6-m/nofp/libg.a(libc_a-stdio.o)
                              /usr/lib/gcc/arm-none-eabi/13.2.1/../../../arm-none-eabi/lib/thumb/v6-m/nofp/libg.a(libc_a-sscanf.o) (__seofread)
/usr/lib/gcc/arm-none-eabi/13.2.1/../../../arm-none-eabi/lib/thumb/v6-m/nofp/libg.a(libc_a-iswspace.o)
                              /usr/lib/gcc/arm-none-eabi/13.2.1/../../../arm-none-eabi/lib/thumb/v6-m/nofp/libg.a(libc_a-svfscanf.o) (iswspace)
/usr/lib/gcc/arm-none-eabi/13.2.1/../../../arm-none-eabi/lib/thumb/v6-m/nofp/libg.a(libc_a-mbrtowc.o)
                              /usr/lib/gcc/arm-none-eabi/13.2.1/../../../arm-none-eabi/lib/thumb/v6-m/nofp/libg.a(libc_a-svfscanf.o) (_mbrtowc_r)
/usr/lib/gcc/arm-none-eabi/13.2.1/../../../arm-none-eabi/lib/thumb/v6-m/nofp/libg.a(libc_a-init.o)
                              /usr/lib/gcc/arm-none-eabi/13.2.1/../../../arm-none-eabi/lib/thumb/v6-m/nofp/crt0.o (__libc_init_array)
/usr/lib/gcc/arm-none-eabi/13.2.1/../../../arm-none-eabi/lib/thumb/v6-m/nofp/libg.a(libc_a-refill.o)
                              /usr/lib/gcc/arm-none-eabi/13.2.1/../../../arm-none-eabi/lib/thumb/v6-m/nofp/libg.a(libc_a-fgets.o) (__srefill_r)
[...]
Memory Configuration

Name             Origin             Length             Attributes
FLASH            0x10000000         0x00200000         xr
RAM              0x20000000         0x00040000         xrw
SCRATCH_X        0x20040000         0x00001000         xrw
SCRATCH_Y        0x20041000         0x00001000         xrw
*default*        0x00000000         0xffffffff

Linker script and memory map

LOAD /usr/lib/gcc/arm-none-eabi/13.2.1/thumb/v6-m/nofp/crti.o
LOAD /usr/lib/gcc/arm-none-eabi/13.2.1/thumb/v6-m/nofp/crtbegin.o
LOAD /usr/lib/gcc/arm-none-eabi/13.2.1/../../../arm-none-eabi/lib/thumb/v6-m/nofp/crt0.o

.flash_begin    0x10000000        0x0
                0x10000000                        __flash_binary_start = .

.boot2          0x10000000      0x100
                0x10000000                        __boot2_start__ = .
 *(.boot2)
 .boot2         0x10000000      0x100 pico-sdk/src/rp2040/boot_stage2/CMakeFiles/bs2_default_library.dir/bs2_default_padded_checksummed.S.o
                0x10000100                        __boot2_end__ = .
                0x00000001                        ASSERT (((__boot2_end__ - __boot2_start__) == 0x100), ERROR: Pico second stage bootloader must be 256 bytes in size)

.text           0x10000100     0xf240
                0x10000100                        __logical_binary_start = .
 *(.vectors)
 .vectors       0x10000100       0xd4 CMakeFiles/enigma.dir/pico-sdk/src/rp2_common/pico_crt0/crt0.S.o
                0x10000100                __vectors
                0x10000100                __VECTOR_TABLE
                0x100001c0                isr_invalid
                0x100001c0                __default_isrs_start
                0x100001c2                isr_nmi
                0x100001c4                isr_hardfault
                0x100001c6                isr_svcall
                0x100001c8                isr_pendsv
                0x100001ca                isr_systick
                0x100001cc                isr_irq30
                0x100001cc                __unhandled_user_irq
                0x100001cc                isr_irq13
                0x100001cc                isr_irq27
                0x100001cc                isr_irq31
                0x100001cc                isr_irq5
                0x100001cc                isr_irq11
                0x100001cc                isr_irq23
                0x100001cc                isr_irq18
                0x100001cc                isr_irq28
                0x100001cc                isr_irq19
                0x100001cc                isr_irq0
                0x100001cc                isr_irq6
                0x100001cc                isr_irq22
                0x100001cc                isr_irq17
                0x100001cc                isr_irq14
                0x100001cc                isr_irq2
                0x100001cc                isr_irq10
                0x100001cc                isr_irq8
                0x100001cc                isr_irq24
                0x100001cc                isr_irq1
                0x100001cc                isr_irq7
                0x100001cc                isr_irq21
                0x100001cc                isr_irq20
                0x100001cc                isr_irq15
                0x100001cc                isr_irq25
                0x100001cc                isr_irq4
                0x100001cc                isr_irq16
                0x100001cc                isr_irq29
                0x100001cc                isr_irq26
                0x100001cc                __default_isrs_end
                0x100001cc                isr_irq3
                0x100001cc                isr_irq12
                0x100001cc                isr_irq9
                0x100001d2                unhandled_user_irq_num_in_r0
 *(.binary_info_header)
 .binary_info_header
                0x100001d4       0x14 CMakeFiles/enigma.dir/pico-sdk/src/rp2_common/pico_crt0/crt0.S.o
                0x100001e8                        __binary_info_header_end = .
 *(.embedded_block)
                0x100001e8                        __embedded_block_end = .
 *(.reset)
 .reset         0x100001e8       0x9c CMakeFiles/enigma.dir/pico-sdk/src/rp2_common/pico_crt0/crt0.S.o
                0x100001e8                _entry_point
 *(.init)
 .init          0x10000284        0x4 /usr/lib/gcc/arm-none-eabi/13.2.1/thumb/v6-m/nofp/crti.o
                0x10000284                _init
 *(EXCLUDE_FILE(*libm.a: *libc.a:*lib_a-mem*.o *libgcc.a:) .text*)
 .text          0x10000288       0x98 /usr/lib/gcc/arm-none-eabi/13.2.1/thumb/v6-m/nofp/crtbegin.o
 .text.startup.main
                0x10000320      0x2f8 CMakeFiles/enigma.dir/Enigma2.0/src/main.c.o
                0x10000320                main
 .text.clean_input
                0x10000618       0x3c CMakeFiles/enigma.dir/Enigma2.0/src/functions.c.o
                0x10000618                clean_input
 .text.clear_stdin
                0x10000654       0x14 CMakeFiles/enigma.dir/Enigma2.0/src/functions.c.o
                0x10000654                clear_stdin
 .text.process_message
                0x10000668       0x6c CMakeFiles/enigma.dir/Enigma2.0/src/functions.c.o
                0x10000668                process_message
 .text.get_menu_choice
                0x100006d4       0x30 CMakeFiles/enigma.dir/Enigma2.0/src/functions.c.o
                0x100006d4                get_menu_choice
 .text.confirm  0x10000704        0xc CMakeFiles/enigma.dir/Enigma2.0/src/functions.c.o
                0x10000704                confirm
 .text.reset_rotors
                0x10000710       0x14 CMakeFiles/enigma.dir/Enigma2.0/src/functions.c.o
                0x10000710                reset_rotors
 .text.setup_leds
                0x10000724       0x10 CMakeFiles/enigma.dir/Enigma2.0/src/functions.c.o
                0x10000724                setup_leds
 .text.set_rotor_order
                0x10000734       0x20 CMakeFiles/enigma.dir/Enigma2.0/src/functions.c.o
                0x10000734                set_rotor_order
 .text.set_ring_settings
                0x10000754       0x5c CMakeFiles/enigma.dir/Enigma2.0/src/functions.c.o
                0x10000754                set_ring_settings
 .text.load_config
                0x100007b0       0x10 CMakeFiles/enigma.dir/Enigma2.0/src/functions.c.o
                0x100007b0                load_config
 .text.save_config
                0x100007c0       0x10 CMakeFiles/enigma.dir/Enigma2.0/src/functions.c.o
                0x100007c0                save_config
 .text.reset_plugboard
                0x100007d0       0x14 CMakeFiles/enigma.dir/Enigma2.0/src/plugboard.c.o
                0x100007d0                reset_plugboard
 .text.set_plugboard
                0x100007e4       0xb0 CMakeFiles/enigma.dir/Enigma2.0/src/plugboard.c.o
                0x100007e4                set_plugboard
 .text.plugboard_get_mapping
                0x10000894       0x10 CMakeFiles/enigma.dir/Enigma2.0/src/plugboard.c.o
                0x10000894                plugboard_get_mapping
 .text.greet_user
                0x100008a4       0x10 CMakeFiles/enigma.dir/Enigma2.0/src/ui_functions.c.o
                0x100008a4                greet_user
 .text.print_banners
                0x100008b4       0x40 CMakeFiles/enigma.dir/Enigma2.0/src/ui_functions.c.o
                0x100008b4                print_banners
 .text.print_menu
                0x100008f4       0x60 CMakeFiles/enigma.dir/Enigma2.0/src/ui_functions.c.o
                0x100008f4                print_menu
 .text.rotors_init
                0x10000954       0x34 CMakeFiles/enigma.dir/Enigma2.0/src/rotors.c.o
                0x10000954                rotors_init
 .text.rotors_set_order
                0x10000988       0x14 CMakeFiles/enigma.dir/Enigma2.0/src/rotors.c.o
                0x10000988                rotors_set_order
 .text.rotors_set_ring_settings
                0x1000099c       0x14 CMakeFiles/enigma.dir/Enigma2.0/src/rotors.c.o
                0x1000099c                rotors_set_ring_settings
 .text.rotors_step
                0x100009b0       0x74 CMakeFiles/enigma.dir/Enigma2.0/src/rotors.c.o
                0x100009b0                rotors_step
 .text.rotor_forward
                0x10000a24       0x58 CMakeFiles/enigma.dir/Enigma2.0/src/rotors.c.o
                0x10000a24                rotor_forward
 .text.rotor_backward
                0x10000a7c       0x6c CMakeFiles/enigma.dir/Enigma2.0/src/rotors.c.o
                0x10000a7c                rotor_backward
 .text.reflector_reflect
                0x10000ae8        0xc CMakeFiles/enigma.dir/Enigma2.0/src/rotors.c.o
                0x10000ae8                reflector_reflect
 .text.rp2040_chip_version
                0x10000af4        0xc CMakeFiles/enigma.dir/pico-sdk/src/rp2040/pico_platform/platform.c.o
                0x10000af4                rp2040_chip_version
 .text.panic    0x10000b00       0x30 CMakeFiles/enigma.dir/pico-sdk/src/rp2_common/pico_platform_panic/panic.c.o
                0x10000b00                panic
 .text.hw_claim_or_assert
                0x10000b30       0x44 CMakeFiles/enigma.dir/pico-sdk/src/common/hardware_claim/claim.c.o
                0x10000b30                hw_claim_or_assert
 .text.hw_claim_unused_from_range
                0x10000b74       0x9c CMakeFiles/enigma.dir/pico-sdk/src/common/hardware_claim/claim.c.o
                0x10000b74                hw_claim_unused_from_range
 .text.next_striped_spin_lock_num
                0x10000c10       0x18 CMakeFiles/enigma.dir/pico-sdk/src/rp2_common/hardware_sync/sync.c.o
                0x10000c10                next_striped_spin_lock_num
 .text.spin_lock_claim_unused
                0x10000c28       0x24 CMakeFiles/enigma.dir/pico-sdk/src/rp2_common/hardware_sync/sync.c.o
                0x10000c28                spin_lock_claim_unused
 .text.spin_locks_reset
                0x10000c4c       0x1c CMakeFiles/enigma.dir/pico-sdk/src/rp2_common/hardware_sync_spin_lock/sync_spin_lock.c.o
                0x10000c4c                spin_locks_reset
 .text.runtime_init_per_core_irq_priorities
                0x10000c68       0x24 CMakeFiles/enigma.dir/pico-sdk/src/rp2_common/hardware_irq/irq.c.o
                0x10000c68                runtime_init_per_core_irq_priorities
 .text.irq_set_enabled
                0x10000c8c       0x24 CMakeFiles/enigma.dir/pico-sdk/src/rp2_common/hardware_irq/irq.c.o
                0x10000c8c                irq_set_enabled
 .text.irq_is_enabled
                0x10000cb0       0x18 CMakeFiles/enigma.dir/pico-sdk/src/rp2_common/hardware_irq/irq.c.o
                0x10000cb0                irq_is_enabled
 .text.irq_set_pending
                0x10000cc8       0x10 CMakeFiles/enigma.dir/pico-sdk/src/rp2_common/hardware_irq/irq.c.o
                0x10000cc8                irq_set_pending
 .text.irq_has_shared_handler
                0x10000cd8       0x24 CMakeFiles/enigma.dir/pico-sdk/src/rp2_common/hardware_irq/irq.c.o
                0x10000cd8                irq_has_shared_handler
 .text.irq_set_exclusive_handler
                0x10000cfc       0x54 CMakeFiles/enigma.dir/pico-sdk/src/rp2_common/hardware_irq/irq.c.o
                0x10000cfc                irq_set_exclusive_handler
 .text.irq_add_shared_handler
                0x10000d50      0x1f4 CMakeFiles/enigma.dir/pico-sdk/src/rp2_common/hardware_irq/irq.c.o
                0x10000d50                irq_add_shared_handler
 .text.irq_add_tail_to_free_list
                0x10000f44       0xb4 CMakeFiles/enigma.dir/pico-sdk/src/rp2_common/hardware_irq/irq.c.o
                0x10000f44                irq_add_tail_to_free_list
 .text.user_irq_claim_unused
                0x10000ff8       0x2c CMakeFiles/enigma.dir/pico-sdk/src/rp2_common/hardware_irq/irq.c.o
                0x10000ff8                user_irq_claim_unused
 .text.lock_init
                0x10001024       0x10 CMakeFiles/enigma.dir/pico-sdk/src/common/pico_sync/lock_core.c.o
                0x10001024                lock_init
 .text.runtime_init_mutex
                0x10001034       0x50 CMakeFiles/enigma.dir/pico-sdk/src/common/pico_sync/mutex.c.o
                0x10001034                runtime_init_mutex
 .text.mutex_init
                0x10001084       0x1c CMakeFiles/enigma.dir/pico-sdk/src/common/pico_sync/mutex.c.o
                0x10001084                mutex_init
 .text.critical_section_init
                0x100010a0       0x1c CMakeFiles/enigma.dir/pico-sdk/src/common/pico_sync/critical_section.c.o
                0x100010a0                critical_section_init
 .text.critical_section_init_with_lock_num
                0x100010bc       0x14 CMakeFiles/enigma.dir/pico-sdk/src/common/pico_sync/critical_section.c.o
                0x100010bc                critical_section_init_with_lock_num
 .text.sleep_until_callback
                0x100010d0       0x30 CMakeFiles/enigma.dir/pico-sdk/src/common/pico_time/time.c.o
 .text.alarm_pool_irq_handler
                0x10001100      0x2fc CMakeFiles/enigma.dir/pico-sdk/src/common/pico_time/time.c.o
 .text.runtime_init_default_alarm_pool
                0x100013fc       0xdc CMakeFiles/enigma.dir/pico-sdk/src/common/pico_time/time.c.o
                0x100013fc                runtime_init_default_alarm_pool
 .text.alarm_pool_get_default
                0x100014d8        0x8 CMakeFiles/enigma.dir/pico-sdk/src/common/pico_time/time.c.o
                0x100014d8                alarm_pool_get_default
 .text.alarm_pool_add_alarm_at
                0x100014e0       0xd4 CMakeFiles/enigma.dir/pico-sdk/src/common/pico_time/time.c.o
                0x100014e0                alarm_pool_add_alarm_at
 .text.alarm_pool_add_alarm_at_force_in_context
                0x100015b4       0xb0 CMakeFiles/enigma.dir/pico-sdk/src/common/pico_time/time.c.o
                0x100015b4                alarm_pool_add_alarm_at_force_in_context
 .text.alarm_pool_cancel_alarm
                0x10001664       0x74 CMakeFiles/enigma.dir/pico-sdk/src/common/pico_time/time.c.o
                0x10001664                alarm_pool_cancel_alarm
 .text.alarm_pool_core_num
                0x100016d8        0x4 CMakeFiles/enigma.dir/pico-sdk/src/common/pico_time/time.c.o
                0x100016d8                alarm_pool_core_num
 .text.sleep_until
                0x100016dc       0xd8 CMakeFiles/enigma.dir/pico-sdk/src/common/pico_time/time.c.o
                0x100016dc                sleep_until
 .text.sleep_ms
                0x100017b4       0x38 CMakeFiles/enigma.dir/pico-sdk/src/common/pico_time/time.c.o
                0x100017b4                sleep_ms
 .text.best_effort_wfe_or_timeout
                0x100017ec       0xf8 CMakeFiles/enigma.dir/pico-sdk/src/common/pico_time/time.c.o
                0x100017ec                best_effort_wfe_or_timeout
 .text.timer_hardware_alarm_claim
                0x100018e4       0x14 CMakeFiles/enigma.dir/pico-sdk/src/rp2_common/hardware_timer/timer.c.o
                0x100018e4                timer_hardware_alarm_claim
 .text.timer_time_us_64
                0x100018f8       0x10 CMakeFiles/enigma.dir/pico-sdk/src/rp2_common/hardware_timer/timer.c.o
                0x100018f8                timer_time_us_64
 .text.time_us_64
                0x10001908       0x14 CMakeFiles/enigma.dir/pico-sdk/src/rp2_common/hardware_timer/timer.c.o
                0x10001908                time_us_64
 .text.busy_wait_us
                0x1000191c       0x68 CMakeFiles/enigma.dir/pico-sdk/src/rp2_common/hardware_timer/timer.c.o
                0x1000191c                busy_wait_us
 .text.busy_wait_until
                0x10001984       0x20 CMakeFiles/enigma.dir/pico-sdk/src/rp2_common/hardware_timer/timer.c.o
                0x10001984                busy_wait_until
 .text.clock_configure_int_divider
                0x100019a4       0xf4 CMakeFiles/enigma.dir/pico-sdk/src/rp2_common/hardware_clocks/clocks.c.o
                0x100019a4                clock_configure_int_divider
 .text.clock_configure_undivided
                0x10001a98       0xe8 CMakeFiles/enigma.dir/pico-sdk/src/rp2_common/hardware_clocks/clocks.c.o
                0x10001a98                clock_configure_undivided
 .text.clock_get_hz
                0x10001b80        0xc CMakeFiles/enigma.dir/pico-sdk/src/rp2_common/hardware_clocks/clocks.c.o
                0x10001b80                clock_get_hz
 .text.pll_init
                0x10001b8c       0xa4 CMakeFiles/enigma.dir/pico-sdk/src/rp2_common/hardware_pll/pll.c.o
                0x10001b8c                pll_init
 .text.watchdog_reboot
                0x10001c30       0x9c CMakeFiles/enigma.dir/pico-sdk/src/rp2_common/hardware_watchdog/watchdog.c.o
                0x10001c30                watchdog_reboot
 .text.tick_start
                0x10001ccc       0x10 CMakeFiles/enigma.dir/pico-sdk/src/rp2_common/hardware_ticks/ticks.c.o
                0x10001ccc                tick_start
 .text.rom_func_lookup
                0x10001cdc       0x10 CMakeFiles/enigma.dir/pico-sdk/src/rp2_common/pico_bootrom/bootrom.c.o
                0x10001cdc                rom_func_lookup
 .text.rom_data_lookup
                0x10001cec       0x10 CMakeFiles/enigma.dir/pico-sdk/src/rp2_common/pico_bootrom/bootrom.c.o
                0x10001cec                rom_data_lookup
 .text.rom_funcs_lookup
                0x10001cfc       0x44 CMakeFiles/enigma.dir/pico-sdk/src/rp2_common/pico_bootrom/bootrom.c.o
                0x10001cfc                rom_funcs_lookup
 .text.rom_reset_usb_boot_extra
                0x10001d40       0x28 CMakeFiles/enigma.dir/pico-sdk/src/rp2_common/pico_bootrom/bootrom.c.o
                0x10001d40                rom_reset_usb_boot_extra
 .text.xosc_init
                0x10001d68       0x28 CMakeFiles/enigma.dir/pico-sdk/src/rp2_common/hardware_xosc/xosc.c.o
                0x10001d68                xosc_init
 .text.first_per_core_initializer
                0x10001d90        0x4 CMakeFiles/enigma.dir/pico-sdk/src/rp2_common/pico_runtime/runtime.c.o
 .text.hard_assertion_failure
                0x10001d94        0xc CMakeFiles/enigma.dir/pico-sdk/src/rp2_common/pico_runtime/runtime.c.o
                0x10001d94                hard_assertion_failure
 .text.runtime_run_initializers
                0x10001da0       0x28 CMakeFiles/enigma.dir/pico-sdk/src/rp2_common/pico_runtime/runtime.c.o
                0x10001da0                runtime_run_initializers
 .text.runtime_init_early_resets
                0x10001dc8       0x2c CMakeFiles/enigma.dir/pico-sdk/src/rp2_common/pico_runtime_init/runtime_init.c.o
                0x10001dc8                runtime_init_early_resets
 .text.runtime_init_usb_power_down
                0x10001df4       0x1c CMakeFiles/enigma.dir/pico-sdk/src/rp2_common/pico_runtime_init/runtime_init.c.o
                0x10001df4                runtime_init_usb_power_down
 .text.runtime_init_post_clock_resets
                0x10001e10       0x20 CMakeFiles/enigma.dir/pico-sdk/src/rp2_common/pico_runtime_init/runtime_init.c.o
                0x10001e10                runtime_init_post_clock_resets
 .text.runtime_init_rp2040_gpio_ie_disable
                0x10001e30       0x14 CMakeFiles/enigma.dir/pico-sdk/src/rp2_common/pico_runtime_init/runtime_init.c.o
                0x10001e30                runtime_init_rp2040_gpio_ie_disable
 .text.runtime_init_spin_locks_reset
                0x10001e44        0x8 CMakeFiles/enigma.dir/pico-sdk/src/rp2_common/pico_runtime_init/runtime_init.c.o
                0x10001e44                runtime_init_spin_locks_reset
 .text.runtime_init_install_ram_vector_table
                0x10001e4c       0x1c CMakeFiles/enigma.dir/pico-sdk/src/rp2_common/pico_runtime_init/runtime_init.c.o
                0x10001e4c                runtime_init_install_ram_vector_table
 .text.runtime_init_clocks
                0x10001e68       0xd8 CMakeFiles/enigma.dir/pico-sdk/src/rp2_common/pico_runtime_init/runtime_init_clocks.c.o
                0x10001e68                runtime_init_clocks
 .text          0x10001f40       0x10 CMakeFiles/enigma.dir/pico-sdk/src/rp2_common/pico_bit_ops/bit_ops_aeabi.S.o
 .text.__wrap___aeabi_idiv
                0x10001f50       0x50 CMakeFiles/enigma.dir/pico-sdk/src/rp2_common/pico_divider/divider_hardware.S.o
                0x10001f50                __wrap___aeabi_idivmod
                0x10001f50                divmod_s32s32
                0x10001f50                div_s32s32
                0x10001f50                __wrap___aeabi_idiv
                0x10001f58                divmod_s32s32_unsafe
                0x10001f84                divmod_s32s32_savestate
 .text.__wrap___aeabi_uidiv
                0x10001fa0       0x4c CMakeFiles/enigma.dir/pico-sdk/src/rp2_common/pico_divider/divider_hardware.S.o
                0x10001fa0                __wrap___aeabi_uidiv
                0x10001fa0                __wrap___aeabi_uidivmod
                0x10001fa0                div_u32u32
                0x10001fa0                divmod_u32u32
                0x10001fa8                divmod_u32u32_unsafe
                0x10001fd0                divmod_u32u32_savestate
 .text.__wrap___aeabi_ldiv
                0x10001fec      0x424 CMakeFiles/enigma.dir/pico-sdk/src/rp2_common/pico_divider/divider_hardware.S.o
                0x10001fec                div_s64s64
                0x10001fec                divmod_s64s64
                0x10001fec                __wrap___aeabi_ldivmod
                0x1000201c                div_u64u64
                0x1000201c                divmod_u64u64
                0x1000201c                __wrap___aeabi_uldivmod
                0x1000202c                divmod_u64u64_savestate
                0x1000204c                divmod_s64s64_unsafe
                0x100020d4                divmod_u64u64_unsafe
 .text.__wrap___aeabi_darithmetic
                0x10002410       0x80 CMakeFiles/enigma.dir/pico-sdk/src/rp2_common/pico_double/double_aeabi_rp2040.S.o
                0x10002410                __wrap___aeabi_drsub
                0x10002416                __wrap___aeabi_dsub
                0x10002428                __wrap___aeabi_dadd
                0x1000243a                __wrap___aeabi_ddiv
                0x10002476                __wrap___aeabi_dmul
 .text.__wrap___aeabi_cdcmple
                0x10002490       0x6c CMakeFiles/enigma.dir/pico-sdk/src/rp2_common/pico_double/double_aeabi_rp2040.S.o
                0x10002490                __wrap___aeabi_cdrcmple
                0x100024a0                __wrap___aeabi_cdcmple
                0x100024a0                __wrap___aeabi_cdcmpeq
 .text.__wrap___aeabi_dcmpeq
                0x100024fc       0x10 CMakeFiles/enigma.dir/pico-sdk/src/rp2_common/pico_double/double_aeabi_rp2040.S.o
                0x100024fc                __wrap___aeabi_dcmpeq
 .text.__wrap___aeabi_dcmplt
                0x1000250c        0xc CMakeFiles/enigma.dir/pico-sdk/src/rp2_common/pico_double/double_aeabi_rp2040.S.o
                0x1000250c                __wrap___aeabi_dcmplt
 .text.__wrap___aeabi_dcmple
                0x10002518       0x10 CMakeFiles/enigma.dir/pico-sdk/src/rp2_common/pico_double/double_aeabi_rp2040.S.o
                0x10002518                __wrap___aeabi_dcmple
 .text.__wrap___aeabi_dcmpge
                0x10002528       0x10 CMakeFiles/enigma.dir/pico-sdk/src/rp2_common/pico_double/double_aeabi_rp2040.S.o
                0x10002528                __wrap___aeabi_dcmpge
 .text.__wrap___aeabi_dcmpgt
                0x10002538        0xa CMakeFiles/enigma.dir/pico-sdk/src/rp2_common/pico_double/double_aeabi_rp2040.S.o
                0x10002538                __wrap___aeabi_dcmpgt
 .text.__wrap___aeabi_dcmpun
                0x10002542       0x18 CMakeFiles/enigma.dir/pico-sdk/src/rp2_common/pico_double/double_aeabi_rp2040.S.o
                0x10002542                __wrap___aeabi_dcmpun
 *fill*         0x1000255a        0x2 
 .text.__wrap___aeabi_i2d
                0x1000255c       0x38 CMakeFiles/enigma.dir/pico-sdk/src/rp2_common/pico_double/double_aeabi_rp2040.S.o
                0x1000255c                __wrap___aeabi_ui2d
                0x1000255c                uint2double
                0x10002564                __wrap___aeabi_i2d
                0x10002564                int2double
 .text.__wrap___aeabi_d2iz
                0x10002594       0x48 CMakeFiles/enigma.dir/pico-sdk/src/rp2_common/pico_double/double_aeabi_rp2040.S.o
                0x10002594                __wrap___aeabi_d2iz
                0x10002594                double2int_z
 .text.__wrap___aeabi_d2uiz
                0x100025dc       0x18 CMakeFiles/enigma.dir/pico-sdk/src/rp2_common/pico_double/double_aeabi_rp2040.S.o
                0x100025dc                double2uint_z
                0x100025dc                double2uint
                0x100025dc                __wrap___aeabi_d2uiz
 .text.__wrap___aeabi_l2d
                0x100025f4       0x18 CMakeFiles/enigma.dir/pico-sdk/src/rp2_common/pico_double/double_aeabi_rp2040.S.o
                0x100025f4                __wrap___aeabi_l2d
                0x100025f4                int642double
 .text.__wrap___aeabi_d2lz
                0x1000260c       0x26 CMakeFiles/enigma.dir/pico-sdk/src/rp2_common/pico_double/double_aeabi_rp2040.S.o
                0x1000260c                __wrap___aeabi_d2lz
                0x1000260c                double2int64_z
 *fill*         0x10002632        0x2 
 .text.double2int64
                0x10002634       0x18 CMakeFiles/enigma.dir/pico-sdk/src/rp2_common/pico_double/double_aeabi_rp2040.S.o
                0x10002634                double2int64
 .text.double2ufix64
                0x1000264c       0x18 CMakeFiles/enigma.dir/pico-sdk/src/rp2_common/pico_double/double_aeabi_rp2040.S.o
                0x1000264c                double2ufix64
                0x1000264c                double2ufix64_z
 .text.__wrap___aeabi_d2f
                0x10002664       0x18 CMakeFiles/enigma.dir/pico-sdk/src/rp2_common/pico_double/double_aeabi_rp2040.S.o
                0x10002664                __wrap___aeabi_d2f
 .text.__aeabi_double_init
                0x1000267c       0xa4 CMakeFiles/enigma.dir/pico-sdk/src/rp2_common/pico_double/double_init_rom_rp2040.c.o
                0x1000267c                __aeabi_double_init
 .text.double_table_shim_on_use_helper
                0x10002720       0x2c CMakeFiles/enigma.dir/pico-sdk/src/rp2_common/pico_double/double_v1_rom_shim_rp2040.S.o
                0x10002720                double_table_shim_on_use_helper
 .text.__wrap___aeabi_dsub
                0x1000274c       0x10 CMakeFiles/enigma.dir/pico-sdk/src/rp2_common/pico_double/double_v1_rom_shim_rp2040.S.o
                0x1000274c                drsub_shim
                0x10002752                dsub_shim
 .text.dadd_shim
                0x1000275c      0x15c CMakeFiles/enigma.dir/pico-sdk/src/rp2_common/pico_double/double_v1_rom_shim_rp2040.S.o
                0x1000275c                dadd_shim
 .text.dmul_shim
                0x100028b8      0x15c CMakeFiles/enigma.dir/pico-sdk/src/rp2_common/pico_double/double_v1_rom_shim_rp2040.S.o
                0x100028b8                dmul_shim
 .text.ddiv_shim
                0x10002a14      0x1b0 CMakeFiles/enigma.dir/pico-sdk/src/rp2_common/pico_double/double_v1_rom_shim_rp2040.S.o
                0x10002a14                ddiv_shim
 .text.double2uint_shim
                0x10002bc4        0xe CMakeFiles/enigma.dir/pico-sdk/src/rp2_common/pico_double/double_v1_rom_shim_rp2040.S.o
                0x10002bc4                double2uint_shim
                0x10002bc6                double2ufix_shim
 .text.double2int64_shim
                0x10002bd2       0x1a CMakeFiles/enigma.dir/pico-sdk/src/rp2_common/pico_double/double_v1_rom_shim_rp2040.S.o
                0x10002bd2                double2int64_shim
                0x10002bd4                double2fix64_shim
 .text.double2uint64_shim
                0x10002bec       0x70 CMakeFiles/enigma.dir/pico-sdk/src/rp2_common/pico_double/double_v1_rom_shim_rp2040.S.o
                0x10002bec                double2uint64_shim
                0x10002bee                double2ufix64_shim
                0x10002c0e                d2fix_a
 .text.double2float_shim
                0x10002c5c       0x5c CMakeFiles/enigma.dir/pico-sdk/src/rp2_common/pico_double/double_v1_rom_shim_rp2040.S.o
                0x10002c5c                double2float_shim
 .text.x2double_shims
                0x10002cb8       0x90 CMakeFiles/enigma.dir/pico-sdk/src/rp2_common/pico_double/double_v1_rom_shim_rp2040.S.o
                0x10002cb8                uint2double_shim
                0x10002cba                ufix2double_shim
                0x10002cc0                int2double_shim
                0x10002cc2                fix2double_shim
                0x10002cc8                uint642double_shim
                0x10002cca                ufix642double_shim
                0x10002cd0                int642double_shim
                0x10002cd2                fix642double_shim
 .text.dunpacks
                0x10002d48       0x3c CMakeFiles/enigma.dir/pico-sdk/src/rp2_common/pico_double/double_v1_rom_shim_rp2040.S.o
                0x10002d48                dunpacks
 .text.__aeabi_lmul
                0x10002d84       0x32 CMakeFiles/enigma.dir/pico-sdk/src/rp2_common/pico_int64_ops/pico_int64_ops_aeabi.S.o
                0x10002d84                __wrap___aeabi_lmul
 *fill*         0x10002db6        0x2 
 .text.__wrap___aeabi_cfcmple
                0x10002db8       0x50 CMakeFiles/enigma.dir/pico-sdk/src/rp2_common/pico_float/float_aeabi_rp2040.S.o
                0x10002db8                __wrap___aeabi_cfrcmple
                0x10002dc4                __wrap___aeabi_cfcmpeq
                0x10002dc4                __wrap___aeabi_cfcmple
 .text.__wrap___aeabi_fcmple
                0x10002e08       0x10 CMakeFiles/enigma.dir/pico-sdk/src/rp2_common/pico_float/float_aeabi_rp2040.S.o
                0x10002e08                __wrap___aeabi_fcmple
 .text.__wrap___aeabi_fcmpun
                0x10002e18       0x18 CMakeFiles/enigma.dir/pico-sdk/src/rp2_common/pico_float/float_aeabi_rp2040.S.o
                0x10002e18                __wrap___aeabi_fcmpun
 .text.__aeabi_float_init
                0x10002e30       0x64 CMakeFiles/enigma.dir/pico-sdk/src/rp2_common/pico_float/float_init_rom_rp2040.c.o
                0x10002e30                __aeabi_float_init
 .text.float_table_shim_on_use_helper
                0x10002e94       0x2c CMakeFiles/enigma.dir/pico-sdk/src/rp2_common/pico_float/float_v1_rom_shim_rp2040.S.o
                0x10002e94                float_table_shim_on_use_helper
 .text.__wrap_malloc
                0x10002ec0       0x24 CMakeFiles/enigma.dir/pico-sdk/src/rp2_common/pico_malloc/malloc.c.o
                0x10002ec0                __wrap_malloc
 .text          0x10002ee4       0x10 CMakeFiles/enigma.dir/pico-sdk/src/rp2_common/pico_mem_ops/mem_ops_aeabi.S.o
                0x10002ee4                __aeabi_mem_init
 .text.memset   0x10002ef4        0xc CMakeFiles/enigma.dir/pico-sdk/src/rp2_common/pico_mem_ops/mem_ops_aeabi.S.o
                0x10002ef4                __wrap_memset
 .text.memcpy   0x10002f00        0xc CMakeFiles/enigma.dir/pico-sdk/src/rp2_common/pico_mem_ops/mem_ops_aeabi.S.o
                0x10002f00                __wrap___aeabi_memcpy
                0x10002f00                __wrap_memcpy
 .text._out_buffer
                0x10002f0c        0x8 CMakeFiles/enigma.dir/pico-sdk/src/rp2_common/pico_printf/printf.c.o
 .text._out_null
                0x10002f14        0x4 CMakeFiles/enigma.dir/pico-sdk/src/rp2_common/pico_printf/printf.c.o
 .text._out_rev
                0x10002f18       0xac CMakeFiles/enigma.dir/pico-sdk/src/rp2_common/pico_printf/printf.c.o
 .text._ntoa_format
                0x10002fc4      0x250 CMakeFiles/enigma.dir/pico-sdk/src/rp2_common/pico_printf/printf.c.o
 .text._out_char
                0x10003214       0x10 CMakeFiles/enigma.dir/pico-sdk/src/rp2_common/pico_printf/printf.c.o
 .text._out_fct
                0x10003224       0x10 CMakeFiles/enigma.dir/pico-sdk/src/rp2_common/pico_printf/printf.c.o
 .text._etoa    0x10003234      0x464 CMakeFiles/enigma.dir/pico-sdk/src/rp2_common/pico_printf/printf.c.o
 .text._ftoa    0x10003698      0x3c0 CMakeFiles/enigma.dir/pico-sdk/src/rp2_common/pico_printf/printf.c.o
 .text._vsnprintf
                0x10003a58      0xbc8 CMakeFiles/enigma.dir/pico-sdk/src/rp2_common/pico_printf/printf.c.o
 .text.__wrap_sprintf
                0x10004620       0x2c CMakeFiles/enigma.dir/pico-sdk/src/rp2_common/pico_printf/printf.c.o
                0x10004620                __wrap_sprintf
 .text.vfctprintf
                0x1000464c       0x20 CMakeFiles/enigma.dir/pico-sdk/src/rp2_common/pico_printf/printf.c.o
                0x1000464c                vfctprintf
 .text.weak_raw_printf
                0x1000466c       0x40 CMakeFiles/enigma.dir/pico-sdk/src/rp2_common/pico_printf/printf.c.o
                0x1000466c                weak_raw_printf
 .text.weak_raw_vprintf
                0x100046ac       0x30 CMakeFiles/enigma.dir/pico-sdk/src/rp2_common/pico_printf/printf.c.o
                0x100046ac                weak_raw_vprintf
 .text._exit    0x100046dc        0x4 CMakeFiles/enigma.dir/pico-sdk/src/rp2_common/pico_clib_interface/newlib_interface.c.o
                0x100046dc                _exit
 .text._sbrk    0x100046e0       0x34 CMakeFiles/enigma.dir/pico-sdk/src/rp2_common/pico_clib_interface/newlib_interface.c.o
                0x100046e0                _sbrk
 .text._read    0x10004714       0x24 CMakeFiles/enigma.dir/pico-sdk/src/rp2_common/pico_clib_interface/newlib_interface.c.o
                0x10004714                _read
 .text._write   0x10004738       0x24 CMakeFiles/enigma.dir/pico-sdk/src/rp2_common/pico_clib_interface/newlib_interface.c.o
                0x10004738                _write
 .text._close   0x1000475c        0x8 CMakeFiles/enigma.dir/pico-sdk/src/rp2_common/pico_clib_interface/newlib_interface.c.o
                0x1000475c                _close
 .text._lseek   0x10004764        0x8 CMakeFiles/enigma.dir/pico-sdk/src/rp2_common/pico_clib_interface/newlib_interface.c.o
                0x10004764                _lseek
 .text._fstat   0x1000476c        0x8 CMakeFiles/enigma.dir/pico-sdk/src/rp2_common/pico_clib_interface/newlib_interface.c.o
                0x1000476c                _fstat
 .text._isatty  0x10004774        0xc CMakeFiles/enigma.dir/pico-sdk/src/rp2_common/pico_clib_interface/newlib_interface.c.o
                0x10004774                _isatty
 .text.exit     0x10004780        0x8 CMakeFiles/enigma.dir/pico-sdk/src/rp2_common/pico_clib_interface/newlib_interface.c.o
                0x10004780                exit
 .text.__assert_func
                0x10004788       0x38 CMakeFiles/enigma.dir/pico-sdk/src/rp2_common/pico_clib_interface/newlib_interface.c.o
                0x10004788                __assert_func
 .text.runtime_init
                0x100047c0       0x2c CMakeFiles/enigma.dir/pico-sdk/src/rp2_common/pico_clib_interface/newlib_interface.c.o
                0x100047c0                runtime_init
 .text.stdio_out_chars_no_crlf
                0x100047ec       0x10 CMakeFiles/enigma.dir/pico-sdk/src/rp2_common/pico_stdio/stdio.c.o
 .text.stdio_out_chars_crlf
                0x100047fc       0x94 CMakeFiles/enigma.dir/pico-sdk/src/rp2_common/pico_stdio/stdio.c.o
 .text.stdio_buffered_printer
                0x10004890       0x64 CMakeFiles/enigma.dir/pico-sdk/src/rp2_common/pico_stdio/stdio.c.o
 .text.stdio_put_string
                0x100048f4      0x100 CMakeFiles/enigma.dir/pico-sdk/src/rp2_common/pico_stdio/stdio.c.o
                0x100048f4                stdio_put_string
 .text.stdio_get_until
                0x100049f4       0x84 CMakeFiles/enigma.dir/pico-sdk/src/rp2_common/pico_stdio/stdio.c.o
                0x100049f4                stdio_get_until
 .text.stdio_set_driver_enabled
                0x10004a78       0x30 CMakeFiles/enigma.dir/pico-sdk/src/rp2_common/pico_stdio/stdio.c.o
                0x10004a78                stdio_set_driver_enabled
 .text.stdio_init_all
                0x10004aa8        0x8 CMakeFiles/enigma.dir/pico-sdk/src/rp2_common/pico_stdio/stdio.c.o
                0x10004aa8                stdio_init_all
 .text.__wrap_getchar
                0x10004ab0       0x7c CMakeFiles/enigma.dir/pico-sdk/src/rp2_common/pico_stdio/stdio.c.o
                0x10004ab0                __wrap_getchar
                0x10004ab0                stdio_getchar
 .text.__wrap_putchar
                0x10004b2c       0x98 CMakeFiles/enigma.dir/pico-sdk/src/rp2_common/pico_stdio/stdio.c.o
                0x10004b2c                stdio_putchar
                0x10004b2c                __wrap_putchar
 .text.__wrap_puts
                0x10004bc4       0x3c CMakeFiles/enigma.dir/pico-sdk/src/rp2_common/pico_stdio/stdio.c.o
                0x10004bc4                __wrap_puts
                0x10004bc4                stdio_puts
 .text.__wrap_vprintf
                0x10004c00       0xd4 CMakeFiles/enigma.dir/pico-sdk/src/rp2_common/pico_stdio/stdio.c.o
                0x10004c00                __wrap_vprintf
                0x10004c00                stdio_vprintf
 .text.__wrap_printf
                0x10004cd4       0x18 CMakeFiles/enigma.dir/pico-sdk/src/rp2_common/pico_stdio/stdio.c.o
                0x10004cd4                stdio_printf
                0x10004cd4                __wrap_printf
 .text.resetd_init
                0x10004cec        0x4 CMakeFiles/enigma.dir/pico-sdk/src/rp2_common/pico_stdio_usb/reset_interface.c.o
 .text.resetd_reset
                0x10004cf0        0xc CMakeFiles/enigma.dir/pico-sdk/src/rp2_common/pico_stdio_usb/reset_interface.c.o
 .text.resetd_open
                0x10004cfc       0x28 CMakeFiles/enigma.dir/pico-sdk/src/rp2_common/pico_stdio_usb/reset_interface.c.o
 .text.resetd_xfer_cb
                0x10004d24        0x4 CMakeFiles/enigma.dir/pico-sdk/src/rp2_common/pico_stdio_usb/reset_interface.c.o
 .text.resetd_control_xfer_cb
                0x10004d28       0x5c CMakeFiles/enigma.dir/pico-sdk/src/rp2_common/pico_stdio_usb/reset_interface.c.o
 .text.tud_descriptor_bos_cb
                0x10004d84        0x8 CMakeFiles/enigma.dir/pico-sdk/src/rp2_common/pico_stdio_usb/reset_interface.c.o
                0x10004d84                tud_descriptor_bos_cb
 .text.tud_vendor_control_xfer_cb
                0x10004d8c       0x34 CMakeFiles/enigma.dir/pico-sdk/src/rp2_common/pico_stdio_usb/reset_interface.c.o
                0x10004d8c                tud_vendor_control_xfer_cb
 .text.usbd_app_driver_get_cb
                0x10004dc0        0xc CMakeFiles/enigma.dir/pico-sdk/src/rp2_common/pico_stdio_usb/reset_interface.c.o
                0x10004dc0                usbd_app_driver_get_cb
 .text.tud_cdc_line_coding_cb
                0x10004dcc       0x2c CMakeFiles/enigma.dir/pico-sdk/src/rp2_common/pico_stdio_usb/reset_interface.c.o
                0x10004dcc                tud_cdc_line_coding_cb
 .text.stdio_usb_set_chars_available_callback
                0x10004df8       0x14 CMakeFiles/enigma.dir/pico-sdk/src/rp2_common/pico_stdio_usb/stdio_usb.c.o
                0x10004df8                stdio_usb_set_chars_available_callback
 .text.usb_irq  0x10004e0c       0x10 CMakeFiles/enigma.dir/pico-sdk/src/rp2_common/pico_stdio_usb/stdio_usb.c.o
 .text.timer_task
                0x10004e1c       0x64 CMakeFiles/enigma.dir/pico-sdk/src/rp2_common/pico_stdio_usb/stdio_usb.c.o
 .text.stdio_usb_in_chars
                0x10004e80       0x90 CMakeFiles/enigma.dir/pico-sdk/src/rp2_common/pico_stdio_usb/stdio_usb.c.o
                0x10004e80                stdio_usb_in_chars
 .text.stdio_usb_out_flush
                0x10004f10       0x50 CMakeFiles/enigma.dir/pico-sdk/src/rp2_common/pico_stdio_usb/stdio_usb.c.o
 .text.stdio_usb_out_chars
                0x10004f60      0x104 CMakeFiles/enigma.dir/pico-sdk/src/rp2_common/pico_stdio_usb/stdio_usb.c.o
 .text.low_priority_worker_irq
                0x10005064       0xcc CMakeFiles/enigma.dir/pico-sdk/src/rp2_common/pico_stdio_usb/stdio_usb.c.o
 .text.stdio_usb_init
                0x10005130       0xec CMakeFiles/enigma.dir/pico-sdk/src/rp2_common/pico_stdio_usb/stdio_usb.c.o
                0x10005130                stdio_usb_init
 .text.tud_descriptor_device_cb
                0x1000521c        0x8 CMakeFiles/enigma.dir/pico-sdk/src/rp2_common/pico_stdio_usb/stdio_usb_descriptors.c.o
                0x1000521c                tud_descriptor_device_cb
 .text.tud_descriptor_configuration_cb
                0x10005224        0x8 CMakeFiles/enigma.dir/pico-sdk/src/rp2_common/pico_stdio_usb/stdio_usb_descriptors.c.o
                0x10005224                tud_descriptor_configuration_cb
 .text.tud_descriptor_string_cb
                0x1000522c       0x78 CMakeFiles/enigma.dir/pico-sdk/src/rp2_common/pico_stdio_usb/stdio_usb_descriptors.c.o
                0x1000522c                tud_descriptor_string_cb
 .text.startup._retrieve_unique_id_on_boot
                0x100052a4       0x10 CMakeFiles/enigma.dir/pico-sdk/src/rp2_common/pico_unique_id/unique_id.c.o
 .text.pico_get_unique_board_id_string
                0x100052b4      0x1a8 CMakeFiles/enigma.dir/pico-sdk/src/rp2_common/pico_unique_id/unique_id.c.o
                0x100052b4                pico_get_unique_board_id_string
 .text.flash_get_unique_id
                0x1000545c       0x3c CMakeFiles/enigma.dir/pico-sdk/src/rp2_common/hardware_flash/flash.c.o
                0x1000545c                flash_get_unique_id
 .text.dcd_init
                0x10005498       0x90 CMakeFiles/enigma.dir/pico-sdk/lib/tinyusb/src/portable/raspberrypi/rp2040/dcd_rp2040.c.o
                0x10005498                dcd_init
 .text.dcd_int_enable
                0x10005528        0xc CMakeFiles/enigma.dir/pico-sdk/lib/tinyusb/src/portable/raspberrypi/rp2040/dcd_rp2040.c.o
                0x10005528                dcd_int_enable
 .text.dcd_set_address
                0x10005534       0x14 CMakeFiles/enigma.dir/pico-sdk/lib/tinyusb/src/portable/raspberrypi/rp2040/dcd_rp2040.c.o
                0x10005534                dcd_set_address
 .text.dcd_sof_enable
                0x10005548       0x1c CMakeFiles/enigma.dir/pico-sdk/lib/tinyusb/src/portable/raspberrypi/rp2040/dcd_rp2040.c.o
                0x10005548                dcd_sof_enable
 .text.dcd_edpt0_status_complete
                0x10005564       0x1c CMakeFiles/enigma.dir/pico-sdk/lib/tinyusb/src/portable/raspberrypi/rp2040/dcd_rp2040.c.o
                0x10005564                dcd_edpt0_status_complete
 .text.dcd_edpt_open
                0x10005580      0x114 CMakeFiles/enigma.dir/pico-sdk/lib/tinyusb/src/portable/raspberrypi/rp2040/dcd_rp2040.c.o
                0x10005580                dcd_edpt_open
 .text.dcd_edpt_close_all
                0x10005694        0x8 CMakeFiles/enigma.dir/pico-sdk/lib/tinyusb/src/portable/raspberrypi/rp2040/dcd_rp2040.c.o
                0x10005694                dcd_edpt_close_all
 .text.dcd_edpt_xfer
                0x1000569c       0x24 CMakeFiles/enigma.dir/pico-sdk/lib/tinyusb/src/portable/raspberrypi/rp2040/dcd_rp2040.c.o
                0x1000569c                dcd_edpt_xfer
 .text.dcd_edpt_stall
                0x100056c0       0x34 CMakeFiles/enigma.dir/pico-sdk/lib/tinyusb/src/portable/raspberrypi/rp2040/dcd_rp2040.c.o
                0x100056c0                dcd_edpt_stall
 .text.dcd_edpt_clear_stall
                0x100056f4       0x30 CMakeFiles/enigma.dir/pico-sdk/lib/tinyusb/src/portable/raspberrypi/rp2040/dcd_rp2040.c.o
                0x100056f4                dcd_edpt_clear_stall
 .text.rp2040_usb_init
                0x10005724       0x40 CMakeFiles/enigma.dir/pico-sdk/lib/tinyusb/src/portable/raspberrypi/rp2040/rp2040_usb.c.o
                0x10005724                rp2040_usb_init
 .text.hw_endpoint_xfer_start
                0x10005764       0x40 CMakeFiles/enigma.dir/pico-sdk/lib/tinyusb/src/portable/raspberrypi/rp2040/rp2040_usb.c.o
                0x10005764                hw_endpoint_xfer_start
 .text.tud_event_hook_cb
                0x100057a4        0x4 CMakeFiles/enigma.dir/pico-sdk/lib/tinyusb/src/device/usbd.c.o
                0x100057a4                tud_event_hook_cb
 .text.tud_sof_cb
                0x100057a8        0x4 CMakeFiles/enigma.dir/pico-sdk/lib/tinyusb/src/device/usbd.c.o
                0x100057a8                tud_sof_cb
 .text.tud_descriptor_device_qualifier_cb
                0x100057ac        0x4 CMakeFiles/enigma.dir/pico-sdk/lib/tinyusb/src/device/usbd.c.o
                0x100057ac                tud_descriptor_device_qualifier_cb
 .text.tud_descriptor_other_speed_configuration_cb
                0x100057b0        0x4 CMakeFiles/enigma.dir/pico-sdk/lib/tinyusb/src/device/usbd.c.o
                0x100057b0                tud_descriptor_other_speed_configuration_cb
 .text.tud_mount_cb
                0x100057b4        0x4 CMakeFiles/enigma.dir/pico-sdk/lib/tinyusb/src/device/usbd.c.o
                0x100057b4                tud_mount_cb
 .text.tud_umount_cb
                0x100057b8        0x4 CMakeFiles/enigma.dir/pico-sdk/lib/tinyusb/src/device/usbd.c.o
                0x100057b8                tud_umount_cb
 .text.tud_suspend_cb
                0x100057bc        0x4 CMakeFiles/enigma.dir/pico-sdk/lib/tinyusb/src/device/usbd.c.o
                0x100057bc                tud_suspend_cb
 .text.tud_resume_cb
                0x100057c0        0x4 CMakeFiles/enigma.dir/pico-sdk/lib/tinyusb/src/device/usbd.c.o
                0x100057c0                tud_resume_cb
 .text.tud_mounted
                0x100057c4       0x10 CMakeFiles/enigma.dir/pico-sdk/lib/tinyusb/src/device/usbd.c.o
                0x100057c4                tud_mounted
 .text.tud_suspended
                0x100057d4       0x10 CMakeFiles/enigma.dir/pico-sdk/lib/tinyusb/src/device/usbd.c.o
                0x100057d4                tud_suspended
 .text.tud_rhport_init
                0x100057e4       0xfc CMakeFiles/enigma.dir/pico-sdk/lib/tinyusb/src/device/usbd.c.o
                0x100057e4                tud_rhport_init
 .text.tud_task_ext
                0x100058e0      0x800 CMakeFiles/enigma.dir/pico-sdk/lib/tinyusb/src/device/usbd.c.o
                0x100058e0                tud_task_ext
 .text.usbd_open_edpt_pair
                0x100060e0       0x9c CMakeFiles/enigma.dir/pico-sdk/lib/tinyusb/src/device/usbd.c.o
                0x100060e0                usbd_open_edpt_pair
 .text.usbd_edpt_open
                0x1000617c       0x34 CMakeFiles/enigma.dir/pico-sdk/lib/tinyusb/src/device/usbd.c.o
                0x1000617c                usbd_edpt_open
 .text.usbd_edpt_claim
                0x100061b0       0x28 CMakeFiles/enigma.dir/pico-sdk/lib/tinyusb/src/device/usbd.c.o
                0x100061b0                usbd_edpt_claim
 .text.usbd_edpt_release
                0x100061d8       0x28 CMakeFiles/enigma.dir/pico-sdk/lib/tinyusb/src/device/usbd.c.o
                0x100061d8                usbd_edpt_release
 .text.usbd_edpt_xfer
                0x10006200       0x4c CMakeFiles/enigma.dir/pico-sdk/lib/tinyusb/src/device/usbd.c.o
                0x10006200                usbd_edpt_xfer
 .text.tud_control_status
                0x1000624c       0x2c CMakeFiles/enigma.dir/pico-sdk/lib/tinyusb/src/device/usbd_control.c.o
                0x1000624c                tud_control_status
 .text.tud_control_xfer
                0x10006278       0xac CMakeFiles/enigma.dir/pico-sdk/lib/tinyusb/src/device/usbd_control.c.o
                0x10006278                tud_control_xfer
 .text.usbd_control_reset
                0x10006324       0x14 CMakeFiles/enigma.dir/pico-sdk/lib/tinyusb/src/device/usbd_control.c.o
                0x10006324                usbd_control_reset
 .text.usbd_control_set_complete_callback
                0x10006338        0xc CMakeFiles/enigma.dir/pico-sdk/lib/tinyusb/src/device/usbd_control.c.o
                0x10006338                usbd_control_set_complete_callback
 .text.usbd_control_set_request
                0x10006344       0x1c CMakeFiles/enigma.dir/pico-sdk/lib/tinyusb/src/device/usbd_control.c.o
                0x10006344                usbd_control_set_request
 .text.usbd_control_xfer_cb
                0x10006360       0xec CMakeFiles/enigma.dir/pico-sdk/lib/tinyusb/src/device/usbd_control.c.o
                0x10006360                usbd_control_xfer_cb
 .text._prep_out_transaction.isra.0
                0x1000644c       0x6c CMakeFiles/enigma.dir/pico-sdk/lib/tinyusb/src/class/cdc/cdc_device.c.o
 .text.tud_cdc_n_connected
                0x100064b8       0x2c CMakeFiles/enigma.dir/pico-sdk/lib/tinyusb/src/class/cdc/cdc_device.c.o
                0x100064b8                tud_cdc_n_connected
 .text.tud_cdc_n_available
                0x100064e4       0x14 CMakeFiles/enigma.dir/pico-sdk/lib/tinyusb/src/class/cdc/cdc_device.c.o
                0x100064e4                tud_cdc_n_available
 .text.tud_cdc_n_read
                0x100064f8       0x94 CMakeFiles/enigma.dir/pico-sdk/lib/tinyusb/src/class/cdc/cdc_device.c.o
                0x100064f8                tud_cdc_n_read
 .text.tud_cdc_n_write_flush
                0x1000658c       0x74 CMakeFiles/enigma.dir/pico-sdk/lib/tinyusb/src/class/cdc/cdc_device.c.o
                0x1000658c                tud_cdc_n_write_flush
 .text.tud_cdc_n_write
                0x10006600       0x40 CMakeFiles/enigma.dir/pico-sdk/lib/tinyusb/src/class/cdc/cdc_device.c.o
                0x10006600                tud_cdc_n_write
 .text.tud_cdc_n_write_available
                0x10006640       0x14 CMakeFiles/enigma.dir/pico-sdk/lib/tinyusb/src/class/cdc/cdc_device.c.o
                0x10006640                tud_cdc_n_write_available
 .text.cdcd_init
                0x10006654       0x70 CMakeFiles/enigma.dir/pico-sdk/lib/tinyusb/src/class/cdc/cdc_device.c.o
                0x10006654                cdcd_init
 .text.cdcd_deinit
                0x100066c4       0x34 CMakeFiles/enigma.dir/pico-sdk/lib/tinyusb/src/class/cdc/cdc_device.c.o
                0x100066c4                cdcd_deinit
 .text.cdcd_reset
                0x100066f8       0x4c CMakeFiles/enigma.dir/pico-sdk/lib/tinyusb/src/class/cdc/cdc_device.c.o
                0x100066f8                cdcd_reset
 .text.cdcd_open
                0x10006744       0xa8 CMakeFiles/enigma.dir/pico-sdk/lib/tinyusb/src/class/cdc/cdc_device.c.o
                0x10006744                cdcd_open
 .text.cdcd_control_xfer_cb
                0x100067ec       0xe8 CMakeFiles/enigma.dir/pico-sdk/lib/tinyusb/src/class/cdc/cdc_device.c.o
                0x100067ec                cdcd_control_xfer_cb
 .text.cdcd_xfer_cb
                0x100068d4      0x100 CMakeFiles/enigma.dir/pico-sdk/lib/tinyusb/src/class/cdc/cdc_device.c.o
                0x100068d4                cdcd_xfer_cb
 .text.vendord_init
                0x100069d4       0x5c CMakeFiles/enigma.dir/pico-sdk/lib/tinyusb/src/class/vendor/vendor_device.c.o
                0x100069d4                vendord_init
 .text.vendord_deinit
                0x10006a30       0x1c CMakeFiles/enigma.dir/pico-sdk/lib/tinyusb/src/class/vendor/vendor_device.c.o
                0x10006a30                vendord_deinit
 .text.vendord_reset
                0x10006a4c       0x28 CMakeFiles/enigma.dir/pico-sdk/lib/tinyusb/src/class/vendor/vendor_device.c.o
                0x10006a4c                vendord_reset
 .text.vendord_open
                0x10006a74      0x128 CMakeFiles/enigma.dir/pico-sdk/lib/tinyusb/src/class/vendor/vendor_device.c.o
                0x10006a74                vendord_open
 .text.vendord_xfer_cb
                0x10006b9c       0x9c CMakeFiles/enigma.dir/pico-sdk/lib/tinyusb/src/class/vendor/vendor_device.c.o
                0x10006b9c                vendord_xfer_cb
 .text.tusb_rhport_init
                0x10006c38       0x48 CMakeFiles/enigma.dir/pico-sdk/lib/tinyusb/src/tusb.c.o
                0x10006c38                tusb_rhport_init
 .text.tu_edpt_claim
                0x10006c80       0x50 CMakeFiles/enigma.dir/pico-sdk/lib/tinyusb/src/tusb.c.o
                0x10006c80                tu_edpt_claim
 .text.tu_edpt_release
                0x10006cd0       0x38 CMakeFiles/enigma.dir/pico-sdk/lib/tinyusb/src/tusb.c.o
                0x10006cd0                tu_edpt_release
 .text.tu_edpt_validate
                0x10006d08       0x7c CMakeFiles/enigma.dir/pico-sdk/lib/tinyusb/src/tusb.c.o
                0x10006d08                tu_edpt_validate
 .text.tu_edpt_bind_driver
                0x10006d84       0x34 CMakeFiles/enigma.dir/pico-sdk/lib/tinyusb/src/tusb.c.o
                0x10006d84                tu_edpt_bind_driver
 .text.tu_edpt_stream_init
                0x10006db8       0x6c CMakeFiles/enigma.dir/pico-sdk/lib/tinyusb/src/tusb.c.o
                0x10006db8                tu_edpt_stream_init
 .text.tu_edpt_stream_deinit
                0x10006e24        0x4 CMakeFiles/enigma.dir/pico-sdk/lib/tinyusb/src/tusb.c.o
                0x10006e24                tu_edpt_stream_deinit
 .text.tu_edpt_stream_write_zlp_if_needed
                0x10006e28       0x68 CMakeFiles/enigma.dir/pico-sdk/lib/tinyusb/src/tusb.c.o
                0x10006e28                tu_edpt_stream_write_zlp_if_needed
 .text.tu_edpt_stream_write_xfer
                0x10006e90       0x64 CMakeFiles/enigma.dir/pico-sdk/lib/tinyusb/src/tusb.c.o
                0x10006e90                tu_edpt_stream_write_xfer
 .text.tu_edpt_stream_read_xfer
                0x10006ef4       0xdc CMakeFiles/enigma.dir/pico-sdk/lib/tinyusb/src/tusb.c.o
                0x10006ef4                tu_edpt_stream_read_xfer
 .text.tu_fifo_config
                0x10006fd0       0x6c CMakeFiles/enigma.dir/pico-sdk/lib/tinyusb/src/common/tusb_fifo.c.o
                0x10006fd0                tu_fifo_config
 .text.tu_fifo_count
                0x1000703c       0x2c CMakeFiles/enigma.dir/pico-sdk/lib/tinyusb/src/common/tusb_fifo.c.o
                0x1000703c                tu_fifo_count
 .text.tu_fifo_empty
                0x10007068       0x10 CMakeFiles/enigma.dir/pico-sdk/lib/tinyusb/src/common/tusb_fifo.c.o
                0x10007068                tu_fifo_empty
 .text.tu_fifo_remaining
                0x10007078       0x2c CMakeFiles/enigma.dir/pico-sdk/lib/tinyusb/src/common/tusb_fifo.c.o
                0x10007078                tu_fifo_remaining
 .text.tu_fifo_read
                0x100070a4       0x9c CMakeFiles/enigma.dir/pico-sdk/lib/tinyusb/src/common/tusb_fifo.c.o
                0x100070a4                tu_fifo_read
 .text.tu_fifo_read_n
                0x10007140       0xe8 CMakeFiles/enigma.dir/pico-sdk/lib/tinyusb/src/common/tusb_fifo.c.o
                0x10007140                tu_fifo_read_n
 .text.tu_fifo_write
                0x10007228       0xa8 CMakeFiles/enigma.dir/pico-sdk/lib/tinyusb/src/common/tusb_fifo.c.o
                0x10007228                tu_fifo_write
 .text.tu_fifo_write_n
                0x100072d0      0x178 CMakeFiles/enigma.dir/pico-sdk/lib/tinyusb/src/common/tusb_fifo.c.o
                0x100072d0                tu_fifo_write_n
 .text.tu_fifo_clear
                0x10007448       0x40 CMakeFiles/enigma.dir/pico-sdk/lib/tinyusb/src/common/tusb_fifo.c.o
                0x10007448                tu_fifo_clear
 .text.tu_fifo_set_overwritable
                0x10007488       0x48 CMakeFiles/enigma.dir/pico-sdk/lib/tinyusb/src/common/tusb_fifo.c.o
                0x10007488                tu_fifo_set_overwritable
 .text          0x100074d0       0xa8 /usr/lib/gcc/arm-none-eabi/13.2.1/../../../arm-none-eabi/lib/thumb/v6-m/nofp/libg.a(libc_a-sscanf.o)
                0x100074d0                sscanf
                0x10007524                _sscanf_r
 .text          0x10007578       0xc4 /usr/lib/gcc/arm-none-eabi/13.2.1/../../../arm-none-eabi/lib/thumb/v6-m/nofp/libg.a(libc_a-strchr.o)
                0x10007578                strchr
 .text          0x1000763c      0x1c4 /usr/lib/gcc/arm-none-eabi/13.2.1/../../../arm-none-eabi/lib/thumb/v6-m/nofp/libg.a(libc_a-fflush.o)
                0x1000763c                __sflush_r
                0x10007784                _fflush_r
                0x100077b0                fflush
 .text          0x10007800      0x168 /usr/lib/gcc/arm-none-eabi/13.2.1/../../../arm-none-eabi/lib/thumb/v6-m/nofp/libg.a(libc_a-setvbuf.o)
                0x10007800                setvbuf
 .text          0x10007968       0xc4 /usr/lib/gcc/arm-none-eabi/13.2.1/../../../arm-none-eabi/lib/thumb/v6-m/nofp/libg.a(libc_a-fgets.o)
                0x10007968                _fgets_r
                0x10007a14                fgets
 .text          0x10007a2c       0xa8 /usr/lib/gcc/arm-none-eabi/13.2.1/../../../arm-none-eabi/lib/thumb/v6-m/nofp/libg.a(libc_a-callocr.o)
                0x10007a2c                _calloc_r
 .text          0x10007ad4      0x5b4 /usr/lib/gcc/arm-none-eabi/13.2.1/../../../arm-none-eabi/lib/thumb/v6-m/nofp/libg.a(libc_a-mallocr.o)
                0x10007ad4                _malloc_r
 .text          0x10008088      0x288 /usr/lib/gcc/arm-none-eabi/13.2.1/../../../arm-none-eabi/lib/thumb/v6-m/nofp/libg.a(libc_a-freer.o)
                0x10008088                _malloc_trim_r
                0x1000813c                _free_r
 .text          0x10008310      0xfe0 /usr/lib/gcc/arm-none-eabi/13.2.1/../../../arm-none-eabi/lib/thumb/v6-m/nofp/libg.a(libc_a-svfscanf.o)
                0x10008310                __ssvfscanf_r
 .text          0x100092f0      0x190 /usr/lib/gcc/arm-none-eabi/13.2.1/../../../arm-none-eabi/lib/thumb/v6-m/nofp/libg.a(libc_a-strtol.o)
                0x10009448                _strtol_r
                0x10009450                strtol_l
                0x10009468                strtol
 .text          0x10009480       0x28 /usr/lib/gcc/arm-none-eabi/13.2.1/../../../arm-none-eabi/lib/thumb/v6-m/nofp/libg.a(libc_a-malloc.o)
                0x10009480                malloc
                0x10009494                free
 .text          0x100094a8       0x1c /usr/lib/gcc/arm-none-eabi/13.2.1/../../../arm-none-eabi/lib/thumb/v6-m/nofp/libg.a(libc_a-sysconf.o)
                0x100094a8                sysconf
 .text          0x100094c4       0xa8 /usr/lib/gcc/arm-none-eabi/13.2.1/../../../arm-none-eabi/lib/thumb/v6-m/nofp/libg.a(libc_a-stdio.o)
                0x100094c4                __sread
                0x100094ec                __seofread
                0x100094f0                __swrite
                0x10009530                __sseek
                0x10009560                __sclose
 .text          0x1000956c        0xc /usr/lib/gcc/arm-none-eabi/13.2.1/../../../arm-none-eabi/lib/thumb/v6-m/nofp/libg.a(libc_a-iswspace.o)
                0x1000956c                iswspace
 .text          0x10009578       0x94 /usr/lib/gcc/arm-none-eabi/13.2.1/../../../arm-none-eabi/lib/thumb/v6-m/nofp/libg.a(libc_a-mbrtowc.o)
                0x10009578                _mbrtowc_r
                0x100095c0                mbrtowc
 .text          0x1000960c      0x120 /usr/lib/gcc/arm-none-eabi/13.2.1/../../../arm-none-eabi/lib/thumb/v6-m/nofp/libg.a(libc_a-refill.o)
                0x1000962c                __srefill_r
 .text          0x1000972c      0x350 /usr/lib/gcc/arm-none-eabi/13.2.1/../../../arm-none-eabi/lib/thumb/v6-m/nofp/libg.a(libc_a-reallocr.o)
                0x1000972c                _realloc_r
 .text          0x10009a7c       0x28 /usr/lib/gcc/arm-none-eabi/13.2.1/../../../arm-none-eabi/lib/thumb/v6-m/nofp/libg.a(libc_a-writer.o)
                0x10009a7c                _write_r
 .text          0x10009aa4        0x8 /usr/lib/gcc/arm-none-eabi/13.2.1/../../../arm-none-eabi/lib/thumb/v6-m/nofp/libg.a(libc_a-mlock.o)
                0x10009aa4                __malloc_lock
                0x10009aa8                __malloc_unlock
 .text          0x10009aac      0x258 /usr/lib/gcc/arm-none-eabi/13.2.1/../../../arm-none-eabi/lib/thumb/v6-m/nofp/libg.a(libc_a-findfp.o)
                0x10009c08                __sfp
                0x10009ca8                __sinit
                0x10009ccc                __sfp_lock_acquire
                0x10009cd0                __sfp_lock_release
                0x10009cd4                __fp_lock_all
                0x10009cec                __fp_unlock_all
 .text          0x10009d04       0x40 /usr/lib/gcc/arm-none-eabi/13.2.1/../../../arm-none-eabi/lib/thumb/v6-m/nofp/libg.a(libc_a-scanf.o)
                0x10009d04                scanf
                0x10009d28                _scanf_r
 .text          0x10009d44       0x10 /usr/lib/gcc/arm-none-eabi/13.2.1/../../../arm-none-eabi/lib/thumb/v6-m/nofp/libg.a(libc_a-atexit.o)
                0x10009d44                atexit
 .text          0x10009d54     0x1050 /usr/lib/gcc/arm-none-eabi/13.2.1/../../../arm-none-eabi/lib/thumb/v6-m/nofp/libg.a(libc_a-vfscanf.o)
                0x10009d54                __svfscanf_r
                0x1000ad34                vfscanf
                0x1000ad64                __svfscanf
                0x1000ad7c                _vfscanf_r
 .text          0x1000ada4       0x5c /usr/lib/gcc/arm-none-eabi/13.2.1/../../../arm-none-eabi/lib/thumb/v6-m/nofp/libg.a(libc_a-strlen-stub.o)
                0x1000ada4                strlen
 .text          0x1000ae00      0xfe0 /usr/lib/gcc/arm-none-eabi/13.2.1/../../../arm-none-eabi/lib/thumb/v6-m/nofp/libg.a(libc_a-svfiscanf.o)
                0x1000ae00                _sungetc_r
                0x1000ae80                __ssrefill_r
                0x1000aec0                _sfread_r
                0x1000af7c                __ssvfiscanf_r
 .text          0x1000bde0       0x24 /usr/lib/gcc/arm-none-eabi/13.2.1/../../../arm-none-eabi/lib/thumb/v6-m/nofp/libg.a(libc_a-sbrkr.o)
                0x1000bde0                _sbrk_r
 .text          0x1000be04      0x164 /usr/lib/gcc/arm-none-eabi/13.2.1/../../../arm-none-eabi/lib/thumb/v6-m/nofp/libg.a(libc_a-ungetc.o)
                0x1000be04                __submore
                0x1000be88                _ungetc_r
                0x1000bf50                ungetc
 .text          0x1000bf68       0x24 /usr/lib/gcc/arm-none-eabi/13.2.1/../../../arm-none-eabi/lib/thumb/v6-m/nofp/libg.a(libc_a-closer.o)
                0x1000bf68                _close_r
 .text          0x1000bf8c       0x28 /usr/lib/gcc/arm-none-eabi/13.2.1/../../../arm-none-eabi/lib/thumb/v6-m/nofp/libg.a(libc_a-fini.o)
                0x1000bf8c                __libc_fini_array
 .text          0x1000bfb4        0x8 /usr/lib/gcc/arm-none-eabi/13.2.1/../../../arm-none-eabi/lib/thumb/v6-m/nofp/libg.a(libm_a-sf_nan.o)
                0x1000bfb4                nanf
 .text          0x1000bfbc      0x1d8 /usr/lib/gcc/arm-none-eabi/13.2.1/../../../arm-none-eabi/lib/thumb/v6-m/nofp/libg.a(libc_a-strtoll.o)
                0x1000c15c                _strtoll_r
                0x1000c164                strtoll_l
                0x1000c17c                strtoll
 .text          0x1000c194      0x198 /usr/lib/gcc/arm-none-eabi/13.2.1/../../../arm-none-eabi/lib/thumb/v6-m/nofp/libg.a(libc_a-fread.o)
                0x1000c194                _fread_r
                0x1000c30c                fread
 .text          0x1000c32c       0x80 /usr/lib/gcc/arm-none-eabi/13.2.1/../../../arm-none-eabi/lib/thumb/v6-m/nofp/libg.a(libc_a-sccl.o)
                0x1000c32c                __sccl
 .text          0x1000c3ac       0x74 /usr/lib/gcc/arm-none-eabi/13.2.1/../../../arm-none-eabi/lib/thumb/v6-m/nofp/libg.a(libc_a-memchr-stub.o)
                0x1000c3ac                memchr
 .text          0x1000c420       0x44 /usr/lib/gcc/arm-none-eabi/13.2.1/../../../arm-none-eabi/lib/thumb/v6-m/nofp/libg.a(libc_a-fwalk.o)
                0x1000c420                _fwalk_sglue
 .text          0x1000c464       0x14 /usr/lib/gcc/arm-none-eabi/13.2.1/../../../arm-none-eabi/lib/thumb/v6-m/nofp/libg.a(libc_a-localeconv.o)
                0x1000c464                __localeconv_l
                0x1000c468                _localeconv_r
                0x1000c470                localeconv
 .text          0x1000c478     0x10b8 /usr/lib/gcc/arm-none-eabi/13.2.1/../../../arm-none-eabi/lib/thumb/v6-m/nofp/libg.a(libc_a-strtod.o)
                0x1000c4a8                _strtod_l
                0x1000d360                _strtod_r
                0x1000d370                strtod_l
                0x1000d388                strtod
                0x1000d3a4                strtof_l
                0x1000d45c                strtof
 .text          0x1000d530      0x138 /usr/lib/gcc/arm-none-eabi/13.2.1/../../../arm-none-eabi/lib/thumb/v6-m/nofp/libg.a(libc_a-makebuf.o)
                0x1000d530                __smakebuf_r
                0x1000d610                __swhatbuf_r
 .text          0x1000d668       0x98 /usr/lib/gcc/arm-none-eabi/13.2.1/../../../arm-none-eabi/lib/thumb/v6-m/nofp/libg.a(libc_a-locale.o)
                0x1000d668                _setlocale_r
                0x1000d6ac                __locale_mb_cur_max
                0x1000d6bc                setlocale
 .text          0x1000d700       0x88 /usr/lib/gcc/arm-none-eabi/13.2.1/../../../arm-none-eabi/lib/thumb/v6-m/nofp/libg.a(libc_a-strcmp.o)
                0x1000d700                strcmp
 .text          0x1000d788      0x658 /usr/lib/gcc/arm-none-eabi/13.2.1/../../../arm-none-eabi/lib/thumb/v6-m/nofp/libg.a(libc_a-gdtoa-gethex.o)
                0x1000d838                __gethex
 .text          0x1000dde0      0x17c /usr/lib/gcc/arm-none-eabi/13.2.1/../../../arm-none-eabi/lib/thumb/v6-m/nofp/libg.a(libc_a-strtoul.o)
                0x1000df24                _strtoul_r
                0x1000df2c                strtoul_l
                0x1000df44                strtoul
 .text          0x1000df5c       0x44 /usr/lib/gcc/arm-none-eabi/13.2.1/../../../arm-none-eabi/lib/thumb/v6-m/nofp/libg.a(libc_a-mbtowc_r.o)
                0x1000df5c                _mbtowc_r
                0x1000df74                __ascii_mbtowc
 .text          0x1000dfa0       0x74 /usr/lib/gcc/arm-none-eabi/13.2.1/../../../arm-none-eabi/lib/thumb/v6-m/nofp/libg.a(libc_a-strncmp.o)
                0x1000dfa0                strncmp
 .text          0x1000e014       0xb0 /usr/lib/gcc/arm-none-eabi/13.2.1/../../../arm-none-eabi/lib/thumb/v6-m/nofp/libg.a(libc_a-memmove.o)
                0x1000e014                memmove
 .text          0x1000e0c4        0xc /usr/lib/gcc/arm-none-eabi/13.2.1/../../../arm-none-eabi/lib/thumb/v6-m/nofp/libg.a(libc_a-errno.o)
                0x1000e0c4                __errno
 .text          0x1000e0d0       0x18 /usr/lib/gcc/arm-none-eabi/13.2.1/../../../arm-none-eabi/lib/thumb/v6-m/nofp/libg.a(libc_a-iswspace_l.o)
                0x1000e0d0                iswspace_l
 .text          0x1000e0e8      0x1fc /usr/lib/gcc/arm-none-eabi/13.2.1/../../../arm-none-eabi/lib/thumb/v6-m/nofp/libg.a(libc_a-strtoull.o)
                0x1000e2ac                _strtoull_r
                0x1000e2b4                strtoull_l
                0x1000e2cc                strtoull
 .text          0x1000e2e4       0x28 /usr/lib/gcc/arm-none-eabi/13.2.1/../../../arm-none-eabi/lib/thumb/v6-m/nofp/libg.a(libc_a-readr.o)
                0x1000e2e4                _read_r
 .text          0x1000e30c       0xa4 /usr/lib/gcc/arm-none-eabi/13.2.1/../../../arm-none-eabi/lib/thumb/v6-m/nofp/libg.a(libc_a-fclose.o)
                0x1000e30c                _fclose_r
                0x1000e39c                fclose
 .text          0x1000e3b0       0x2c /usr/lib/gcc/arm-none-eabi/13.2.1/../../../arm-none-eabi/lib/thumb/v6-m/nofp/libg.a(libc_a-wctomb_r.o)
                0x1000e3b0                _wctomb_r
                0x1000e3c0                __ascii_wctomb
 .text          0x1000e3dc       0x28 /usr/lib/gcc/arm-none-eabi/13.2.1/../../../arm-none-eabi/lib/thumb/v6-m/nofp/libg.a(libc_a-lseekr.o)
                0x1000e3dc                _lseek_r
 .text          0x1000e404       0x78 /usr/lib/gcc/arm-none-eabi/13.2.1/../../../arm-none-eabi/lib/thumb/v6-m/nofp/libg.a(libc_a-__atexit.o)
                0x1000e404                __register_exitproc
 .text          0x1000e47c       0x28 /usr/lib/gcc/arm-none-eabi/13.2.1/../../../arm-none-eabi/lib/thumb/v6-m/nofp/libg.a(libc_a-fstatr.o)
                0x1000e47c                _fstat_r
 .text          0x1000e4a4       0x24 /usr/lib/gcc/arm-none-eabi/13.2.1/../../../arm-none-eabi/lib/thumb/v6-m/nofp/libg.a(libc_a-isattyr.o)
                0x1000e4a4                _isatty_r
 .text          0x1000e4c8      0x230 /usr/lib/gcc/arm-none-eabi/13.2.1/../../../arm-none-eabi/lib/thumb/v6-m/nofp/libg.a(libc_a-gdtoa-hexnan.o)
                0x1000e4c8                __match
                0x1000e4f4                __hexnan
 .text          0x1000e6f8        0xc /usr/lib/gcc/arm-none-eabi/13.2.1/../../../arm-none-eabi/lib/thumb/v6-m/nofp/libg.a(libm_a-s_nan.o)
                0x1000e6f8                nan
 .text          0x1000e704      0xb18 /usr/lib/gcc/arm-none-eabi/13.2.1/../../../arm-none-eabi/lib/thumb/v6-m/nofp/libg.a(libc_a-mprec.o)
                0x1000e704                _Balloc
                0x1000e754                _Bfree
                0x1000e768                __multadd
                0x1000e810                __s2b
                0x1000e8c0                __hi0bits
                0x1000e90c                __lo0bits
                0x1000e968                __i2b
                0x1000e9c8                __multiply
                0x1000eb74                __pow5mult
                0x1000ec44                __lshift
                0x1000ed40                __mcmp
                0x1000ed7c                __mdiff
                0x1000ef30                __ulp
                0x1000ef70                __b2d
                0x1000f028                __d2b
                0x1000f0f4                __ratio
                0x1000f15c                _mprec_log10
                0x1000f190                __copybits
                0x1000f1d0                __any_on
 .text.startup  0x1000f21c       0x18 /usr/lib/gcc/arm-none-eabi/13.2.1/../../../arm-none-eabi/lib/thumb/v6-m/nofp/libg.a(libc_a-__call_atexit.o)
 *(.fini)
 .fini          0x1000f234        0x4 /usr/lib/gcc/arm-none-eabi/13.2.1/thumb/v6-m/nofp/crti.o
                0x1000f234                _fini
 .fini.__stub   0x1000f238       0xc0 linker stubs
 *crtbegin.o(.ctors)
 *crtbegin?.o(.ctors)
 *(EXCLUDE_FILE(*crtend.o *crtend?.o) .ctors)
 *(SORT_BY_NAME(.ctors.*))
 *(.ctors)
 *crtbegin.o(.dtors)
 *crtbegin?.o(.dtors)
 *(EXCLUDE_FILE(*crtend.o *crtend?.o) .dtors)
 *(SORT_BY_NAME(.dtors.*))
 *(.dtors)
                0x1000f2f8                        . = ALIGN (0x4)
                0x1000f2f8                        PROVIDE (__preinit_array_start = .)
 *(SORT_BY_NAME(.preinit_array.*))
 .preinit_array.00100
                0x1000f2f8        0x4 CMakeFiles/enigma.dir/pico-sdk/src/rp2_common/pico_runtime_init/runtime_init.c.o
                0x1000f2f8                __pre_init_runtime_init_early_resets
 .preinit_array.00101
                0x1000f2fc        0x4 CMakeFiles/enigma.dir/pico-sdk/src/rp2_common/pico_runtime_init/runtime_init.c.o
                0x1000f2fc                __pre_init_runtime_init_usb_power_down
 .preinit_array.00275
                0x1000f300        0x4 CMakeFiles/enigma.dir/pico-sdk/src/rp2_common/pico_bit_ops/bit_ops_aeabi.S.o
 .preinit_array.00300
                0x1000f304        0x4 CMakeFiles/enigma.dir/pico-sdk/src/rp2_common/pico_mem_ops/mem_ops_aeabi.S.o
 .preinit_array.00350
                0x1000f308        0x4 CMakeFiles/enigma.dir/pico-sdk/src/rp2_common/pico_double/double_aeabi_rp2040.S.o
 .preinit_array.00350
                0x1000f30c        0x4 CMakeFiles/enigma.dir/pico-sdk/src/rp2_common/pico_float/float_aeabi_rp2040.S.o
 .preinit_array.00500
                0x1000f310        0x4 CMakeFiles/enigma.dir/pico-sdk/src/rp2_common/pico_runtime_init/runtime_init.c.o
                0x1000f310                __pre_init_runtime_init_clocks
 .preinit_array.00600
                0x1000f314        0x4 CMakeFiles/enigma.dir/pico-sdk/src/rp2_common/pico_runtime_init/runtime_init.c.o
                0x1000f314                __pre_init_runtime_init_post_clock_resets
 .preinit_array.00700
                0x1000f318        0x4 CMakeFiles/enigma.dir/pico-sdk/src/rp2_common/pico_runtime_init/runtime_init.c.o
                0x1000f318                __pre_init_runtime_init_rp2040_gpio_ie_disable
 .preinit_array.01000
                0x1000f31c        0x4 CMakeFiles/enigma.dir/pico-sdk/src/rp2_common/pico_runtime_init/runtime_init.c.o
                0x1000f31c                __pre_init_runtime_init_spin_locks_reset
 .preinit_array.01100
                0x1000f320        0x4 CMakeFiles/enigma.dir/pico-sdk/src/common/pico_sync/mutex.c.o
                0x1000f320                __pre_init_runtime_init_mutex
 .preinit_array.10080
                0x1000f324        0x4 CMakeFiles/enigma.dir/pico-sdk/src/rp2_common/pico_runtime_init/runtime_init.c.o
                0x1000f324                __pre_init_runtime_init_install_ram_vector_table
 .preinit_array.11000
                0x1000f328        0x4 CMakeFiles/enigma.dir/pico-sdk/src/common/pico_time/time.c.o
                0x1000f328                __pre_init_runtime_init_default_alarm_pool
 .preinit_array.YYYYY
                0x1000f32c        0x4 CMakeFiles/enigma.dir/pico-sdk/src/rp2_common/pico_runtime/runtime.c.o
                0x1000f32c                __pre_init_first_per_core_initializer
 .preinit_array.ZZZZZ.01200
                0x1000f330        0x4 CMakeFiles/enigma.dir/pico-sdk/src/rp2_common/hardware_irq/irq.c.o
                0x1000f330                __pre_init_runtime_init_per_core_irq_priorities
 *(.preinit_array)
                0x1000f334                        PROVIDE (__preinit_array_end = .)
                0x1000f334                        . = ALIGN (0x4)
                0x1000f334                        PROVIDE (__init_array_start = .)
 *(SORT_BY_NAME(.init_array.*))
 .init_array.00000
                0x1000f334        0x4 /usr/lib/gcc/arm-none-eabi/13.2.1/../../../arm-none-eabi/lib/thumb/v6-m/nofp/libg.a(libc_a-__call_atexit.o)
 *(.init_array)
 .init_array    0x1000f338        0x4 /usr/lib/gcc/arm-none-eabi/13.2.1/thumb/v6-m/nofp/crtbegin.o
 .init_array    0x1000f33c        0x4 CMakeFiles/enigma.dir/pico-sdk/src/rp2_common/pico_unique_id/unique_id.c.o
                0x1000f340                        PROVIDE (__init_array_end = .)
                0x1000f340                        . = ALIGN (0x4)
                0x1000f340                        PROVIDE (__fini_array_start = .)
 *(SORT_BY_NAME(.fini_array.*))
 *(.fini_array)
                0x1000f340                        PROVIDE (__fini_array_end = .)
 *(.eh_frame*)
 .eh_frame      0x1000f340        0x0 /usr/lib/gcc/arm-none-eabi/13.2.1/thumb/v6-m/nofp/crtbegin.o
                0x1000f340                        . = ALIGN (0x4)

.glue_7         0x1000f340        0x0
 .glue_7        0x1000f340        0x0 linker stubs

.glue_7t        0x1000f340        0x0
 .glue_7t       0x1000f340        0x0 linker stubs

.vfp11_veneer   0x1000f340        0x0
 .vfp11_veneer  0x1000f340        0x0 linker stubs

.v4_bx          0x1000f340        0x0
 .v4_bx         0x1000f340        0x0 linker stubs

.iplt           0x1000f340        0x0
 .iplt          0x1000f340        0x0 /usr/lib/gcc/arm-none-eabi/13.2.1/thumb/v6-m/nofp/crtbegin.o

.rodata         0x1000f340     0x1f00
 *(EXCLUDE_FILE(*libm.a: *libc.a:*lib_a-mem*.o *libgcc.a:) .rodata*)
 .rodata.main.str1.4
                0x1000f340      0x8b9 CMakeFiles/enigma.dir/Enigma2.0/src/main.c.o
                                0x391 (size before relaxing)
 *fill*         0x1000fbf9        0x3 
 .rodata.main   0x1000fbfc       0x44 CMakeFiles/enigma.dir/Enigma2.0/src/main.c.o
 .rodata.get_menu_choice.str1.4
                0x1000fc40        0x3 CMakeFiles/enigma.dir/Enigma2.0/src/functions.c.o
 .rodata.reset_rotors.str1.4
                0x1000fc40       0x22 CMakeFiles/enigma.dir/Enigma2.0/src/functions.c.o
 .rodata.setup_leds.str1.4
                0x1000fc40       0x15 CMakeFiles/enigma.dir/Enigma2.0/src/functions.c.o
 .rodata.set_rotor_order.str1.4
                0x1000fc40       0x1e CMakeFiles/enigma.dir/Enigma2.0/src/functions.c.o
 .rodata.set_ring_settings.str1.4
                0x1000fc40       0x91 CMakeFiles/enigma.dir/Enigma2.0/src/functions.c.o
 .rodata.load_config.str1.4
                0x1000fc40       0x2a CMakeFiles/enigma.dir/Enigma2.0/src/functions.c.o
 .rodata.save_config.str1.4
                0x1000fc40       0x27 CMakeFiles/enigma.dir/Enigma2.0/src/functions.c.o
 .rodata.set_plugboard.str1.4
                0x1000fc40       0x89 CMakeFiles/enigma.dir/Enigma2.0/src/plugboard.c.o
 .rodata.greet_user.str1.4
                0x1000fc40       0x26 CMakeFiles/enigma.dir/Enigma2.0/src/ui_functions.c.o
 .rodata.print_banners.str1.4
                0x1000fc40       0x81 CMakeFiles/enigma.dir/Enigma2.0/src/ui_functions.c.o
 .rodata.print_menu.str1.4
                0x1000fc40       0xf4 CMakeFiles/enigma.dir/Enigma2.0/src/ui_functions.c.o
 .rodata.REFLECTOR_B
                0x1000fc40       0x68 CMakeFiles/enigma.dir/Enigma2.0/src/rotors.c.o
 .rodata.ROTOR_NOTCHES
                0x1000fca8       0x14 CMakeFiles/enigma.dir/Enigma2.0/src/rotors.c.o
 .rodata.ROTORS
                0x1000fcbc      0x208 CMakeFiles/enigma.dir/Enigma2.0/src/rotors.c.o
 .rodata.panic.str1.4
                0x1000fec4       0x12 CMakeFiles/enigma.dir/pico-sdk/src/rp2_common/pico_platform_panic/panic.c.o
 .rodata.spin_lock_claim_unused.str1.4
                0x1000fec4       0x1b CMakeFiles/enigma.dir/pico-sdk/src/rp2_common/hardware_sync/sync.c.o
 .rodata.user_irq_claim_unused.str1.4
                0x1000fec4       0x1b CMakeFiles/enigma.dir/pico-sdk/src/rp2_common/hardware_irq/irq.c.o
 *fill*         0x1000fec4        0x4 
 .rodata.at_the_end_of_time
                0x1000fec8        0x8 CMakeFiles/enigma.dir/pico-sdk/src/common/pico_time/time.c.o
                0x1000fec8                at_the_end_of_time
 .rodata.timer_hardware_alarm_claim.str1.4
                0x1000fed0       0x22 CMakeFiles/enigma.dir/pico-sdk/src/rp2_common/hardware_timer/timer.c.o
 .rodata.hard_assertion_failure.str1.4
                0x1000fed0        0xc CMakeFiles/enigma.dir/pico-sdk/src/rp2_common/pico_runtime/runtime.c.o
 .rodata.__wrap_malloc.str1.4
                0x1000fed0        0xe CMakeFiles/enigma.dir/pico-sdk/src/rp2_common/pico_malloc/malloc.c.o
 .rodata.str1.4
                0x1000fed0       0x3c CMakeFiles/enigma.dir/pico-sdk/src/rp2_common/pico_standard_binary_info/standard_binary_info.c.o
 .rodata.__bi_84
                0x1000fed0        0xc CMakeFiles/enigma.dir/pico-sdk/src/rp2_common/pico_standard_binary_info/standard_binary_info.c.o
 .rodata.__bi_78
                0x1000fedc        0xc CMakeFiles/enigma.dir/pico-sdk/src/rp2_common/pico_standard_binary_info/standard_binary_info.c.o
 .rodata.__bi_54
                0x1000fee8        0xc CMakeFiles/enigma.dir/pico-sdk/src/rp2_common/pico_standard_binary_info/standard_binary_info.c.o
 .rodata.__bi_48
                0x1000fef4        0xc CMakeFiles/enigma.dir/pico-sdk/src/rp2_common/pico_standard_binary_info/standard_binary_info.c.o
 .rodata.__bi_42
                0x1000ff00        0xc CMakeFiles/enigma.dir/pico-sdk/src/rp2_common/pico_standard_binary_info/standard_binary_info.c.o
 .rodata.__bi_34
                0x1000ff0c        0xc CMakeFiles/enigma.dir/pico-sdk/src/rp2_common/pico_standard_binary_info/standard_binary_info.c.o
 .rodata.__bi_26
                0x1000ff18        0xc CMakeFiles/enigma.dir/pico-sdk/src/rp2_common/pico_standard_binary_info/standard_binary_info.c.o
 .rodata._ftoa.str1.4
                0x1000ff24       0x15 CMakeFiles/enigma.dir/pico-sdk/src/rp2_common/pico_printf/printf.c.o
 .rodata._vsnprintf
                0x1000ff24      0x19c CMakeFiles/enigma.dir/pico-sdk/src/rp2_common/pico_printf/printf.c.o
 .rodata.pow10.0
                0x100100c0       0x50 CMakeFiles/enigma.dir/pico-sdk/src/rp2_common/pico_printf/printf.c.o
 .rodata.__assert_func.str1.4
                0x10010110       0x43 CMakeFiles/enigma.dir/pico-sdk/src/rp2_common/pico_clib_interface/newlib_interface.c.o
 .rodata.crlf_str.0
                0x10010110        0x2 CMakeFiles/enigma.dir/pico-sdk/src/rp2_common/pico_stdio/stdio.c.o
 *fill*         0x10010112        0x2 
 .rodata._resetd_driver
                0x10010114       0x20 CMakeFiles/enigma.dir/pico-sdk/src/rp2_common/pico_stdio_usb/reset_interface.c.o
 .rodata.desc_ms_os_20
                0x10010134       0xa6 CMakeFiles/enigma.dir/pico-sdk/src/rp2_common/pico_stdio_usb/reset_interface.c.o
 *fill*         0x100101da        0x2 
 .rodata.desc_bos
                0x100101dc       0x21 CMakeFiles/enigma.dir/pico-sdk/src/rp2_common/pico_stdio_usb/reset_interface.c.o
                0x100101dc                desc_bos
 .rodata.str1.4
                0x100101fd       0x13 CMakeFiles/enigma.dir/pico-sdk/src/rp2_common/pico_stdio_usb/stdio_usb.c.o
 *fill*         0x100101fd        0x3 
 .rodata.__bi_197.0
                0x10010200        0xc CMakeFiles/enigma.dir/pico-sdk/src/rp2_common/pico_stdio_usb/stdio_usb.c.o
 .rodata.str1.4
                0x1001020c       0x2a CMakeFiles/enigma.dir/pico-sdk/src/rp2_common/pico_stdio_usb/stdio_usb_descriptors.c.o
 .rodata.usbd_desc_str
                0x1001020c       0x18 CMakeFiles/enigma.dir/pico-sdk/src/rp2_common/pico_stdio_usb/stdio_usb_descriptors.c.o
 .rodata.usbd_desc_cfg
                0x10010224       0x54 CMakeFiles/enigma.dir/pico-sdk/src/rp2_common/pico_stdio_usb/stdio_usb_descriptors.c.o
 .rodata.usbd_desc_device
                0x10010278       0x12 CMakeFiles/enigma.dir/pico-sdk/src/rp2_common/pico_stdio_usb/stdio_usb_descriptors.c.o
 .rodata.str1.4
                0x1001028a       0x14 CMakeFiles/enigma.dir/pico-sdk/lib/tinyusb/src/portable/raspberrypi/rp2040/dcd_rp2040.c.o
 .rodata.str1.4
                0x1001028a       0x48 CMakeFiles/enigma.dir/pico-sdk/lib/tinyusb/src/portable/raspberrypi/rp2040/rp2040_usb.c.o
 *fill*         0x1001028a        0x2 
 .rodata.tud_task_ext
                0x1001028c       0x8c CMakeFiles/enigma.dir/pico-sdk/lib/tinyusb/src/device/usbd.c.o
 .rodata        0x10010318       0x1c CMakeFiles/enigma.dir/pico-sdk/lib/tinyusb/src/device/usbd.c.o
 .rodata._usbd_driver
                0x10010334       0x40 CMakeFiles/enigma.dir/pico-sdk/lib/tinyusb/src/device/usbd.c.o
 .rodata.str1.4
                0x10010374        0x9 /usr/lib/gcc/arm-none-eabi/13.2.1/../../../arm-none-eabi/lib/thumb/v6-m/nofp/libg.a(libc_a-svfscanf.o)
 .rodata        0x10010374      0x3e6 /usr/lib/gcc/arm-none-eabi/13.2.1/../../../arm-none-eabi/lib/thumb/v6-m/nofp/libg.a(libc_a-svfscanf.o)
 .rodata.str1.4
                0x1001075a        0x1 /usr/lib/gcc/arm-none-eabi/13.2.1/../../../arm-none-eabi/lib/thumb/v6-m/nofp/libg.a(libc_a-mbrtowc.o)
 *fill*         0x1001075a        0x2 
 .rodata        0x1001075c      0x101 /usr/lib/gcc/arm-none-eabi/13.2.1/../../../arm-none-eabi/lib/thumb/v6-m/nofp/libg.a(libc_a-ctype_.o)
                0x1001075c                _ctype_
 .rodata.str1.4
                0x1001085d        0x9 /usr/lib/gcc/arm-none-eabi/13.2.1/../../../arm-none-eabi/lib/thumb/v6-m/nofp/libg.a(libc_a-vfscanf.o)
 *fill*         0x1001085d        0x3 
 .rodata        0x10010860      0x3e6 /usr/lib/gcc/arm-none-eabi/13.2.1/../../../arm-none-eabi/lib/thumb/v6-m/nofp/libg.a(libc_a-vfscanf.o)
 *fill*         0x10010c46        0x2 
 .rodata        0x10010c48      0x2aa /usr/lib/gcc/arm-none-eabi/13.2.1/../../../arm-none-eabi/lib/thumb/v6-m/nofp/libg.a(libc_a-svfiscanf.o)
 .rodata.str1.4
                0x10010ef2       0x15 /usr/lib/gcc/arm-none-eabi/13.2.1/../../../arm-none-eabi/lib/thumb/v6-m/nofp/libg.a(libc_a-strtod.o)
 *fill*         0x10010ef2        0x6 
 .rodata        0x10010ef8      0x120 /usr/lib/gcc/arm-none-eabi/13.2.1/../../../arm-none-eabi/lib/thumb/v6-m/nofp/libg.a(libc_a-strtod.o)
 .rodata.str1.4
                0x10011018       0x12 /usr/lib/gcc/arm-none-eabi/13.2.1/../../../arm-none-eabi/lib/thumb/v6-m/nofp/libg.a(libc_a-locale.o)
 .rodata.str1.4
                0x10011018       0x4c /usr/lib/gcc/arm-none-eabi/13.2.1/../../../arm-none-eabi/lib/thumb/v6-m/nofp/libg.a(libc_a-gdtoa-gethex.o)
 .rodata        0x10011018      0x100 /usr/lib/gcc/arm-none-eabi/13.2.1/../../../arm-none-eabi/lib/thumb/v6-m/nofp/libg.a(libc_a-gdtoa-gethex.o)
                0x10011018                __hexdig
 .rodata.str1.4
                0x10011118       0x41 /usr/lib/gcc/arm-none-eabi/13.2.1/../../../arm-none-eabi/lib/thumb/v6-m/nofp/libg.a(libc_a-mprec.o)
 .rodata        0x10011118      0x128 /usr/lib/gcc/arm-none-eabi/13.2.1/../../../arm-none-eabi/lib/thumb/v6-m/nofp/libg.a(libc_a-mprec.o)
                0x10011128                __mprec_tinytens
                0x10011150                __mprec_bigtens
                0x10011178                __mprec_tens
                0x10011240                        . = ALIGN (0x4)
 *(SORT_BY_ALIGNMENT(SORT_BY_NAME(.flashdata*)))
                0x10011240                        . = ALIGN (0x4)

.ARM.extab
 *(.ARM.extab* .gnu.linkonce.armextab.*)
                0x10011240                        __exidx_start = .

.ARM.exidx
 *(.ARM.exidx* .gnu.linkonce.armexidx.*)
                0x10011240                        __exidx_end = .
                0x10011240                        . = ALIGN (0x4)
                0x10011240                        __binary_info_start = .

.binary_info    0x10011240       0x20
 *(.binary_info.keep.*)
 .binary_info.keep.__bi_ptr84
                0x10011240        0x4 CMakeFiles/enigma.dir/pico-sdk/src/rp2_common/pico_standard_binary_info/standard_binary_info.c.o
 .binary_info.keep.__bi_ptr78
                0x10011244        0x4 CMakeFiles/enigma.dir/pico-sdk/src/rp2_common/pico_standard_binary_info/standard_binary_info.c.o
 .binary_info.keep.__bi_ptr54
                0x10011248        0x4 CMakeFiles/enigma.dir/pico-sdk/src/rp2_common/pico_standard_binary_info/standard_binary_info.c.o
 .binary_info.keep.__bi_ptr48
                0x1001124c        0x4 CMakeFiles/enigma.dir/pico-sdk/src/rp2_common/pico_standard_binary_info/standard_binary_info.c.o
 .binary_info.keep.__bi_ptr42
                0x10011250        0x4 CMakeFiles/enigma.dir/pico-sdk/src/rp2_common/pico_standard_binary_info/standard_binary_info.c.o
 .binary_info.keep.__bi_ptr34
                0x10011254        0x4 CMakeFiles/enigma.dir/pico-sdk/src/rp2_common/pico_standard_binary_info/standard_binary_info.c.o
 .binary_info.keep.__bi_ptr26
                0x10011258        0x4 CMakeFiles/enigma.dir/pico-sdk/src/rp2_common/pico_standard_binary_info/standard_binary_info.c.o
 *(.binary_info.*)
 .binary_info.__bi_ptr197
                0x1001125c        0x4 CMakeFiles/enigma.dir/pico-sdk/src/rp2_common/pico_stdio_usb/stdio_usb.c.o
                0x10011260                        __binary_info_end = .

.rel.dyn        0x10011260        0x0
 .rel.iplt      0x10011260        0x0 /usr/lib/gcc/arm-none-eabi/13.2.1/thumb/v6-m/nofp/crtbegin.o
                0x10011260                        . = ALIGN (0x4)

.ram_vector_table
                0x20000000       0xc0
 *(.ram_vector_table)
 .ram_vector_table
                0x20000000       0xc0 CMakeFiles/enigma.dir/pico-sdk/src/rp2_common/pico_runtime_init/runtime_init.c.o
                0x20000000                ram_vector_table

.uninitialized_data
                0x200000c0        0x0
                0x200000c0                        . = ALIGN (0x4)
 *(.uninitialized_data*)

.data           0x200000c0     0x1610 load address 0x10011260
                0x200000c0                        __data_start__ = .
 *(vtable)
 *(.time_critical*)
 .time_critical.mutex_try_enter
                0x200000c0       0x40 CMakeFiles/enigma.dir/pico-sdk/src/common/pico_sync/mutex.c.o
                0x200000c0                mutex_try_enter
 .time_critical.mutex_try_enter_block_until
                0x20000100       0x9c CMakeFiles/enigma.dir/pico-sdk/src/common/pico_sync/mutex.c.o
                0x20000100                mutex_try_enter_block_until
 .time_critical.mutex_enter_timeout_ms
                0x2000019c       0x90 CMakeFiles/enigma.dir/pico-sdk/src/common/pico_sync/mutex.c.o
                0x2000019c                mutex_enter_timeout_ms
 .time_critical.mutex_exit
                0x2000022c       0x28 CMakeFiles/enigma.dir/pico-sdk/src/common/pico_sync/mutex.c.o
                0x2000022c                mutex_exit
 .time_critical.flash_init_boot2_copyout
                0x20000254       0x30 CMakeFiles/enigma.dir/pico-sdk/src/rp2_common/hardware_flash/flash.c.o
 .time_critical.flash_enable_xip_via_boot2
                0x20000284        0xc CMakeFiles/enigma.dir/pico-sdk/src/rp2_common/hardware_flash/flash.c.o
 .time_critical.flash_cs_force
                0x20000290       0x38 CMakeFiles/enigma.dir/pico-sdk/src/rp2_common/hardware_flash/flash.c.o
 .time_critical.flash_do_cmd
                0x200002c8       0xc0 CMakeFiles/enigma.dir/pico-sdk/src/rp2_common/hardware_flash/flash.c.o
                0x200002c8                flash_do_cmd
 .time_critical.reset_non_control_endpoints
                0x20000388       0x68 CMakeFiles/enigma.dir/pico-sdk/lib/tinyusb/src/portable/raspberrypi/rp2040/dcd_rp2040.c.o
 .time_critical.hw_handle_buff_status
                0x200003f0       0xa0 CMakeFiles/enigma.dir/pico-sdk/lib/tinyusb/src/portable/raspberrypi/rp2040/dcd_rp2040.c.o
 .time_critical.dcd_rp2040_irq
                0x20000490      0x544 CMakeFiles/enigma.dir/pico-sdk/lib/tinyusb/src/portable/raspberrypi/rp2040/dcd_rp2040.c.o
 .time_critical.prepare_ep_buffer
                0x200009d4       0xe0 CMakeFiles/enigma.dir/pico-sdk/lib/tinyusb/src/portable/raspberrypi/rp2040/rp2040_usb.c.o
 .time_critical.sync_ep_buffer
                0x20000ab4       0xa8 CMakeFiles/enigma.dir/pico-sdk/lib/tinyusb/src/portable/raspberrypi/rp2040/rp2040_usb.c.o
 .time_critical._hw_endpoint_xfer_sync
                0x20000b5c       0x28 CMakeFiles/enigma.dir/pico-sdk/lib/tinyusb/src/portable/raspberrypi/rp2040/rp2040_usb.c.o
 .time_critical.e15_is_bulkin_ep
                0x20000b84       0x28 CMakeFiles/enigma.dir/pico-sdk/lib/tinyusb/src/portable/raspberrypi/rp2040/rp2040_usb.c.o
 .time_critical.e15_is_critical_frame_period
                0x20000bac       0x34 CMakeFiles/enigma.dir/pico-sdk/lib/tinyusb/src/portable/raspberrypi/rp2040/rp2040_usb.c.o
 .time_critical.hw_endpoint_reset_transfer
                0x20000be0        0xc CMakeFiles/enigma.dir/pico-sdk/lib/tinyusb/src/portable/raspberrypi/rp2040/rp2040_usb.c.o
                0x20000be0                hw_endpoint_reset_transfer
 .time_critical._hw_endpoint_buffer_control_update32
                0x20000bec       0x50 CMakeFiles/enigma.dir/pico-sdk/lib/tinyusb/src/portable/raspberrypi/rp2040/rp2040_usb.c.o
                0x20000bec                _hw_endpoint_buffer_control_update32
 .time_critical.hw_endpoint_start_next_buffer
                0x20000c3c       0x6c CMakeFiles/enigma.dir/pico-sdk/lib/tinyusb/src/portable/raspberrypi/rp2040/rp2040_usb.c.o
                0x20000c3c                hw_endpoint_start_next_buffer
 .time_critical.hw_endpoint_xfer_continue
                0x20000ca8       0x40 CMakeFiles/enigma.dir/pico-sdk/lib/tinyusb/src/portable/raspberrypi/rp2040/rp2040_usb.c.o
                0x20000ca8                hw_endpoint_xfer_continue
 .time_critical.tinyusb
                0x20000ce8      0x1e4 CMakeFiles/enigma.dir/pico-sdk/lib/tinyusb/src/device/usbd.c.o
                0x20000ce8                dcd_event_handler
 *(.text*)
 .text          0x20000ecc        0x4 /usr/lib/gcc/arm-none-eabi/13.2.1/thumb/v6-m/nofp/libgcc.a(_dvmd_tls.o)
                0x20000ecc                __aeabi_ldiv0
                0x20000ecc                __aeabi_idiv0
 .text.__stub   0x20000ed0       0x80 linker stubs
                0x20000f50                        . = ALIGN (0x4)
 *(.rodata*)
                0x20000f50                        . = ALIGN (0x4)
 *(.data*)
 .data.striped_spin_lock_num
                0x20000f50        0x1 CMakeFiles/enigma.dir/pico-sdk/src/rp2_common/hardware_sync/sync.c.o
 *fill*         0x20000f51        0x3 
 .data          0x20000f54       0x48 CMakeFiles/enigma.dir/pico-sdk/src/rp2_common/hardware_irq/irq_handler_chain.S.o
                0x20000f54                irq_handler_chain_slots
                0x20000f84                irq_handler_chain_first_slot
                0x20000f8e                irq_handler_chain_remove_tail
 .data.default_alarm_pool
                0x20000f9c       0x18 CMakeFiles/enigma.dir/pico-sdk/src/common/pico_time/time.c.o
 *fill*         0x20000fb4        0xc 
 .data.aeabi_bits_funcs
                0x20000fc0       0x10 CMakeFiles/enigma.dir/pico-sdk/src/rp2_common/pico_bit_ops/bit_ops_aeabi.S.o
                0x20000fc0                aeabi_bits_funcs
                0x20000fd0                aeabi_bits_funcs_end
 .data.aeabi_mem_funcs
                0x20000fd0       0x10 CMakeFiles/enigma.dir/pico-sdk/src/rp2_common/pico_mem_ops/mem_ops_aeabi.S.o
                0x20000fd0                aeabi_mem_funcs
                0x20000fe0                aeabi_mem_funcs_end
 .data.stdio_usb
                0x20000fe0       0x18 CMakeFiles/enigma.dir/pico-sdk/src/rp2_common/pico_stdio_usb/stdio_usb.c.o
                0x20000fe0                stdio_usb
 .data._usbd_qdef
                0x20000ff8       0x1c CMakeFiles/enigma.dir/pico-sdk/lib/tinyusb/src/device/usbd.c.o
                0x20000ff8                _usbd_qdef
 .data._usbd_rhport
                0x20001014        0x1 CMakeFiles/enigma.dir/pico-sdk/lib/tinyusb/src/device/usbd.c.o
 *fill*         0x20001015        0x3 
 .data          0x20001018      0x128 /usr/lib/gcc/arm-none-eabi/13.2.1/../../../arm-none-eabi/lib/thumb/v6-m/nofp/libg.a(libc_a-impure.o)
                0x20001018                _impure_ptr
                0x20001020                _impure_data
 .data          0x20001140      0x410 /usr/lib/gcc/arm-none-eabi/13.2.1/../../../arm-none-eabi/lib/thumb/v6-m/nofp/libg.a(libc_a-mallocr.o)
                0x20001140                __malloc_sbrk_base
                0x20001144                __malloc_trim_threshold